Archive member included to satisfy reference by file (symbol)

c:/st/stm32cubeide_1.4.0/stm32cubeide/plugins/com.st.stm32cube.ide.mcu.externaltools.gnu-tools-for-stm32.7-2018-q2-update.win32_1.4.0.202007081208/tools/bin/../lib/gcc/arm-none-eabi/7.3.1/../../../../arm-none-eabi/lib/thumb/v7-m\libc_nano.a(lib_a-exit.o)
                              c:/st/stm32cubeide_1.4.0/stm32cubeide/plugins/com.st.stm32cube.ide.mcu.externaltools.gnu-tools-for-stm32.7-2018-q2-update.win32_1.4.0.202007081208/tools/bin/../lib/gcc/arm-none-eabi/7.3.1/../../../../arm-none-eabi/lib/thumb/v7-m/crt0.o (exit)
c:/st/stm32cubeide_1.4.0/stm32cubeide/plugins/com.st.stm32cube.ide.mcu.externaltools.gnu-tools-for-stm32.7-2018-q2-update.win32_1.4.0.202007081208/tools/bin/../lib/gcc/arm-none-eabi/7.3.1/../../../../arm-none-eabi/lib/thumb/v7-m\libc_nano.a(lib_a-impure.o)
                              c:/st/stm32cubeide_1.4.0/stm32cubeide/plugins/com.st.stm32cube.ide.mcu.externaltools.gnu-tools-for-stm32.7-2018-q2-update.win32_1.4.0.202007081208/tools/bin/../lib/gcc/arm-none-eabi/7.3.1/../../../../arm-none-eabi/lib/thumb/v7-m\libc_nano.a(lib_a-exit.o) (_global_impure_ptr)
c:/st/stm32cubeide_1.4.0/stm32cubeide/plugins/com.st.stm32cube.ide.mcu.externaltools.gnu-tools-for-stm32.7-2018-q2-update.win32_1.4.0.202007081208/tools/bin/../lib/gcc/arm-none-eabi/7.3.1/../../../../arm-none-eabi/lib/thumb/v7-m\libc_nano.a(lib_a-init.o)
                              c:/st/stm32cubeide_1.4.0/stm32cubeide/plugins/com.st.stm32cube.ide.mcu.externaltools.gnu-tools-for-stm32.7-2018-q2-update.win32_1.4.0.202007081208/tools/bin/../lib/gcc/arm-none-eabi/7.3.1/../../../../arm-none-eabi/lib/thumb/v7-m/crt0.o (__libc_init_array)
c:/st/stm32cubeide_1.4.0/stm32cubeide/plugins/com.st.stm32cube.ide.mcu.externaltools.gnu-tools-for-stm32.7-2018-q2-update.win32_1.4.0.202007081208/tools/bin/../lib/gcc/arm-none-eabi/7.3.1/../../../../arm-none-eabi/lib/thumb/v7-m\libc_nano.a(lib_a-memset.o)
                              c:/st/stm32cubeide_1.4.0/stm32cubeide/plugins/com.st.stm32cube.ide.mcu.externaltools.gnu-tools-for-stm32.7-2018-q2-update.win32_1.4.0.202007081208/tools/bin/../lib/gcc/arm-none-eabi/7.3.1/../../../../arm-none-eabi/lib/thumb/v7-m/crt0.o (memset)
c:/st/stm32cubeide_1.4.0/stm32cubeide/plugins/com.st.stm32cube.ide.mcu.externaltools.gnu-tools-for-stm32.7-2018-q2-update.win32_1.4.0.202007081208/tools/bin/../lib/gcc/arm-none-eabi/7.3.1/thumb/v7-m\libgcc.a(_arm_addsubdf3.o)
                              Src/USART_program.o (__aeabi_ui2d)
c:/st/stm32cubeide_1.4.0/stm32cubeide/plugins/com.st.stm32cube.ide.mcu.externaltools.gnu-tools-for-stm32.7-2018-q2-update.win32_1.4.0.202007081208/tools/bin/../lib/gcc/arm-none-eabi/7.3.1/thumb/v7-m\libgcc.a(_arm_muldivdf3.o)
                              Src/USART_program.o (__aeabi_dmul)
c:/st/stm32cubeide_1.4.0/stm32cubeide/plugins/com.st.stm32cube.ide.mcu.externaltools.gnu-tools-for-stm32.7-2018-q2-update.win32_1.4.0.202007081208/tools/bin/../lib/gcc/arm-none-eabi/7.3.1/thumb/v7-m\libgcc.a(_arm_fixunsdfsi.o)
                              Src/USART_program.o (__aeabi_d2uiz)
c:/st/stm32cubeide_1.4.0/stm32cubeide/plugins/com.st.stm32cube.ide.mcu.externaltools.gnu-tools-for-stm32.7-2018-q2-update.win32_1.4.0.202007081208/tools/bin/../lib/gcc/arm-none-eabi/7.3.1/thumb/v7-m\libgcc.a(_arm_addsubsf3.o)
                              Src/STK_program.o (__aeabi_ui2f)
c:/st/stm32cubeide_1.4.0/stm32cubeide/plugins/com.st.stm32cube.ide.mcu.externaltools.gnu-tools-for-stm32.7-2018-q2-update.win32_1.4.0.202007081208/tools/bin/../lib/gcc/arm-none-eabi/7.3.1/thumb/v7-m\libgcc.a(_arm_muldivsf3.o)
                              Src/STK_program.o (__aeabi_fdiv)
c:/st/stm32cubeide_1.4.0/stm32cubeide/plugins/com.st.stm32cube.ide.mcu.externaltools.gnu-tools-for-stm32.7-2018-q2-update.win32_1.4.0.202007081208/tools/bin/../lib/gcc/arm-none-eabi/7.3.1/../../../../arm-none-eabi/lib/thumb/v7-m\libnosys.a(_exit.o)
                              c:/st/stm32cubeide_1.4.0/stm32cubeide/plugins/com.st.stm32cube.ide.mcu.externaltools.gnu-tools-for-stm32.7-2018-q2-update.win32_1.4.0.202007081208/tools/bin/../lib/gcc/arm-none-eabi/7.3.1/../../../../arm-none-eabi/lib/thumb/v7-m\libc_nano.a(lib_a-exit.o) (_exit)

Allocating common symbols
Common symbol       size              file

T2                  0x28              Src/main.o
t3                  0x4               Src/main.o
SCB_ADDRESS_TO_CALL
                    0x4               Src/SCB_program.o
Global_QueueOfReadyTasks
                    0x24              MRTOS/src/MRTOS_Scheduler.o
T4                  0x28              Src/main.o
Global_pTasks       0x18              MRTOS/src/MRTOS_Scheduler.o
t4                  0x4               Src/main.o
T3                  0x28              Src/main.o
test                0x1               Src/main.o
T1                  0x28              Src/main.o
mutex1              0x18              Src/main.o
STK_u8ModeOfInterval
                    0x1               Src/STK_program.o

Discarded input sections

 .text          0x0000000000000000        0x0 c:/st/stm32cubeide_1.4.0/stm32cubeide/plugins/com.st.stm32cube.ide.mcu.externaltools.gnu-tools-for-stm32.7-2018-q2-update.win32_1.4.0.202007081208/tools/bin/../lib/gcc/arm-none-eabi/7.3.1/thumb/v7-m/crti.o
 .data          0x0000000000000000        0x0 c:/st/stm32cubeide_1.4.0/stm32cubeide/plugins/com.st.stm32cube.ide.mcu.externaltools.gnu-tools-for-stm32.7-2018-q2-update.win32_1.4.0.202007081208/tools/bin/../lib/gcc/arm-none-eabi/7.3.1/thumb/v7-m/crti.o
 .bss           0x0000000000000000        0x0 c:/st/stm32cubeide_1.4.0/stm32cubeide/plugins/com.st.stm32cube.ide.mcu.externaltools.gnu-tools-for-stm32.7-2018-q2-update.win32_1.4.0.202007081208/tools/bin/../lib/gcc/arm-none-eabi/7.3.1/thumb/v7-m/crti.o
 .data          0x0000000000000000        0x4 c:/st/stm32cubeide_1.4.0/stm32cubeide/plugins/com.st.stm32cube.ide.mcu.externaltools.gnu-tools-for-stm32.7-2018-q2-update.win32_1.4.0.202007081208/tools/bin/../lib/gcc/arm-none-eabi/7.3.1/thumb/v7-m/crtbegin.o
 .text          0x0000000000000000       0x74 c:/st/stm32cubeide_1.4.0/stm32cubeide/plugins/com.st.stm32cube.ide.mcu.externaltools.gnu-tools-for-stm32.7-2018-q2-update.win32_1.4.0.202007081208/tools/bin/../lib/gcc/arm-none-eabi/7.3.1/../../../../arm-none-eabi/lib/thumb/v7-m/crt0.o
 .data          0x0000000000000000        0x0 c:/st/stm32cubeide_1.4.0/stm32cubeide/plugins/com.st.stm32cube.ide.mcu.externaltools.gnu-tools-for-stm32.7-2018-q2-update.win32_1.4.0.202007081208/tools/bin/../lib/gcc/arm-none-eabi/7.3.1/../../../../arm-none-eabi/lib/thumb/v7-m/crt0.o
 .bss           0x0000000000000000        0x0 c:/st/stm32cubeide_1.4.0/stm32cubeide/plugins/com.st.stm32cube.ide.mcu.externaltools.gnu-tools-for-stm32.7-2018-q2-update.win32_1.4.0.202007081208/tools/bin/../lib/gcc/arm-none-eabi/7.3.1/../../../../arm-none-eabi/lib/thumb/v7-m/crt0.o
 .ARM.extab     0x0000000000000000        0x0 c:/st/stm32cubeide_1.4.0/stm32cubeide/plugins/com.st.stm32cube.ide.mcu.externaltools.gnu-tools-for-stm32.7-2018-q2-update.win32_1.4.0.202007081208/tools/bin/../lib/gcc/arm-none-eabi/7.3.1/../../../../arm-none-eabi/lib/thumb/v7-m/crt0.o
 .ARM.exidx     0x0000000000000000        0x8 c:/st/stm32cubeide_1.4.0/stm32cubeide/plugins/com.st.stm32cube.ide.mcu.externaltools.gnu-tools-for-stm32.7-2018-q2-update.win32_1.4.0.202007081208/tools/bin/../lib/gcc/arm-none-eabi/7.3.1/../../../../arm-none-eabi/lib/thumb/v7-m/crt0.o
 .ARM.attributes
                0x0000000000000000       0x1b c:/st/stm32cubeide_1.4.0/stm32cubeide/plugins/com.st.stm32cube.ide.mcu.externaltools.gnu-tools-for-stm32.7-2018-q2-update.win32_1.4.0.202007081208/tools/bin/../lib/gcc/arm-none-eabi/7.3.1/../../../../arm-none-eabi/lib/thumb/v7-m/crt0.o
 .group         0x0000000000000000        0xc MRTOS/src/MRTOS_Porting.o
 .group         0x0000000000000000        0xc MRTOS/src/MRTOS_Porting.o
 .group         0x0000000000000000        0xc MRTOS/src/MRTOS_Porting.o
 .group         0x0000000000000000        0xc MRTOS/src/MRTOS_Porting.o
 .group         0x0000000000000000        0xc MRTOS/src/MRTOS_Porting.o
 .group         0x0000000000000000        0xc MRTOS/src/MRTOS_Porting.o
 .text          0x0000000000000000        0x0 MRTOS/src/MRTOS_Porting.o
 .data          0x0000000000000000        0x0 MRTOS/src/MRTOS_Porting.o
 .bss           0x0000000000000000        0x0 MRTOS/src/MRTOS_Porting.o
 .group         0x0000000000000000        0xc MRTOS/src/MRTOS_Queue.o
 .group         0x0000000000000000        0xc MRTOS/src/MRTOS_Queue.o
 .group         0x0000000000000000        0xc MRTOS/src/MRTOS_Queue.o
 .group         0x0000000000000000        0xc MRTOS/src/MRTOS_Queue.o
 .group         0x0000000000000000        0xc MRTOS/src/MRTOS_Queue.o
 .group         0x0000000000000000        0xc MRTOS/src/MRTOS_Queue.o
 .group         0x0000000000000000        0xc MRTOS/src/MRTOS_Queue.o
 .group         0x0000000000000000        0xc MRTOS/src/MRTOS_Queue.o
 .group         0x0000000000000000        0xc MRTOS/src/MRTOS_Queue.o
 .group         0x0000000000000000        0xc MRTOS/src/MRTOS_Queue.o
 .group         0x0000000000000000        0xc MRTOS/src/MRTOS_Queue.o
 .group         0x0000000000000000        0xc MRTOS/src/MRTOS_Queue.o
 .group         0x0000000000000000        0xc MRTOS/src/MRTOS_Queue.o
 .group         0x0000000000000000        0xc MRTOS/src/MRTOS_Queue.o
 .group         0x0000000000000000        0xc MRTOS/src/MRTOS_Queue.o
 .group         0x0000000000000000        0xc MRTOS/src/MRTOS_Queue.o
 .group         0x0000000000000000        0xc MRTOS/src/MRTOS_Queue.o
 .group         0x0000000000000000        0xc MRTOS/src/MRTOS_Queue.o
 .group         0x0000000000000000        0xc MRTOS/src/MRTOS_Queue.o
 .group         0x0000000000000000        0xc MRTOS/src/MRTOS_Queue.o
 .group         0x0000000000000000        0xc MRTOS/src/MRTOS_Queue.o
 .group         0x0000000000000000        0xc MRTOS/src/MRTOS_Queue.o
 .group         0x0000000000000000        0xc MRTOS/src/MRTOS_Queue.o
 .group         0x0000000000000000        0xc MRTOS/src/MRTOS_Queue.o
 .group         0x0000000000000000        0xc MRTOS/src/MRTOS_Queue.o
 .group         0x0000000000000000        0xc MRTOS/src/MRTOS_Queue.o
 .group         0x0000000000000000        0xc MRTOS/src/MRTOS_Queue.o
 .group         0x0000000000000000        0xc MRTOS/src/MRTOS_Queue.o
 .group         0x0000000000000000        0xc MRTOS/src/MRTOS_Queue.o
 .group         0x0000000000000000        0xc MRTOS/src/MRTOS_Queue.o
 .group         0x0000000000000000        0xc MRTOS/src/MRTOS_Queue.o
 .group         0x0000000000000000        0xc MRTOS/src/MRTOS_Queue.o
 .group         0x0000000000000000        0xc MRTOS/src/MRTOS_Queue.o
 .group         0x0000000000000000        0xc MRTOS/src/MRTOS_Queue.o
 .group         0x0000000000000000        0xc MRTOS/src/MRTOS_Queue.o
 .text          0x0000000000000000        0x0 MRTOS/src/MRTOS_Queue.o
 .data          0x0000000000000000        0x0 MRTOS/src/MRTOS_Queue.o
 .bss           0x0000000000000000        0x0 MRTOS/src/MRTOS_Queue.o
 .debug_macro   0x0000000000000000      0xa60 MRTOS/src/MRTOS_Queue.o
 .debug_macro   0x0000000000000000       0x52 MRTOS/src/MRTOS_Queue.o
 .debug_macro   0x0000000000000000       0x16 MRTOS/src/MRTOS_Queue.o
 .debug_macro   0x0000000000000000       0x16 MRTOS/src/MRTOS_Queue.o
 .debug_macro   0x0000000000000000       0x34 MRTOS/src/MRTOS_Queue.o
 .group         0x0000000000000000        0xc MRTOS/src/MRTOS_Scheduler.o
 .group         0x0000000000000000        0xc MRTOS/src/MRTOS_Scheduler.o
 .group         0x0000000000000000        0xc MRTOS/src/MRTOS_Scheduler.o
 .group         0x0000000000000000        0xc MRTOS/src/MRTOS_Scheduler.o
 .group         0x0000000000000000        0xc MRTOS/src/MRTOS_Scheduler.o
 .group         0x0000000000000000        0xc MRTOS/src/MRTOS_Scheduler.o
 .group         0x0000000000000000        0xc MRTOS/src/MRTOS_Scheduler.o
 .group         0x0000000000000000        0xc MRTOS/src/MRTOS_Scheduler.o
 .group         0x0000000000000000        0xc MRTOS/src/MRTOS_Scheduler.o
 .group         0x0000000000000000        0xc MRTOS/src/MRTOS_Scheduler.o
 .group         0x0000000000000000        0xc MRTOS/src/MRTOS_Scheduler.o
 .group         0x0000000000000000        0xc MRTOS/src/MRTOS_Scheduler.o
 .group         0x0000000000000000        0xc MRTOS/src/MRTOS_Scheduler.o
 .group         0x0000000000000000        0xc MRTOS/src/MRTOS_Scheduler.o
 .group         0x0000000000000000        0xc MRTOS/src/MRTOS_Scheduler.o
 .group         0x0000000000000000        0xc MRTOS/src/MRTOS_Scheduler.o
 .group         0x0000000000000000        0xc MRTOS/src/MRTOS_Scheduler.o
 .group         0x0000000000000000        0xc MRTOS/src/MRTOS_Scheduler.o
 .group         0x0000000000000000        0xc MRTOS/src/MRTOS_Scheduler.o
 .group         0x0000000000000000        0xc MRTOS/src/MRTOS_Scheduler.o
 .group         0x0000000000000000        0xc MRTOS/src/MRTOS_Scheduler.o
 .group         0x0000000000000000        0xc MRTOS/src/MRTOS_Scheduler.o
 .group         0x0000000000000000        0xc MRTOS/src/MRTOS_Scheduler.o
 .group         0x0000000000000000        0xc MRTOS/src/MRTOS_Scheduler.o
 .group         0x0000000000000000        0xc MRTOS/src/MRTOS_Scheduler.o
 .group         0x0000000000000000        0xc MRTOS/src/MRTOS_Scheduler.o
 .group         0x0000000000000000        0xc MRTOS/src/MRTOS_Scheduler.o
 .group         0x0000000000000000        0xc MRTOS/src/MRTOS_Scheduler.o
 .group         0x0000000000000000        0xc MRTOS/src/MRTOS_Scheduler.o
 .group         0x0000000000000000        0xc MRTOS/src/MRTOS_Scheduler.o
 .group         0x0000000000000000        0xc MRTOS/src/MRTOS_Scheduler.o
 .group         0x0000000000000000        0xc MRTOS/src/MRTOS_Scheduler.o
 .group         0x0000000000000000        0xc MRTOS/src/MRTOS_Scheduler.o
 .group         0x0000000000000000        0xc MRTOS/src/MRTOS_Scheduler.o
 .group         0x0000000000000000        0xc MRTOS/src/MRTOS_Scheduler.o
 .group         0x0000000000000000        0xc MRTOS/src/MRTOS_Scheduler.o
 .text          0x0000000000000000        0x0 MRTOS/src/MRTOS_Scheduler.o
 .data          0x0000000000000000        0x0 MRTOS/src/MRTOS_Scheduler.o
 .bss           0x0000000000000000        0x0 MRTOS/src/MRTOS_Scheduler.o
 .text.MRTOS_voidTaskDelay
                0x0000000000000000       0x32 MRTOS/src/MRTOS_Scheduler.o
 .debug_macro   0x0000000000000000      0xa60 MRTOS/src/MRTOS_Scheduler.o
 .debug_macro   0x0000000000000000       0x22 MRTOS/src/MRTOS_Scheduler.o
 .debug_macro   0x0000000000000000       0x52 MRTOS/src/MRTOS_Scheduler.o
 .debug_macro   0x0000000000000000       0x16 MRTOS/src/MRTOS_Scheduler.o
 .debug_macro   0x0000000000000000       0x16 MRTOS/src/MRTOS_Scheduler.o
 .debug_macro   0x0000000000000000       0x34 MRTOS/src/MRTOS_Scheduler.o
 .debug_macro   0x0000000000000000       0x22 MRTOS/src/MRTOS_Scheduler.o
 .debug_macro   0x0000000000000000       0x40 MRTOS/src/MRTOS_Scheduler.o
 .debug_macro   0x0000000000000000       0x18 MRTOS/src/MRTOS_Scheduler.o
 .debug_macro   0x0000000000000000       0x94 MRTOS/src/MRTOS_Scheduler.o
 .debug_macro   0x0000000000000000       0x3c MRTOS/src/MRTOS_Scheduler.o
 .debug_macro   0x0000000000000000       0x34 MRTOS/src/MRTOS_Scheduler.o
 .debug_macro   0x0000000000000000       0x16 MRTOS/src/MRTOS_Scheduler.o
 .debug_macro   0x0000000000000000       0x57 MRTOS/src/MRTOS_Scheduler.o
 .debug_macro   0x0000000000000000       0x97 MRTOS/src/MRTOS_Scheduler.o
 .debug_macro   0x0000000000000000      0x330 MRTOS/src/MRTOS_Scheduler.o
 .debug_macro   0x0000000000000000       0xfd MRTOS/src/MRTOS_Scheduler.o
 .debug_macro   0x0000000000000000       0x10 MRTOS/src/MRTOS_Scheduler.o
 .debug_macro   0x0000000000000000       0x52 MRTOS/src/MRTOS_Scheduler.o
 .debug_macro   0x0000000000000000       0x1f MRTOS/src/MRTOS_Scheduler.o
 .debug_macro   0x0000000000000000       0x43 MRTOS/src/MRTOS_Scheduler.o
 .debug_macro   0x0000000000000000       0x20 MRTOS/src/MRTOS_Scheduler.o
 .debug_macro   0x0000000000000000      0x1a3 MRTOS/src/MRTOS_Scheduler.o
 .debug_macro   0x0000000000000000       0x10 MRTOS/src/MRTOS_Scheduler.o
 .debug_macro   0x0000000000000000       0x6a MRTOS/src/MRTOS_Scheduler.o
 .debug_macro   0x0000000000000000       0x1c MRTOS/src/MRTOS_Scheduler.o
 .debug_macro   0x0000000000000000       0x52 MRTOS/src/MRTOS_Scheduler.o
 .debug_macro   0x0000000000000000       0x40 MRTOS/src/MRTOS_Scheduler.o
 .debug_macro   0x0000000000000000       0x10 MRTOS/src/MRTOS_Scheduler.o
 .debug_macro   0x0000000000000000       0x40 MRTOS/src/MRTOS_Scheduler.o
 .debug_macro   0x0000000000000000       0xd7 MRTOS/src/MRTOS_Scheduler.o
 .debug_macro   0x0000000000000000       0x1c MRTOS/src/MRTOS_Scheduler.o
 .debug_macro   0x0000000000000000       0x3d MRTOS/src/MRTOS_Scheduler.o
 .debug_macro   0x0000000000000000       0x16 MRTOS/src/MRTOS_Scheduler.o
 .debug_macro   0x0000000000000000      0x145 MRTOS/src/MRTOS_Scheduler.o
 .debug_macro   0x0000000000000000       0x10 MRTOS/src/MRTOS_Scheduler.o
 .group         0x0000000000000000        0xc Src/AFIO_program.o
 .group         0x0000000000000000        0xc Src/AFIO_program.o
 .group         0x0000000000000000        0xc Src/AFIO_program.o
 .group         0x0000000000000000        0xc Src/AFIO_program.o
 .text          0x0000000000000000        0x0 Src/AFIO_program.o
 .data          0x0000000000000000        0x0 Src/AFIO_program.o
 .bss           0x0000000000000000        0x0 Src/AFIO_program.o
 .text.AFIO_voidEXTIConfiguration
                0x0000000000000000       0x7c Src/AFIO_program.o
 .debug_info    0x0000000000000000      0x194 Src/AFIO_program.o
 .debug_abbrev  0x0000000000000000       0xc3 Src/AFIO_program.o
 .debug_loc     0x0000000000000000       0x5c Src/AFIO_program.o
 .debug_aranges
                0x0000000000000000       0x20 Src/AFIO_program.o
 .debug_ranges  0x0000000000000000       0x10 Src/AFIO_program.o
 .debug_macro   0x0000000000000000       0x4a Src/AFIO_program.o
 .debug_macro   0x0000000000000000      0xa60 Src/AFIO_program.o
 .debug_macro   0x0000000000000000       0x22 Src/AFIO_program.o
 .debug_macro   0x0000000000000000       0x34 Src/AFIO_program.o
 .debug_macro   0x0000000000000000       0x16 Src/AFIO_program.o
 .debug_line    0x0000000000000000       0xb6 Src/AFIO_program.o
 .debug_str     0x0000000000000000     0x3023 Src/AFIO_program.o
 .comment       0x0000000000000000       0x7c Src/AFIO_program.o
 .debug_frame   0x0000000000000000       0x38 Src/AFIO_program.o
 .ARM.attributes
                0x0000000000000000       0x33 Src/AFIO_program.o
 .group         0x0000000000000000        0xc Src/EXTI_program.o
 .group         0x0000000000000000        0xc Src/EXTI_program.o
 .group         0x0000000000000000        0xc Src/EXTI_program.o
 .group         0x0000000000000000        0xc Src/EXTI_program.o
 .text          0x0000000000000000        0x0 Src/EXTI_program.o
 .data          0x0000000000000000        0x0 Src/EXTI_program.o
 .bss           0x0000000000000000        0x0 Src/EXTI_program.o
 .text.EXTI_voidInitLine
                0x0000000000000000       0xac Src/EXTI_program.o
 .text.EXTI_voidEnableEXTI
                0x0000000000000000       0x2c Src/EXTI_program.o
 .text.EXTI_voidDisableEXTI
                0x0000000000000000       0x30 Src/EXTI_program.o
 .text.EXTI_voidSoftwareTrigger
                0x0000000000000000       0x2c Src/EXTI_program.o
 .text.EXTI_voidChangeLineTrigger
                0x0000000000000000       0x24 Src/EXTI_program.o
 .text.EXTI_voidSetCallBackFCN
                0x0000000000000000       0x24 Src/EXTI_program.o
 .text.EXTI5_IRQHandler
                0x0000000000000000       0x24 Src/EXTI_program.o
 .text.EXTI6_IRQHandler
                0x0000000000000000       0x24 Src/EXTI_program.o
 .text.EXTI7_IRQHandler
                0x0000000000000000       0x24 Src/EXTI_program.o
 .text.EXTI8_IRQHandler
                0x0000000000000000       0x24 Src/EXTI_program.o
 .text.EXTI9_IRQHandler
                0x0000000000000000       0x24 Src/EXTI_program.o
 .text.EXTI10_IRQHandler
                0x0000000000000000       0x24 Src/EXTI_program.o
 .text.EXTI11_IRQHandler
                0x0000000000000000       0x24 Src/EXTI_program.o
 .text.EXTI12_IRQHandler
                0x0000000000000000       0x24 Src/EXTI_program.o
 .text.EXTI13_IRQHandler
                0x0000000000000000       0x24 Src/EXTI_program.o
 .text.EXTI14_IRQHandler
                0x0000000000000000       0x24 Src/EXTI_program.o
 .text.EXTI15_IRQHandler
                0x0000000000000000       0x24 Src/EXTI_program.o
 .debug_macro   0x0000000000000000      0xa60 Src/EXTI_program.o
 .debug_macro   0x0000000000000000       0x22 Src/EXTI_program.o
 .debug_macro   0x0000000000000000       0x34 Src/EXTI_program.o
 .group         0x0000000000000000        0xc Src/GPIO_program.o
 .group         0x0000000000000000        0xc Src/GPIO_program.o
 .group         0x0000000000000000        0xc Src/GPIO_program.o
 .group         0x0000000000000000        0xc Src/GPIO_program.o
 .group         0x0000000000000000        0xc Src/GPIO_program.o
 .text          0x0000000000000000        0x0 Src/GPIO_program.o
 .data          0x0000000000000000        0x0 Src/GPIO_program.o
 .bss           0x0000000000000000        0x0 Src/GPIO_program.o
 .text.GPIO_voidSetPinDirection
                0x0000000000000000      0x18c Src/GPIO_program.o
 .text.GPIO_voidSetPortDirection
                0x0000000000000000       0xe8 Src/GPIO_program.o
 .text.GPIO_voidSetPinValue
                0x0000000000000000       0xac Src/GPIO_program.o
 .text.GPIO_voidSetPortValue
                0x0000000000000000       0x98 Src/GPIO_program.o
 .text.GPIO_voidTogglePinValue
                0x0000000000000000       0x78 Src/GPIO_program.o
 .text.GPIO_u8GetPinValue
                0x0000000000000000       0x78 Src/GPIO_program.o
 .text.GPIO_u8ChoosePullMode
                0x0000000000000000       0xec Src/GPIO_program.o
 .debug_info    0x0000000000000000      0x3a6 Src/GPIO_program.o
 .debug_abbrev  0x0000000000000000      0x161 Src/GPIO_program.o
 .debug_loc     0x0000000000000000      0x284 Src/GPIO_program.o
 .debug_aranges
                0x0000000000000000       0x50 Src/GPIO_program.o
 .debug_ranges  0x0000000000000000       0x40 Src/GPIO_program.o
 .debug_macro   0x0000000000000000       0x53 Src/GPIO_program.o
 .debug_macro   0x0000000000000000      0xa60 Src/GPIO_program.o
 .debug_macro   0x0000000000000000       0x22 Src/GPIO_program.o
 .debug_macro   0x0000000000000000       0x34 Src/GPIO_program.o
 .debug_macro   0x0000000000000000       0x5e Src/GPIO_program.o
 .debug_macro   0x0000000000000000       0x2e Src/GPIO_program.o
 .debug_line    0x0000000000000000      0x215 Src/GPIO_program.o
 .debug_str     0x0000000000000000     0x32ee Src/GPIO_program.o
 .comment       0x0000000000000000       0x7c Src/GPIO_program.o
 .debug_frame   0x0000000000000000      0x128 Src/GPIO_program.o
 .ARM.attributes
                0x0000000000000000       0x33 Src/GPIO_program.o
 .group         0x0000000000000000        0xc Src/NVIC_program.o
 .group         0x0000000000000000        0xc Src/NVIC_program.o
 .group         0x0000000000000000        0xc Src/NVIC_program.o
 .group         0x0000000000000000        0xc Src/NVIC_program.o
 .text          0x0000000000000000        0x0 Src/NVIC_program.o
 .data          0x0000000000000000        0x0 Src/NVIC_program.o
 .bss           0x0000000000000000        0x0 Src/NVIC_program.o
 .text.NVIC_voidEnableInterrupt
                0x0000000000000000       0x58 Src/NVIC_program.o
 .text.NVIC_voidSetPenddingFlag
                0x0000000000000000       0x58 Src/NVIC_program.o
 .text.NVIC_voidClearPenddingFlag
                0x0000000000000000       0x58 Src/NVIC_program.o
 .text.NVIC_u8GetInterruptStatus
                0x0000000000000000       0x5c Src/NVIC_program.o
 .text.NVIC_voidSetIRQ_PriorityGrouping
                0x0000000000000000       0x58 Src/NVIC_program.o
 .debug_info    0x0000000000000000      0x19e Src/NVIC_program.o
 .debug_abbrev  0x0000000000000000       0xc4 Src/NVIC_program.o
 .debug_loc     0x0000000000000000      0x1cc Src/NVIC_program.o
 .debug_aranges
                0x0000000000000000       0x40 Src/NVIC_program.o
 .debug_ranges  0x0000000000000000       0x30 Src/NVIC_program.o
 .debug_macro   0x0000000000000000       0x4a Src/NVIC_program.o
 .debug_macro   0x0000000000000000      0xa60 Src/NVIC_program.o
 .debug_macro   0x0000000000000000       0x22 Src/NVIC_program.o
 .debug_macro   0x0000000000000000       0x34 Src/NVIC_program.o
 .debug_macro   0x0000000000000000       0x4c Src/NVIC_program.o
 .debug_line    0x0000000000000000      0x11a Src/NVIC_program.o
 .debug_str     0x0000000000000000     0x31c1 Src/NVIC_program.o
 .comment       0x0000000000000000       0x7c Src/NVIC_program.o
 .debug_frame   0x0000000000000000       0xd8 Src/NVIC_program.o
 .ARM.attributes
                0x0000000000000000       0x33 Src/NVIC_program.o
 .group         0x0000000000000000        0xc Src/PSRC_program.o
 .group         0x0000000000000000        0xc Src/PSRC_program.o
 .group         0x0000000000000000        0xc Src/PSRC_program.o
 .text          0x0000000000000000        0x0 Src/PSRC_program.o
 .data          0x0000000000000000        0x0 Src/PSRC_program.o
 .bss           0x0000000000000000        0x0 Src/PSRC_program.o
 .debug_macro   0x0000000000000000      0xa60 Src/PSRC_program.o
 .debug_macro   0x0000000000000000       0x22 Src/PSRC_program.o
 .debug_macro   0x0000000000000000       0x16 Src/PSRC_program.o
 .group         0x0000000000000000        0xc Src/RCC_program.o
 .group         0x0000000000000000        0xc Src/RCC_program.o
 .group         0x0000000000000000        0xc Src/RCC_program.o
 .group         0x0000000000000000        0xc Src/RCC_program.o
 .group         0x0000000000000000        0xc Src/RCC_program.o
 .text          0x0000000000000000        0x0 Src/RCC_program.o
 .data          0x0000000000000000        0x0 Src/RCC_program.o
 .bss           0x0000000000000000        0x0 Src/RCC_program.o
 .text.RCC_voidInitSysClock
                0x0000000000000000       0x24 Src/RCC_program.o
 .text.RCC_voidEnableClock
                0x0000000000000000       0x80 Src/RCC_program.o
 .text.RCC_voidDisableClock
                0x0000000000000000       0x84 Src/RCC_program.o
 .debug_info    0x0000000000000000       0xe3 Src/RCC_program.o
 .debug_abbrev  0x0000000000000000       0x72 Src/RCC_program.o
 .debug_loc     0x0000000000000000       0xfc Src/RCC_program.o
 .debug_aranges
                0x0000000000000000       0x30 Src/RCC_program.o
 .debug_ranges  0x0000000000000000       0x20 Src/RCC_program.o
 .debug_macro   0x0000000000000000       0x49 Src/RCC_program.o
 .debug_macro   0x0000000000000000      0xa60 Src/RCC_program.o
 .debug_macro   0x0000000000000000       0x22 Src/RCC_program.o
 .debug_macro   0x0000000000000000       0x16 Src/RCC_program.o
 .debug_macro   0x0000000000000000       0x7c Src/RCC_program.o
 .debug_macro   0x0000000000000000       0x10 Src/RCC_program.o
 .debug_line    0x0000000000000000       0xdc Src/RCC_program.o
 .debug_str     0x0000000000000000     0x303b Src/RCC_program.o
 .comment       0x0000000000000000       0x7c Src/RCC_program.o
 .debug_frame   0x0000000000000000       0x80 Src/RCC_program.o
 .ARM.attributes
                0x0000000000000000       0x33 Src/RCC_program.o
 .group         0x0000000000000000        0xc Src/SCB_program.o
 .group         0x0000000000000000        0xc Src/SCB_program.o
 .group         0x0000000000000000        0xc Src/SCB_program.o
 .group         0x0000000000000000        0xc Src/SCB_program.o
 .text          0x0000000000000000        0x0 Src/SCB_program.o
 .data          0x0000000000000000        0x0 Src/SCB_program.o
 .bss           0x0000000000000000        0x0 Src/SCB_program.o
 .text.SCB_voidSetPriorityGrouping
                0x0000000000000000       0x34 Src/SCB_program.o
 .text.SCB_voidOffesetVectorTable
                0x0000000000000000       0x24 Src/SCB_program.o
 .text.SCB_voidJumptoApp
                0x0000000000000000       0x24 Src/SCB_program.o
 .debug_macro   0x0000000000000000      0xa60 Src/SCB_program.o
 .debug_macro   0x0000000000000000       0x22 Src/SCB_program.o
 .debug_macro   0x0000000000000000       0x34 Src/SCB_program.o
 COMMON         0x0000000000000000        0x4 Src/SCB_program.o
 .group         0x0000000000000000        0xc Src/STK_program.o
 .group         0x0000000000000000        0xc Src/STK_program.o
 .group         0x0000000000000000        0xc Src/STK_program.o
 .group         0x0000000000000000        0xc Src/STK_program.o
 .group         0x0000000000000000        0xc Src/STK_program.o
 .group         0x0000000000000000        0xc Src/STK_program.o
 .text          0x0000000000000000        0x0 Src/STK_program.o
 .data          0x0000000000000000        0x0 Src/STK_program.o
 .bss           0x0000000000000000        0x0 Src/STK_program.o
 .text.STK_u32ConfigInterval
                0x0000000000000000       0x28 Src/STK_program.o
 .text.STK_voidSetBusyWait
                0x0000000000000000       0x60 Src/STK_program.o
 .text.STK_voidSetBusyWait_MS
                0x0000000000000000       0x68 Src/STK_program.o
 .text.STK_voidSetBusyWait_US
                0x0000000000000000       0x6c Src/STK_program.o
 .text.STK_voidSetIntervalSingle
                0x0000000000000000       0x60 Src/STK_program.o
 .text.STK_voidSetIntervalSingle_MS
                0x0000000000000000       0x64 Src/STK_program.o
 .text.STK_voidSetIntervalSingle_US
                0x0000000000000000       0x64 Src/STK_program.o
 .text.STK_voidSetIntervalPeriodic_MS
                0x0000000000000000       0x64 Src/STK_program.o
 .text.STK_voidSetIntervalPeriodic_US
                0x0000000000000000       0x64 Src/STK_program.o
 .text.STK_u32GetElapsedTicks
                0x0000000000000000       0x28 Src/STK_program.o
 .text.STK_u32GetElapsedTime_MS
                0x0000000000000000       0x4c Src/STK_program.o
 .text.STK_u32GetElapsedTime_US
                0x0000000000000000       0x50 Src/STK_program.o
 .text.STK_u32GetRemainingTicks
                0x0000000000000000       0x20 Src/STK_program.o
 .text.STK_u32GetRemainingTime_MS
                0x0000000000000000       0x38 Src/STK_program.o
 .text.STK_u32GetRemainingTime_US
                0x0000000000000000       0x38 Src/STK_program.o
 .debug_macro   0x0000000000000000      0xa60 Src/STK_program.o
 .debug_macro   0x0000000000000000       0x22 Src/STK_program.o
 .debug_macro   0x0000000000000000       0x34 Src/STK_program.o
 .debug_macro   0x0000000000000000       0x16 Src/STK_program.o
 .group         0x0000000000000000        0xc Src/USART_program.o
 .group         0x0000000000000000        0xc Src/USART_program.o
 .group         0x0000000000000000        0xc Src/USART_program.o
 .group         0x0000000000000000        0xc Src/USART_program.o
 .group         0x0000000000000000        0xc Src/USART_program.o
 .text          0x0000000000000000        0x0 Src/USART_program.o
 .data          0x0000000000000000        0x0 Src/USART_program.o
 .bss           0x0000000000000000        0x0 Src/USART_program.o
 .text.USART_voidInit
                0x0000000000000000       0xf0 Src/USART_program.o
 .text.USART_voidSendDataSynch
                0x0000000000000000       0xb0 Src/USART_program.o
 .text.USART_voidSendDataAsynch
                0x0000000000000000       0x60 Src/USART_program.o
 .text.USART_voidReceiveDataSynch
                0x0000000000000000      0x220 Src/USART_program.o
 .text.USART_voidReceiveDataAsynch
                0x0000000000000000       0x14 Src/USART_program.o
 .text.USART_voidBuadRateCalc
                0x0000000000000000       0xb8 Src/USART_program.o
 .text.USART__VoidGPIO_SetPins
                0x0000000000000000      0x1fc Src/USART_program.o
 .text.USART_voidGetDMA_PeripheralAddress
                0x0000000000000000       0x4c Src/USART_program.o
 .text.USART_voidSendStringWithFixedSizeSynch
                0x0000000000000000       0x40 Src/USART_program.o
 .text.USART_voidSendStringWithDelimiterSynch
                0x0000000000000000       0x42 Src/USART_program.o
 .debug_macro   0x0000000000000000      0xa60 Src/USART_program.o
 .debug_macro   0x0000000000000000       0x22 Src/USART_program.o
 .debug_macro   0x0000000000000000       0x34 Src/USART_program.o
 .debug_macro   0x0000000000000000       0x5e Src/USART_program.o
 .group         0x0000000000000000        0xc Src/main.o
 .group         0x0000000000000000        0xc Src/main.o
 .group         0x0000000000000000        0xc Src/main.o
 .group         0x0000000000000000        0xc Src/main.o
 .group         0x0000000000000000        0xc Src/main.o
 .group         0x0000000000000000        0xc Src/main.o
 .group         0x0000000000000000        0xc Src/main.o
 .group         0x0000000000000000        0xc Src/main.o
 .text          0x0000000000000000        0x0 Src/main.o
 .data          0x0000000000000000        0x0 Src/main.o
 .bss           0x0000000000000000        0x0 Src/main.o
 .bss.i         0x0000000000000000        0x4 Src/main.o
 .debug_macro   0x0000000000000000      0xa60 Src/main.o
 .debug_macro   0x0000000000000000       0x22 Src/main.o
 .debug_macro   0x0000000000000000       0x16 Src/main.o
 .debug_macro   0x0000000000000000       0x34 Src/main.o
 .debug_macro   0x0000000000000000       0x5e Src/main.o
 .debug_macro   0x0000000000000000       0x16 Src/main.o
 .debug_macro   0x0000000000000000       0x52 Src/main.o
 .debug_macro   0x0000000000000000       0x16 Src/main.o
 .text          0x0000000000000000       0x14 Startup/startup_stm32f103c6tx.o
 .data          0x0000000000000000        0x0 Startup/startup_stm32f103c6tx.o
 .bss           0x0000000000000000        0x0 Startup/startup_stm32f103c6tx.o
 .text          0x0000000000000000        0x0 c:/st/stm32cubeide_1.4.0/stm32cubeide/plugins/com.st.stm32cube.ide.mcu.externaltools.gnu-tools-for-stm32.7-2018-q2-update.win32_1.4.0.202007081208/tools/bin/../lib/gcc/arm-none-eabi/7.3.1/../../../../arm-none-eabi/lib/thumb/v7-m\libc_nano.a(lib_a-exit.o)
 .data          0x0000000000000000        0x0 c:/st/stm32cubeide_1.4.0/stm32cubeide/plugins/com.st.stm32cube.ide.mcu.externaltools.gnu-tools-for-stm32.7-2018-q2-update.win32_1.4.0.202007081208/tools/bin/../lib/gcc/arm-none-eabi/7.3.1/../../../../arm-none-eabi/lib/thumb/v7-m\libc_nano.a(lib_a-exit.o)
 .bss           0x0000000000000000        0x0 c:/st/stm32cubeide_1.4.0/stm32cubeide/plugins/com.st.stm32cube.ide.mcu.externaltools.gnu-tools-for-stm32.7-2018-q2-update.win32_1.4.0.202007081208/tools/bin/../lib/gcc/arm-none-eabi/7.3.1/../../../../arm-none-eabi/lib/thumb/v7-m\libc_nano.a(lib_a-exit.o)
 .text.exit     0x0000000000000000       0x28 c:/st/stm32cubeide_1.4.0/stm32cubeide/plugins/com.st.stm32cube.ide.mcu.externaltools.gnu-tools-for-stm32.7-2018-q2-update.win32_1.4.0.202007081208/tools/bin/../lib/gcc/arm-none-eabi/7.3.1/../../../../arm-none-eabi/lib/thumb/v7-m\libc_nano.a(lib_a-exit.o)
 .debug_frame   0x0000000000000000       0x28 c:/st/stm32cubeide_1.4.0/stm32cubeide/plugins/com.st.stm32cube.ide.mcu.externaltools.gnu-tools-for-stm32.7-2018-q2-update.win32_1.4.0.202007081208/tools/bin/../lib/gcc/arm-none-eabi/7.3.1/../../../../arm-none-eabi/lib/thumb/v7-m\libc_nano.a(lib_a-exit.o)
 .ARM.attributes
                0x0000000000000000       0x2d c:/st/stm32cubeide_1.4.0/stm32cubeide/plugins/com.st.stm32cube.ide.mcu.externaltools.gnu-tools-for-stm32.7-2018-q2-update.win32_1.4.0.202007081208/tools/bin/../lib/gcc/arm-none-eabi/7.3.1/../../../../arm-none-eabi/lib/thumb/v7-m\libc_nano.a(lib_a-exit.o)
 .text          0x0000000000000000        0x0 c:/st/stm32cubeide_1.4.0/stm32cubeide/plugins/com.st.stm32cube.ide.mcu.externaltools.gnu-tools-for-stm32.7-2018-q2-update.win32_1.4.0.202007081208/tools/bin/../lib/gcc/arm-none-eabi/7.3.1/../../../../arm-none-eabi/lib/thumb/v7-m\libc_nano.a(lib_a-impure.o)
 .data          0x0000000000000000        0x0 c:/st/stm32cubeide_1.4.0/stm32cubeide/plugins/com.st.stm32cube.ide.mcu.externaltools.gnu-tools-for-stm32.7-2018-q2-update.win32_1.4.0.202007081208/tools/bin/../lib/gcc/arm-none-eabi/7.3.1/../../../../arm-none-eabi/lib/thumb/v7-m\libc_nano.a(lib_a-impure.o)
 .bss           0x0000000000000000        0x0 c:/st/stm32cubeide_1.4.0/stm32cubeide/plugins/com.st.stm32cube.ide.mcu.externaltools.gnu-tools-for-stm32.7-2018-q2-update.win32_1.4.0.202007081208/tools/bin/../lib/gcc/arm-none-eabi/7.3.1/../../../../arm-none-eabi/lib/thumb/v7-m\libc_nano.a(lib_a-impure.o)
 .data._impure_ptr
                0x0000000000000000        0x4 c:/st/stm32cubeide_1.4.0/stm32cubeide/plugins/com.st.stm32cube.ide.mcu.externaltools.gnu-tools-for-stm32.7-2018-q2-update.win32_1.4.0.202007081208/tools/bin/../lib/gcc/arm-none-eabi/7.3.1/../../../../arm-none-eabi/lib/thumb/v7-m\libc_nano.a(lib_a-impure.o)
 .data.impure_data
                0x0000000000000000       0x60 c:/st/stm32cubeide_1.4.0/stm32cubeide/plugins/com.st.stm32cube.ide.mcu.externaltools.gnu-tools-for-stm32.7-2018-q2-update.win32_1.4.0.202007081208/tools/bin/../lib/gcc/arm-none-eabi/7.3.1/../../../../arm-none-eabi/lib/thumb/v7-m\libc_nano.a(lib_a-impure.o)
 .rodata._global_impure_ptr
                0x0000000000000000        0x4 c:/st/stm32cubeide_1.4.0/stm32cubeide/plugins/com.st.stm32cube.ide.mcu.externaltools.gnu-tools-for-stm32.7-2018-q2-update.win32_1.4.0.202007081208/tools/bin/../lib/gcc/arm-none-eabi/7.3.1/../../../../arm-none-eabi/lib/thumb/v7-m\libc_nano.a(lib_a-impure.o)
 .ARM.attributes
                0x0000000000000000       0x2d c:/st/stm32cubeide_1.4.0/stm32cubeide/plugins/com.st.stm32cube.ide.mcu.externaltools.gnu-tools-for-stm32.7-2018-q2-update.win32_1.4.0.202007081208/tools/bin/../lib/gcc/arm-none-eabi/7.3.1/../../../../arm-none-eabi/lib/thumb/v7-m\libc_nano.a(lib_a-impure.o)
 .text          0x0000000000000000        0x0 c:/st/stm32cubeide_1.4.0/stm32cubeide/plugins/com.st.stm32cube.ide.mcu.externaltools.gnu-tools-for-stm32.7-2018-q2-update.win32_1.4.0.202007081208/tools/bin/../lib/gcc/arm-none-eabi/7.3.1/../../../../arm-none-eabi/lib/thumb/v7-m\libc_nano.a(lib_a-init.o)
 .data          0x0000000000000000        0x0 c:/st/stm32cubeide_1.4.0/stm32cubeide/plugins/com.st.stm32cube.ide.mcu.externaltools.gnu-tools-for-stm32.7-2018-q2-update.win32_1.4.0.202007081208/tools/bin/../lib/gcc/arm-none-eabi/7.3.1/../../../../arm-none-eabi/lib/thumb/v7-m\libc_nano.a(lib_a-init.o)
 .bss           0x0000000000000000        0x0 c:/st/stm32cubeide_1.4.0/stm32cubeide/plugins/com.st.stm32cube.ide.mcu.externaltools.gnu-tools-for-stm32.7-2018-q2-update.win32_1.4.0.202007081208/tools/bin/../lib/gcc/arm-none-eabi/7.3.1/../../../../arm-none-eabi/lib/thumb/v7-m\libc_nano.a(lib_a-init.o)
 .text          0x0000000000000000        0x0 c:/st/stm32cubeide_1.4.0/stm32cubeide/plugins/com.st.stm32cube.ide.mcu.externaltools.gnu-tools-for-stm32.7-2018-q2-update.win32_1.4.0.202007081208/tools/bin/../lib/gcc/arm-none-eabi/7.3.1/../../../../arm-none-eabi/lib/thumb/v7-m\libc_nano.a(lib_a-memset.o)
 .data          0x0000000000000000        0x0 c:/st/stm32cubeide_1.4.0/stm32cubeide/plugins/com.st.stm32cube.ide.mcu.externaltools.gnu-tools-for-stm32.7-2018-q2-update.win32_1.4.0.202007081208/tools/bin/../lib/gcc/arm-none-eabi/7.3.1/../../../../arm-none-eabi/lib/thumb/v7-m\libc_nano.a(lib_a-memset.o)
 .bss           0x0000000000000000        0x0 c:/st/stm32cubeide_1.4.0/stm32cubeide/plugins/com.st.stm32cube.ide.mcu.externaltools.gnu-tools-for-stm32.7-2018-q2-update.win32_1.4.0.202007081208/tools/bin/../lib/gcc/arm-none-eabi/7.3.1/../../../../arm-none-eabi/lib/thumb/v7-m\libc_nano.a(lib_a-memset.o)
 .text.memset   0x0000000000000000       0x10 c:/st/stm32cubeide_1.4.0/stm32cubeide/plugins/com.st.stm32cube.ide.mcu.externaltools.gnu-tools-for-stm32.7-2018-q2-update.win32_1.4.0.202007081208/tools/bin/../lib/gcc/arm-none-eabi/7.3.1/../../../../arm-none-eabi/lib/thumb/v7-m\libc_nano.a(lib_a-memset.o)
 .debug_frame   0x0000000000000000       0x20 c:/st/stm32cubeide_1.4.0/stm32cubeide/plugins/com.st.stm32cube.ide.mcu.externaltools.gnu-tools-for-stm32.7-2018-q2-update.win32_1.4.0.202007081208/tools/bin/../lib/gcc/arm-none-eabi/7.3.1/../../../../arm-none-eabi/lib/thumb/v7-m\libc_nano.a(lib_a-memset.o)
 .ARM.attributes
                0x0000000000000000       0x2d c:/st/stm32cubeide_1.4.0/stm32cubeide/plugins/com.st.stm32cube.ide.mcu.externaltools.gnu-tools-for-stm32.7-2018-q2-update.win32_1.4.0.202007081208/tools/bin/../lib/gcc/arm-none-eabi/7.3.1/../../../../arm-none-eabi/lib/thumb/v7-m\libc_nano.a(lib_a-memset.o)
 .text          0x0000000000000000      0x378 c:/st/stm32cubeide_1.4.0/stm32cubeide/plugins/com.st.stm32cube.ide.mcu.externaltools.gnu-tools-for-stm32.7-2018-q2-update.win32_1.4.0.202007081208/tools/bin/../lib/gcc/arm-none-eabi/7.3.1/thumb/v7-m\libgcc.a(_arm_addsubdf3.o)
 .data          0x0000000000000000        0x0 c:/st/stm32cubeide_1.4.0/stm32cubeide/plugins/com.st.stm32cube.ide.mcu.externaltools.gnu-tools-for-stm32.7-2018-q2-update.win32_1.4.0.202007081208/tools/bin/../lib/gcc/arm-none-eabi/7.3.1/thumb/v7-m\libgcc.a(_arm_addsubdf3.o)
 .bss           0x0000000000000000        0x0 c:/st/stm32cubeide_1.4.0/stm32cubeide/plugins/com.st.stm32cube.ide.mcu.externaltools.gnu-tools-for-stm32.7-2018-q2-update.win32_1.4.0.202007081208/tools/bin/../lib/gcc/arm-none-eabi/7.3.1/thumb/v7-m\libgcc.a(_arm_addsubdf3.o)
 .debug_frame   0x0000000000000000       0xac c:/st/stm32cubeide_1.4.0/stm32cubeide/plugins/com.st.stm32cube.ide.mcu.externaltools.gnu-tools-for-stm32.7-2018-q2-update.win32_1.4.0.202007081208/tools/bin/../lib/gcc/arm-none-eabi/7.3.1/thumb/v7-m\libgcc.a(_arm_addsubdf3.o)
 .ARM.attributes
                0x0000000000000000       0x1d c:/st/stm32cubeide_1.4.0/stm32cubeide/plugins/com.st.stm32cube.ide.mcu.externaltools.gnu-tools-for-stm32.7-2018-q2-update.win32_1.4.0.202007081208/tools/bin/../lib/gcc/arm-none-eabi/7.3.1/thumb/v7-m\libgcc.a(_arm_addsubdf3.o)
 .text          0x0000000000000000      0x424 c:/st/stm32cubeide_1.4.0/stm32cubeide/plugins/com.st.stm32cube.ide.mcu.externaltools.gnu-tools-for-stm32.7-2018-q2-update.win32_1.4.0.202007081208/tools/bin/../lib/gcc/arm-none-eabi/7.3.1/thumb/v7-m\libgcc.a(_arm_muldivdf3.o)
 .data          0x0000000000000000        0x0 c:/st/stm32cubeide_1.4.0/stm32cubeide/plugins/com.st.stm32cube.ide.mcu.externaltools.gnu-tools-for-stm32.7-2018-q2-update.win32_1.4.0.202007081208/tools/bin/../lib/gcc/arm-none-eabi/7.3.1/thumb/v7-m\libgcc.a(_arm_muldivdf3.o)
 .bss           0x0000000000000000        0x0 c:/st/stm32cubeide_1.4.0/stm32cubeide/plugins/com.st.stm32cube.ide.mcu.externaltools.gnu-tools-for-stm32.7-2018-q2-update.win32_1.4.0.202007081208/tools/bin/../lib/gcc/arm-none-eabi/7.3.1/thumb/v7-m\libgcc.a(_arm_muldivdf3.o)
 .debug_frame   0x0000000000000000       0x50 c:/st/stm32cubeide_1.4.0/stm32cubeide/plugins/com.st.stm32cube.ide.mcu.externaltools.gnu-tools-for-stm32.7-2018-q2-update.win32_1.4.0.202007081208/tools/bin/../lib/gcc/arm-none-eabi/7.3.1/thumb/v7-m\libgcc.a(_arm_muldivdf3.o)
 .ARM.attributes
                0x0000000000000000       0x1d c:/st/stm32cubeide_1.4.0/stm32cubeide/plugins/com.st.stm32cube.ide.mcu.externaltools.gnu-tools-for-stm32.7-2018-q2-update.win32_1.4.0.202007081208/tools/bin/../lib/gcc/arm-none-eabi/7.3.1/thumb/v7-m\libgcc.a(_arm_muldivdf3.o)
 .text          0x0000000000000000       0x40 c:/st/stm32cubeide_1.4.0/stm32cubeide/plugins/com.st.stm32cube.ide.mcu.externaltools.gnu-tools-for-stm32.7-2018-q2-update.win32_1.4.0.202007081208/tools/bin/../lib/gcc/arm-none-eabi/7.3.1/thumb/v7-m\libgcc.a(_arm_fixunsdfsi.o)
 .data          0x0000000000000000        0x0 c:/st/stm32cubeide_1.4.0/stm32cubeide/plugins/com.st.stm32cube.ide.mcu.externaltools.gnu-tools-for-stm32.7-2018-q2-update.win32_1.4.0.202007081208/tools/bin/../lib/gcc/arm-none-eabi/7.3.1/thumb/v7-m\libgcc.a(_arm_fixunsdfsi.o)
 .bss           0x0000000000000000        0x0 c:/st/stm32cubeide_1.4.0/stm32cubeide/plugins/com.st.stm32cube.ide.mcu.externaltools.gnu-tools-for-stm32.7-2018-q2-update.win32_1.4.0.202007081208/tools/bin/../lib/gcc/arm-none-eabi/7.3.1/thumb/v7-m\libgcc.a(_arm_fixunsdfsi.o)
 .debug_frame   0x0000000000000000       0x24 c:/st/stm32cubeide_1.4.0/stm32cubeide/plugins/com.st.stm32cube.ide.mcu.externaltools.gnu-tools-for-stm32.7-2018-q2-update.win32_1.4.0.202007081208/tools/bin/../lib/gcc/arm-none-eabi/7.3.1/thumb/v7-m\libgcc.a(_arm_fixunsdfsi.o)
 .ARM.attributes
                0x0000000000000000       0x1d c:/st/stm32cubeide_1.4.0/stm32cubeide/plugins/com.st.stm32cube.ide.mcu.externaltools.gnu-tools-for-stm32.7-2018-q2-update.win32_1.4.0.202007081208/tools/bin/../lib/gcc/arm-none-eabi/7.3.1/thumb/v7-m\libgcc.a(_arm_fixunsdfsi.o)
 .text          0x0000000000000000      0x21c c:/st/stm32cubeide_1.4.0/stm32cubeide/plugins/com.st.stm32cube.ide.mcu.externaltools.gnu-tools-for-stm32.7-2018-q2-update.win32_1.4.0.202007081208/tools/bin/../lib/gcc/arm-none-eabi/7.3.1/thumb/v7-m\libgcc.a(_arm_addsubsf3.o)
 .data          0x0000000000000000        0x0 c:/st/stm32cubeide_1.4.0/stm32cubeide/plugins/com.st.stm32cube.ide.mcu.externaltools.gnu-tools-for-stm32.7-2018-q2-update.win32_1.4.0.202007081208/tools/bin/../lib/gcc/arm-none-eabi/7.3.1/thumb/v7-m\libgcc.a(_arm_addsubsf3.o)
 .bss           0x0000000000000000        0x0 c:/st/stm32cubeide_1.4.0/stm32cubeide/plugins/com.st.stm32cube.ide.mcu.externaltools.gnu-tools-for-stm32.7-2018-q2-update.win32_1.4.0.202007081208/tools/bin/../lib/gcc/arm-none-eabi/7.3.1/thumb/v7-m\libgcc.a(_arm_addsubsf3.o)
 .debug_frame   0x0000000000000000       0x4c c:/st/stm32cubeide_1.4.0/stm32cubeide/plugins/com.st.stm32cube.ide.mcu.externaltools.gnu-tools-for-stm32.7-2018-q2-update.win32_1.4.0.202007081208/tools/bin/../lib/gcc/arm-none-eabi/7.3.1/thumb/v7-m\libgcc.a(_arm_addsubsf3.o)
 .ARM.attributes
                0x0000000000000000       0x1d c:/st/stm32cubeide_1.4.0/stm32cubeide/plugins/com.st.stm32cube.ide.mcu.externaltools.gnu-tools-for-stm32.7-2018-q2-update.win32_1.4.0.202007081208/tools/bin/../lib/gcc/arm-none-eabi/7.3.1/thumb/v7-m\libgcc.a(_arm_addsubsf3.o)
 .text          0x0000000000000000      0x2a0 c:/st/stm32cubeide_1.4.0/stm32cubeide/plugins/com.st.stm32cube.ide.mcu.externaltools.gnu-tools-for-stm32.7-2018-q2-update.win32_1.4.0.202007081208/tools/bin/../lib/gcc/arm-none-eabi/7.3.1/thumb/v7-m\libgcc.a(_arm_muldivsf3.o)
 .data          0x0000000000000000        0x0 c:/st/stm32cubeide_1.4.0/stm32cubeide/plugins/com.st.stm32cube.ide.mcu.externaltools.gnu-tools-for-stm32.7-2018-q2-update.win32_1.4.0.202007081208/tools/bin/../lib/gcc/arm-none-eabi/7.3.1/thumb/v7-m\libgcc.a(_arm_muldivsf3.o)
 .bss           0x0000000000000000        0x0 c:/st/stm32cubeide_1.4.0/stm32cubeide/plugins/com.st.stm32cube.ide.mcu.externaltools.gnu-tools-for-stm32.7-2018-q2-update.win32_1.4.0.202007081208/tools/bin/../lib/gcc/arm-none-eabi/7.3.1/thumb/v7-m\libgcc.a(_arm_muldivsf3.o)
 .debug_frame   0x0000000000000000       0x38 c:/st/stm32cubeide_1.4.0/stm32cubeide/plugins/com.st.stm32cube.ide.mcu.externaltools.gnu-tools-for-stm32.7-2018-q2-update.win32_1.4.0.202007081208/tools/bin/../lib/gcc/arm-none-eabi/7.3.1/thumb/v7-m\libgcc.a(_arm_muldivsf3.o)
 .ARM.attributes
                0x0000000000000000       0x1d c:/st/stm32cubeide_1.4.0/stm32cubeide/plugins/com.st.stm32cube.ide.mcu.externaltools.gnu-tools-for-stm32.7-2018-q2-update.win32_1.4.0.202007081208/tools/bin/../lib/gcc/arm-none-eabi/7.3.1/thumb/v7-m\libgcc.a(_arm_muldivsf3.o)
 .text          0x0000000000000000        0x0 c:/st/stm32cubeide_1.4.0/stm32cubeide/plugins/com.st.stm32cube.ide.mcu.externaltools.gnu-tools-for-stm32.7-2018-q2-update.win32_1.4.0.202007081208/tools/bin/../lib/gcc/arm-none-eabi/7.3.1/../../../../arm-none-eabi/lib/thumb/v7-m\libnosys.a(_exit.o)
 .data          0x0000000000000000        0x0 c:/st/stm32cubeide_1.4.0/stm32cubeide/plugins/com.st.stm32cube.ide.mcu.externaltools.gnu-tools-for-stm32.7-2018-q2-update.win32_1.4.0.202007081208/tools/bin/../lib/gcc/arm-none-eabi/7.3.1/../../../../arm-none-eabi/lib/thumb/v7-m\libnosys.a(_exit.o)
 .bss           0x0000000000000000        0x0 c:/st/stm32cubeide_1.4.0/stm32cubeide/plugins/com.st.stm32cube.ide.mcu.externaltools.gnu-tools-for-stm32.7-2018-q2-update.win32_1.4.0.202007081208/tools/bin/../lib/gcc/arm-none-eabi/7.3.1/../../../../arm-none-eabi/lib/thumb/v7-m\libnosys.a(_exit.o)
 .text._exit    0x0000000000000000        0x2 c:/st/stm32cubeide_1.4.0/stm32cubeide/plugins/com.st.stm32cube.ide.mcu.externaltools.gnu-tools-for-stm32.7-2018-q2-update.win32_1.4.0.202007081208/tools/bin/../lib/gcc/arm-none-eabi/7.3.1/../../../../arm-none-eabi/lib/thumb/v7-m\libnosys.a(_exit.o)
 .debug_frame   0x0000000000000000       0x20 c:/st/stm32cubeide_1.4.0/stm32cubeide/plugins/com.st.stm32cube.ide.mcu.externaltools.gnu-tools-for-stm32.7-2018-q2-update.win32_1.4.0.202007081208/tools/bin/../lib/gcc/arm-none-eabi/7.3.1/../../../../arm-none-eabi/lib/thumb/v7-m\libnosys.a(_exit.o)
 .ARM.attributes
                0x0000000000000000       0x2d c:/st/stm32cubeide_1.4.0/stm32cubeide/plugins/com.st.stm32cube.ide.mcu.externaltools.gnu-tools-for-stm32.7-2018-q2-update.win32_1.4.0.202007081208/tools/bin/../lib/gcc/arm-none-eabi/7.3.1/../../../../arm-none-eabi/lib/thumb/v7-m\libnosys.a(_exit.o)
 .text          0x0000000000000000        0x0 c:/st/stm32cubeide_1.4.0/stm32cubeide/plugins/com.st.stm32cube.ide.mcu.externaltools.gnu-tools-for-stm32.7-2018-q2-update.win32_1.4.0.202007081208/tools/bin/../lib/gcc/arm-none-eabi/7.3.1/thumb/v7-m/crtend.o
 .data          0x0000000000000000        0x0 c:/st/stm32cubeide_1.4.0/stm32cubeide/plugins/com.st.stm32cube.ide.mcu.externaltools.gnu-tools-for-stm32.7-2018-q2-update.win32_1.4.0.202007081208/tools/bin/../lib/gcc/arm-none-eabi/7.3.1/thumb/v7-m/crtend.o
 .bss           0x0000000000000000        0x0 c:/st/stm32cubeide_1.4.0/stm32cubeide/plugins/com.st.stm32cube.ide.mcu.externaltools.gnu-tools-for-stm32.7-2018-q2-update.win32_1.4.0.202007081208/tools/bin/../lib/gcc/arm-none-eabi/7.3.1/thumb/v7-m/crtend.o
 .eh_frame      0x0000000000000000        0x4 c:/st/stm32cubeide_1.4.0/stm32cubeide/plugins/com.st.stm32cube.ide.mcu.externaltools.gnu-tools-for-stm32.7-2018-q2-update.win32_1.4.0.202007081208/tools/bin/../lib/gcc/arm-none-eabi/7.3.1/thumb/v7-m/crtend.o
 .ARM.attributes
                0x0000000000000000       0x2d c:/st/stm32cubeide_1.4.0/stm32cubeide/plugins/com.st.stm32cube.ide.mcu.externaltools.gnu-tools-for-stm32.7-2018-q2-update.win32_1.4.0.202007081208/tools/bin/../lib/gcc/arm-none-eabi/7.3.1/thumb/v7-m/crtend.o
 .text          0x0000000000000000        0x0 c:/st/stm32cubeide_1.4.0/stm32cubeide/plugins/com.st.stm32cube.ide.mcu.externaltools.gnu-tools-for-stm32.7-2018-q2-update.win32_1.4.0.202007081208/tools/bin/../lib/gcc/arm-none-eabi/7.3.1/thumb/v7-m/crtn.o
 .data          0x0000000000000000        0x0 c:/st/stm32cubeide_1.4.0/stm32cubeide/plugins/com.st.stm32cube.ide.mcu.externaltools.gnu-tools-for-stm32.7-2018-q2-update.win32_1.4.0.202007081208/tools/bin/../lib/gcc/arm-none-eabi/7.3.1/thumb/v7-m/crtn.o
 .bss           0x0000000000000000        0x0 c:/st/stm32cubeide_1.4.0/stm32cubeide/plugins/com.st.stm32cube.ide.mcu.externaltools.gnu-tools-for-stm32.7-2018-q2-update.win32_1.4.0.202007081208/tools/bin/../lib/gcc/arm-none-eabi/7.3.1/thumb/v7-m/crtn.o

Memory Configuration

Name             Origin             Length             Attributes
RAM              0x0000000020000000 0x0000000000002800 xrw
ROM              0x0000000008000000 0x0000000000008000 xr
*default*        0x0000000000000000 0xffffffffffffffff

Linker script and memory map

LOAD c:/st/stm32cubeide_1.4.0/stm32cubeide/plugins/com.st.stm32cube.ide.mcu.externaltools.gnu-tools-for-stm32.7-2018-q2-update.win32_1.4.0.202007081208/tools/bin/../lib/gcc/arm-none-eabi/7.3.1/thumb/v7-m/crti.o
LOAD c:/st/stm32cubeide_1.4.0/stm32cubeide/plugins/com.st.stm32cube.ide.mcu.externaltools.gnu-tools-for-stm32.7-2018-q2-update.win32_1.4.0.202007081208/tools/bin/../lib/gcc/arm-none-eabi/7.3.1/thumb/v7-m/crtbegin.o
LOAD c:/st/stm32cubeide_1.4.0/stm32cubeide/plugins/com.st.stm32cube.ide.mcu.externaltools.gnu-tools-for-stm32.7-2018-q2-update.win32_1.4.0.202007081208/tools/bin/../lib/gcc/arm-none-eabi/7.3.1/../../../../arm-none-eabi/lib/thumb/v7-m/crt0.o
LOAD MRTOS/src/MRTOS_Porting.o
LOAD MRTOS/src/MRTOS_Queue.o
LOAD MRTOS/src/MRTOS_Scheduler.o
LOAD Src/AFIO_program.o
LOAD Src/EXTI_program.o
LOAD Src/GPIO_program.o
LOAD Src/NVIC_program.o
LOAD Src/PSRC_program.o
LOAD Src/RCC_program.o
LOAD Src/SCB_program.o
LOAD Src/STK_program.o
LOAD Src/USART_program.o
LOAD Src/main.o
LOAD Startup/startup_stm32f103c6tx.o
START GROUP
LOAD c:/st/stm32cubeide_1.4.0/stm32cubeide/plugins/com.st.stm32cube.ide.mcu.externaltools.gnu-tools-for-stm32.7-2018-q2-update.win32_1.4.0.202007081208/tools/bin/../lib/gcc/arm-none-eabi/7.3.1/../../../../arm-none-eabi/lib/thumb/v7-m\libc_nano.a
LOAD c:/st/stm32cubeide_1.4.0/stm32cubeide/plugins/com.st.stm32cube.ide.mcu.externaltools.gnu-tools-for-stm32.7-2018-q2-update.win32_1.4.0.202007081208/tools/bin/../lib/gcc/arm-none-eabi/7.3.1/../../../../arm-none-eabi/lib/thumb/v7-m\libm.a
END GROUP
START GROUP
LOAD c:/st/stm32cubeide_1.4.0/stm32cubeide/plugins/com.st.stm32cube.ide.mcu.externaltools.gnu-tools-for-stm32.7-2018-q2-update.win32_1.4.0.202007081208/tools/bin/../lib/gcc/arm-none-eabi/7.3.1/thumb/v7-m\libgcc.a
LOAD c:/st/stm32cubeide_1.4.0/stm32cubeide/plugins/com.st.stm32cube.ide.mcu.externaltools.gnu-tools-for-stm32.7-2018-q2-update.win32_1.4.0.202007081208/tools/bin/../lib/gcc/arm-none-eabi/7.3.1/../../../../arm-none-eabi/lib/thumb/v7-m\libc_nano.a
END GROUP
START GROUP
LOAD c:/st/stm32cubeide_1.4.0/stm32cubeide/plugins/com.st.stm32cube.ide.mcu.externaltools.gnu-tools-for-stm32.7-2018-q2-update.win32_1.4.0.202007081208/tools/bin/../lib/gcc/arm-none-eabi/7.3.1/thumb/v7-m\libgcc.a
LOAD c:/st/stm32cubeide_1.4.0/stm32cubeide/plugins/com.st.stm32cube.ide.mcu.externaltools.gnu-tools-for-stm32.7-2018-q2-update.win32_1.4.0.202007081208/tools/bin/../lib/gcc/arm-none-eabi/7.3.1/../../../../arm-none-eabi/lib/thumb/v7-m\libc_nano.a
LOAD c:/st/stm32cubeide_1.4.0/stm32cubeide/plugins/com.st.stm32cube.ide.mcu.externaltools.gnu-tools-for-stm32.7-2018-q2-update.win32_1.4.0.202007081208/tools/bin/../lib/gcc/arm-none-eabi/7.3.1/../../../../arm-none-eabi/lib/thumb/v7-m\libnosys.a
END GROUP
START GROUP
LOAD c:/st/stm32cubeide_1.4.0/stm32cubeide/plugins/com.st.stm32cube.ide.mcu.externaltools.gnu-tools-for-stm32.7-2018-q2-update.win32_1.4.0.202007081208/tools/bin/../lib/gcc/arm-none-eabi/7.3.1/thumb/v7-m\libgcc.a
LOAD c:/st/stm32cubeide_1.4.0/stm32cubeide/plugins/com.st.stm32cube.ide.mcu.externaltools.gnu-tools-for-stm32.7-2018-q2-update.win32_1.4.0.202007081208/tools/bin/../lib/gcc/arm-none-eabi/7.3.1/../../../../arm-none-eabi/lib/thumb/v7-m\libc_nano.a
LOAD c:/st/stm32cubeide_1.4.0/stm32cubeide/plugins/com.st.stm32cube.ide.mcu.externaltools.gnu-tools-for-stm32.7-2018-q2-update.win32_1.4.0.202007081208/tools/bin/../lib/gcc/arm-none-eabi/7.3.1/../../../../arm-none-eabi/lib/thumb/v7-m\libnosys.a
END GROUP
LOAD c:/st/stm32cubeide_1.4.0/stm32cubeide/plugins/com.st.stm32cube.ide.mcu.externaltools.gnu-tools-for-stm32.7-2018-q2-update.win32_1.4.0.202007081208/tools/bin/../lib/gcc/arm-none-eabi/7.3.1/thumb/v7-m/crtend.o
LOAD c:/st/stm32cubeide_1.4.0/stm32cubeide/plugins/com.st.stm32cube.ide.mcu.externaltools.gnu-tools-for-stm32.7-2018-q2-update.win32_1.4.0.202007081208/tools/bin/../lib/gcc/arm-none-eabi/7.3.1/thumb/v7-m/crtn.o
                0x0000000020002800                _estack = (ORIGIN (RAM) + LENGTH (RAM))
                0x0000000000000200                _Min_Heap_Size = 0x200
                0x0000000000000400                _Min_Stack_Size = 0x400

.isr_vector     0x0000000008000000      0x130
                0x0000000008000000                . = ALIGN (0x4)
 *(.isr_vector)
 .isr_vector    0x0000000008000000      0x130 Startup/startup_stm32f103c6tx.o
                0x0000000008000000                g_pfnVectors
                0x0000000008000130                . = ALIGN (0x4)

.text           0x0000000008000130     0x1000
                0x0000000008000130                . = ALIGN (0x4)
 *(.text)
 .text          0x0000000008000130       0x40 c:/st/stm32cubeide_1.4.0/stm32cubeide/plugins/com.st.stm32cube.ide.mcu.externaltools.gnu-tools-for-stm32.7-2018-q2-update.win32_1.4.0.202007081208/tools/bin/../lib/gcc/arm-none-eabi/7.3.1/thumb/v7-m/crtbegin.o
 *(.text*)
 .text.MRTOS_voidHardwareInit
                0x0000000008000170       0x24 MRTOS/src/MRTOS_Porting.o
                0x0000000008000170                MRTOS_voidHardwareInit
 .text.MRTOS_voidStartTicker
                0x0000000008000194       0x1e MRTOS/src/MRTOS_Porting.o
                0x0000000008000194                MRTOS_voidStartTicker
 *fill*         0x00000000080001b2        0x2 
 .text.MRTOS_voidCallService
                0x00000000080001b4       0x44 MRTOS/src/MRTOS_Porting.o
                0x00000000080001b4                MRTOS_voidCallService
 .text.HardFault_Handler
                0x00000000080001f8        0x6 MRTOS/src/MRTOS_Porting.o
                0x00000000080001f8                HardFault_Handler
 .text.MemManage_Handler
                0x00000000080001fe        0x6 MRTOS/src/MRTOS_Porting.o
                0x00000000080001fe                MemManage_Handler
 .text.BusFault_Handler
                0x0000000008000204        0x6 MRTOS/src/MRTOS_Porting.o
                0x0000000008000204                BusFault_Handler
 .text.UsageFault_Handler
                0x000000000800020a        0x6 MRTOS/src/MRTOS_Porting.o
                0x000000000800020a                UsageFault_Handler
 .text.SVC_Handler
                0x0000000008000210       0x14 MRTOS/src/MRTOS_Porting.o
                0x0000000008000210                SVC_Handler
 .text.queue_create
                0x0000000008000224       0x26 MRTOS/src/MRTOS_Queue.o
                0x0000000008000224                queue_create
 *fill*         0x000000000800024a        0x2 
 .text.queue_add
                0x000000000800024c       0x68 MRTOS/src/MRTOS_Queue.o
                0x000000000800024c                queue_add
 .text.queue_get
                0x00000000080002b4       0x68 MRTOS/src/MRTOS_Queue.o
                0x00000000080002b4                queue_get
 .text.queue_size
                0x000000000800031c       0x18 MRTOS/src/MRTOS_Queue.o
                0x000000000800031c                queue_size
 .text.MRTOS_staticMainStack
                0x0000000008000334       0x4c MRTOS/src/MRTOS_Scheduler.o
 .text.MRTOS_staticIdleTask
                0x0000000008000380        0x8 MRTOS/src/MRTOS_Scheduler.o
 .text.MRTOS_voidInit
                0x0000000008000388       0x68 MRTOS/src/MRTOS_Scheduler.o
                0x0000000008000388                MRTOS_voidInit
 .text.MRTOS_voidCreateTask
                0x00000000080003f0       0xfc MRTOS/src/MRTOS_Scheduler.o
                0x00000000080003f0                MRTOS_voidCreateTask
 .text.MRTOS_voidActiveTask
                0x00000000080004ec       0x32 MRTOS/src/MRTOS_Scheduler.o
                0x00000000080004ec                MRTOS_voidActiveTask
 .text.MRTOS_voidTerminateTask
                0x000000000800051e       0x32 MRTOS/src/MRTOS_Scheduler.o
                0x000000000800051e                MRTOS_voidTerminateTask
 .text.MRTOS_voidStartScheduler
                0x0000000008000550       0x60 MRTOS/src/MRTOS_Scheduler.o
                0x0000000008000550                MRTOS_voidStartScheduler
 .text.MRTOS_CreateMutex
                0x00000000080005b0       0x36 MRTOS/src/MRTOS_Scheduler.o
                0x00000000080005b0                MRTOS_CreateMutex
 .text.MRTOS_AquireMutex
                0x00000000080005e6       0xc6 MRTOS/src/MRTOS_Scheduler.o
                0x00000000080005e6                MRTOS_AquireMutex
 .text.MRTOS_ReleaseMutex
                0x00000000080006ac       0x90 MRTOS/src/MRTOS_Scheduler.o
                0x00000000080006ac                MRTOS_ReleaseMutex
 .text.MRTOS_staticFirstStageSchedular
                0x000000000800073c      0x11c MRTOS/src/MRTOS_Scheduler.o
 .text.MRTOS_staticSecondStageSchedular
                0x0000000008000858       0xb8 MRTOS/src/MRTOS_Scheduler.o
 .text.PendSV_Handler
                0x0000000008000910      0x1c0 MRTOS/src/MRTOS_Scheduler.o
                0x0000000008000910                PendSV_Handler
 .text._MRTOS_SVC_CALL_
                0x0000000008000ad0       0x50 MRTOS/src/MRTOS_Scheduler.o
                0x0000000008000ad0                _MRTOS_SVC_CALL_
 .text.MRTOS_voidTickerHandler
                0x0000000008000b20       0x9c MRTOS/src/MRTOS_Scheduler.o
 .text.EXTI0_IRQHandler
                0x0000000008000bbc       0x24 Src/EXTI_program.o
                0x0000000008000bbc                EXTI0_IRQHandler
 .text.EXTI1_IRQHandler
                0x0000000008000be0       0x24 Src/EXTI_program.o
                0x0000000008000be0                EXTI1_IRQHandler
 .text.EXTI2_IRQHandler
                0x0000000008000c04       0x24 Src/EXTI_program.o
                0x0000000008000c04                EXTI2_IRQHandler
 .text.EXTI3_IRQHandler
                0x0000000008000c28       0x24 Src/EXTI_program.o
                0x0000000008000c28                EXTI3_IRQHandler
 .text.EXTI4_IRQHandler
                0x0000000008000c4c       0x24 Src/EXTI_program.o
                0x0000000008000c4c                EXTI4_IRQHandler
 .text.PSRC_voidSetAccessLevel
                0x0000000008000c70       0x2c Src/PSRC_program.o
                0x0000000008000c70                PSRC_voidSetAccessLevel
 .text.SCB_voidTrigPendSV
                0x0000000008000c9c       0x1c Src/SCB_program.o
                0x0000000008000c9c                SCB_voidTrigPendSV
 .text.STK_voidInit
                0x0000000008000cb8       0x20 Src/STK_program.o
                0x0000000008000cb8                STK_voidInit
 .text.STK_voidStopSystick
                0x0000000008000cd8       0x1c Src/STK_program.o
                0x0000000008000cd8                STK_voidStopSystick
 .text.STK_voidStartSystick
                0x0000000008000cf4       0x1c Src/STK_program.o
                0x0000000008000cf4                STK_voidStartSystick
 .text.STK_voidSetIntervalPeriodic
                0x0000000008000d10       0x60 Src/STK_program.o
                0x0000000008000d10                STK_voidSetIntervalPeriodic
 .text.SysTick_Handler
                0x0000000008000d70       0x4c Src/STK_program.o
                0x0000000008000d70                SysTick_Handler
 .text.USART1_IRQHandler
                0x0000000008000dbc       0x38 Src/USART_program.o
                0x0000000008000dbc                USART1_IRQHandler
 .text.USART2_IRQHandler
                0x0000000008000df4       0x38 Src/USART_program.o
                0x0000000008000df4                USART2_IRQHandler
 .text.USART3_IRQHandler
                0x0000000008000e2c       0x3c Src/USART_program.o
                0x0000000008000e2c                USART3_IRQHandler
 .text.main     0x0000000008000e68       0xbc Src/main.o
                0x0000000008000e68                main
 .text.T1_Func  0x0000000008000f24       0x60 Src/main.o
                0x0000000008000f24                T1_Func
 .text.T2_Func  0x0000000008000f84       0x50 Src/main.o
                0x0000000008000f84                T2_Func
 .text.T3_Func  0x0000000008000fd4       0x50 Src/main.o
                0x0000000008000fd4                T3_Func
 .text.T4_Func  0x0000000008001024       0x58 Src/main.o
                0x0000000008001024                T4_Func
 .text.Reset_Handler
                0x000000000800107c       0x50 Startup/startup_stm32f103c6tx.o
                0x000000000800107c                Reset_Handler
 .text.Default_Handler
                0x00000000080010cc        0x2 Startup/startup_stm32f103c6tx.o
                0x00000000080010cc                TIM8_TRG_COM_IRQHandler
                0x00000000080010cc                TIM8_CC_IRQHandler
                0x00000000080010cc                DebugMon_Handler
                0x00000000080010cc                TIM1_CC_IRQHandler
                0x00000000080010cc                TIM6_IRQHandler
                0x00000000080010cc                PVD_IRQHandler
                0x00000000080010cc                SDIO_IRQHandler
                0x00000000080010cc                NMI_Handler
                0x00000000080010cc                USB_HP_CAN_TX_IRQHandler
                0x00000000080010cc                I2C2_EV_IRQHandler
                0x00000000080010cc                ADC1_2_IRQHandler
                0x00000000080010cc                SPI1_IRQHandler
                0x00000000080010cc                CAN_SCE_IRQHandler
                0x00000000080010cc                TAMPER_IRQHandler
                0x00000000080010cc                TIM8_UP_IRQHandler
                0x00000000080010cc                DMA2_Channel2_IRQHandler
                0x00000000080010cc                DMA1_Channel4_IRQHandler
                0x00000000080010cc                RTC_IRQHandler
                0x00000000080010cc                DMA1_Channel7_IRQHandler
                0x00000000080010cc                UART5_IRQHandler
                0x00000000080010cc                ADC3_IRQHandler
                0x00000000080010cc                TIM4_IRQHandler
                0x00000000080010cc                CAN_RX1_IRQHandler
                0x00000000080010cc                DMA2_Channel1_IRQHandler
                0x00000000080010cc                I2C1_EV_IRQHandler
                0x00000000080010cc                DMA1_Channel6_IRQHandler
                0x00000000080010cc                UART4_IRQHandler
                0x00000000080010cc                TIM3_IRQHandler
                0x00000000080010cc                RCC_IRQHandler
                0x00000000080010cc                TIM1_TRG_COM_IRQHandler
                0x00000000080010cc                DMA1_Channel1_IRQHandler
                0x00000000080010cc                Default_Handler
                0x00000000080010cc                EXTI15_10_IRQHandler
                0x00000000080010cc                TIM7_IRQHandler
                0x00000000080010cc                TIM5_IRQHandler
                0x00000000080010cc                EXTI9_5_IRQHandler
                0x00000000080010cc                SPI2_IRQHandler
                0x00000000080010cc                USB_LP_CAN_RX0_IRQHandler
                0x00000000080010cc                DMA1_Channel5_IRQHandler
                0x00000000080010cc                DMA1_Channel3_IRQHandler
                0x00000000080010cc                FSMC_IRQHandler
                0x00000000080010cc                TIM1_UP_IRQHandler
                0x00000000080010cc                WWDG_IRQHandler
                0x00000000080010cc                TIM2_IRQHandler
                0x00000000080010cc                TIM1_BRK_IRQHandler
                0x00000000080010cc                RTCAlarm_IRQHandler
                0x00000000080010cc                DMA2_Channel4_5_IRQHandler
                0x00000000080010cc                I2C2_ER_IRQHandler
                0x00000000080010cc                DMA1_Channel2_IRQHandler
                0x00000000080010cc                TIM8_BRK_IRQHandler
                0x00000000080010cc                FLASH_IRQHandler
                0x00000000080010cc                SPI3_IRQHandler
                0x00000000080010cc                I2C1_ER_IRQHandler
                0x00000000080010cc                DMA2_Channel3_IRQHandler
 *fill*         0x00000000080010ce        0x2 
 .text.__libc_init_array
                0x00000000080010d0       0x48 c:/st/stm32cubeide_1.4.0/stm32cubeide/plugins/com.st.stm32cube.ide.mcu.externaltools.gnu-tools-for-stm32.7-2018-q2-update.win32_1.4.0.202007081208/tools/bin/../lib/gcc/arm-none-eabi/7.3.1/../../../../arm-none-eabi/lib/thumb/v7-m\libc_nano.a(lib_a-init.o)
                0x00000000080010d0                __libc_init_array
 *(.glue_7)
 .glue_7        0x0000000008001118        0x0 linker stubs
 *(.glue_7t)
 .glue_7t       0x0000000008001118        0x0 linker stubs
 *(.eh_frame)
 .eh_frame      0x0000000008001118        0x0 c:/st/stm32cubeide_1.4.0/stm32cubeide/plugins/com.st.stm32cube.ide.mcu.externaltools.gnu-tools-for-stm32.7-2018-q2-update.win32_1.4.0.202007081208/tools/bin/../lib/gcc/arm-none-eabi/7.3.1/thumb/v7-m/crtbegin.o
 *(.init)
 .init          0x0000000008001118        0x4 c:/st/stm32cubeide_1.4.0/stm32cubeide/plugins/com.st.stm32cube.ide.mcu.externaltools.gnu-tools-for-stm32.7-2018-q2-update.win32_1.4.0.202007081208/tools/bin/../lib/gcc/arm-none-eabi/7.3.1/thumb/v7-m/crti.o
                0x0000000008001118                _init
 .init          0x000000000800111c        0x8 c:/st/stm32cubeide_1.4.0/stm32cubeide/plugins/com.st.stm32cube.ide.mcu.externaltools.gnu-tools-for-stm32.7-2018-q2-update.win32_1.4.0.202007081208/tools/bin/../lib/gcc/arm-none-eabi/7.3.1/thumb/v7-m/crtn.o
 *(.fini)
 .fini          0x0000000008001124        0x4 c:/st/stm32cubeide_1.4.0/stm32cubeide/plugins/com.st.stm32cube.ide.mcu.externaltools.gnu-tools-for-stm32.7-2018-q2-update.win32_1.4.0.202007081208/tools/bin/../lib/gcc/arm-none-eabi/7.3.1/thumb/v7-m/crti.o
                0x0000000008001124                _fini
 .fini          0x0000000008001128        0x8 c:/st/stm32cubeide_1.4.0/stm32cubeide/plugins/com.st.stm32cube.ide.mcu.externaltools.gnu-tools-for-stm32.7-2018-q2-update.win32_1.4.0.202007081208/tools/bin/../lib/gcc/arm-none-eabi/7.3.1/thumb/v7-m/crtn.o
                0x0000000008001130                . = ALIGN (0x4)
                0x0000000008001130                _etext = .

.vfp11_veneer   0x0000000008001130        0x0
 .vfp11_veneer  0x0000000008001130        0x0 linker stubs

.v4_bx          0x0000000008001130        0x0
 .v4_bx         0x0000000008001130        0x0 linker stubs

.iplt           0x0000000008001130        0x0
 .iplt          0x0000000008001130        0x0 c:/st/stm32cubeide_1.4.0/stm32cubeide/plugins/com.st.stm32cube.ide.mcu.externaltools.gnu-tools-for-stm32.7-2018-q2-update.win32_1.4.0.202007081208/tools/bin/../lib/gcc/arm-none-eabi/7.3.1/thumb/v7-m/crtbegin.o

.rel.dyn        0x0000000008001130        0x0
 .rel.iplt      0x0000000008001130        0x0 c:/st/stm32cubeide_1.4.0/stm32cubeide/plugins/com.st.stm32cube.ide.mcu.externaltools.gnu-tools-for-stm32.7-2018-q2-update.win32_1.4.0.202007081208/tools/bin/../lib/gcc/arm-none-eabi/7.3.1/thumb/v7-m/crtbegin.o

.rodata         0x0000000008001130        0x0
                0x0000000008001130                . = ALIGN (0x4)
 *(.rodata)
 *(.rodata*)
                0x0000000008001130                . = ALIGN (0x4)

.ARM.extab      0x0000000008001130        0x0
                0x0000000008001130                . = ALIGN (0x4)
 *(.ARM.extab* .gnu.linkonce.armextab.*)
                0x0000000008001130                . = ALIGN (0x4)

.ARM            0x0000000008001130        0x0
                0x0000000008001130                . = ALIGN (0x4)
                0x0000000008001130                __exidx_start = .
 *(.ARM.exidx*)
                0x0000000008001130                __exidx_end = .
                0x0000000008001130                . = ALIGN (0x4)

.preinit_array  0x0000000008001130        0x0
                0x0000000008001130                . = ALIGN (0x4)
                0x0000000008001130                PROVIDE (__preinit_array_start = .)
 *(.preinit_array*)
                0x0000000008001130                PROVIDE (__preinit_array_end = .)
                0x0000000008001130                . = ALIGN (0x4)

.init_array     0x0000000008001130        0x4
                0x0000000008001130                . = ALIGN (0x4)
                0x0000000008001130                PROVIDE (__init_array_start = .)
 *(SORT_BY_NAME(.init_array.*))
 *(.init_array*)
 .init_array    0x0000000008001130        0x4 c:/st/stm32cubeide_1.4.0/stm32cubeide/plugins/com.st.stm32cube.ide.mcu.externaltools.gnu-tools-for-stm32.7-2018-q2-update.win32_1.4.0.202007081208/tools/bin/../lib/gcc/arm-none-eabi/7.3.1/thumb/v7-m/crtbegin.o
                0x0000000008001134                PROVIDE (__init_array_end = .)
                0x0000000008001134                . = ALIGN (0x4)

.fini_array     0x0000000008001134        0x4
                0x0000000008001134                . = ALIGN (0x4)
                [!provide]                        PROVIDE (__fini_array_start = .)
 *(SORT_BY_NAME(.fini_array.*))
 *(.fini_array*)
 .fini_array    0x0000000008001134        0x4 c:/st/stm32cubeide_1.4.0/stm32cubeide/plugins/com.st.stm32cube.ide.mcu.externaltools.gnu-tools-for-stm32.7-2018-q2-update.win32_1.4.0.202007081208/tools/bin/../lib/gcc/arm-none-eabi/7.3.1/thumb/v7-m/crtbegin.o
                [!provide]                        PROVIDE (__fini_array_end = .)
                0x0000000008001138                . = ALIGN (0x4)
                0x0000000008001138                _sidata = LOADADDR (.data)

.data           0x0000000020000000        0x0 load address 0x0000000008001138
                0x0000000020000000                . = ALIGN (0x4)
                0x0000000020000000                _sdata = .
 *(.data)
 *(.data*)
                0x0000000020000000                . = ALIGN (0x4)
                0x0000000020000000                _edata = .

.igot.plt       0x0000000020000000        0x0 load address 0x0000000008001138
 .igot.plt      0x0000000020000000        0x0 c:/st/stm32cubeide_1.4.0/stm32cubeide/plugins/com.st.stm32cube.ide.mcu.externaltools.gnu-tools-for-stm32.7-2018-q2-update.win32_1.4.0.202007081208/tools/bin/../lib/gcc/arm-none-eabi/7.3.1/thumb/v7-m/crtbegin.o
                0x0000000020000000                . = ALIGN (0x4)

.bss            0x0000000020000000      0x1e4 load address 0x0000000008001138
                0x0000000020000000                _sbss = .
                0x0000000020000000                __bss_start__ = _sbss
 *(.bss)
 .bss           0x0000000020000000       0x1c c:/st/stm32cubeide_1.4.0/stm32cubeide/plugins/com.st.stm32cube.ide.mcu.externaltools.gnu-tools-for-stm32.7-2018-q2-update.win32_1.4.0.202007081208/tools/bin/../lib/gcc/arm-none-eabi/7.3.1/thumb/v7-m/crtbegin.o
 *(.bss*)
 .bss.OS_Control
                0x000000002000001c       0x34 MRTOS/src/MRTOS_Scheduler.o
 .bss.Global_IdleTask
                0x0000000020000050       0x28 MRTOS/src/MRTOS_Scheduler.o
 .bss.EXTI_PtrFunction
                0x0000000020000078       0x40 Src/EXTI_program.o
 .bss.Glob_STKCallback
                0x00000000200000b8        0x4 Src/STK_program.o
                0x00000000200000b8                Glob_STKCallback
 .bss.Global_USART_Config
                0x00000000200000bc        0xc Src/USART_program.o
 .bss.t1        0x00000000200000c8        0x4 Src/main.o
                0x00000000200000c8                t1
 .bss.t2        0x00000000200000cc        0x4 Src/main.o
                0x00000000200000cc                t2
 .bss.count.4405
                0x00000000200000d0        0x4 Src/main.o
 .bss.count.4410
                0x00000000200000d4        0x4 Src/main.o
 .bss.count.4415
                0x00000000200000d8        0x4 Src/main.o
 .bss.count.4420
                0x00000000200000dc        0x4 Src/main.o
 *(COMMON)
 COMMON         0x00000000200000e0       0x3c MRTOS/src/MRTOS_Scheduler.o
                0x00000000200000e0                Global_QueueOfReadyTasks
                0x0000000020000104                Global_pTasks
 COMMON         0x000000002000011c        0x1 Src/STK_program.o
                0x000000002000011c                STK_u8ModeOfInterval
 *fill*         0x000000002000011d        0x3 
 COMMON         0x0000000020000120       0xc4 Src/main.o
                0x0000000020000120                T2
                0x0000000020000148                t3
                0x000000002000014c                T4
                0x0000000020000174                t4
                0x0000000020000178                T3
                0x00000000200001a0                test
                0x00000000200001a4                T1
                0x00000000200001cc                mutex1
                0x00000000200001e4                . = ALIGN (0x4)
                0x00000000200001e4                _ebss = .
                0x00000000200001e4                __bss_end__ = _ebss

._user_heap_stack
                0x00000000200001e4      0x604 load address 0x0000000008001138
                0x00000000200001e8                . = ALIGN (0x8)
 *fill*         0x00000000200001e4        0x4 
                [!provide]                        PROVIDE (end = .)
                [!provide]                        PROVIDE (_end = .)
                0x00000000200003e8                . = (. + _Min_Heap_Size)
 *fill*         0x00000000200001e8      0x200 
                0x00000000200003e8                . = ALIGN (0x8)
                0x00000000200003e8                _eheap = .
                0x00000000200007e8                . = (. + _Min_Stack_Size)
 *fill*         0x00000000200003e8      0x400 
                0x00000000200007e8                . = ALIGN (0x8)

/DISCARD/
 libc.a(*)
 libm.a(*)
 libgcc.a(*)

.ARM.attributes
                0x0000000000000000       0x29
 *(.ARM.attributes)
 .ARM.attributes
                0x0000000000000000       0x1d c:/st/stm32cubeide_1.4.0/stm32cubeide/plugins/com.st.stm32cube.ide.mcu.externaltools.gnu-tools-for-stm32.7-2018-q2-update.win32_1.4.0.202007081208/tools/bin/../lib/gcc/arm-none-eabi/7.3.1/thumb/v7-m/crti.o
 .ARM.attributes
                0x000000000000001d       0x2d c:/st/stm32cubeide_1.4.0/stm32cubeide/plugins/com.st.stm32cube.ide.mcu.externaltools.gnu-tools-for-stm32.7-2018-q2-update.win32_1.4.0.202007081208/tools/bin/../lib/gcc/arm-none-eabi/7.3.1/thumb/v7-m/crtbegin.o
 .ARM.attributes
                0x000000000000004a       0x33 MRTOS/src/MRTOS_Porting.o
 .ARM.attributes
                0x000000000000007d       0x33 MRTOS/src/MRTOS_Queue.o
 .ARM.attributes
                0x00000000000000b0       0x33 MRTOS/src/MRTOS_Scheduler.o
 .ARM.attributes
                0x00000000000000e3       0x33 Src/EXTI_program.o
 .ARM.attributes
                0x0000000000000116       0x33 Src/PSRC_program.o
 .ARM.attributes
                0x0000000000000149       0x33 Src/SCB_program.o
 .ARM.attributes
                0x000000000000017c       0x33 Src/STK_program.o
 .ARM.attributes
                0x00000000000001af       0x33 Src/USART_program.o
 .ARM.attributes
                0x00000000000001e2       0x33 Src/main.o
 .ARM.attributes
                0x0000000000000215       0x21 Startup/startup_stm32f103c6tx.o
 .ARM.attributes
                0x0000000000000236       0x2d c:/st/stm32cubeide_1.4.0/stm32cubeide/plugins/com.st.stm32cube.ide.mcu.externaltools.gnu-tools-for-stm32.7-2018-q2-update.win32_1.4.0.202007081208/tools/bin/../lib/gcc/arm-none-eabi/7.3.1/../../../../arm-none-eabi/lib/thumb/v7-m\libc_nano.a(lib_a-init.o)
 .ARM.attributes
                0x0000000000000263       0x1d c:/st/stm32cubeide_1.4.0/stm32cubeide/plugins/com.st.stm32cube.ide.mcu.externaltools.gnu-tools-for-stm32.7-2018-q2-update.win32_1.4.0.202007081208/tools/bin/../lib/gcc/arm-none-eabi/7.3.1/thumb/v7-m/crtn.o
OUTPUT(RTOS.axf elf32-littlearm)

.debug_info     0x0000000000000000     0x3692
 .debug_info    0x0000000000000000      0x164 MRTOS/src/MRTOS_Porting.o
 .debug_info    0x0000000000000164      0xc1e MRTOS/src/MRTOS_Queue.o
 .debug_info    0x0000000000000d82     0x12d9 MRTOS/src/MRTOS_Scheduler.o
 .debug_info    0x000000000000205b      0x41c Src/EXTI_program.o
 .debug_info    0x0000000000002477       0x92 Src/PSRC_program.o
 .debug_info    0x0000000000002509      0x15a Src/SCB_program.o
 .debug_info    0x0000000000002663      0x503 Src/STK_program.o
 .debug_info    0x0000000000002b66      0x74f Src/USART_program.o
 .debug_info    0x00000000000032b5      0x3bb Src/main.o
 .debug_info    0x0000000000003670       0x22 Startup/startup_stm32f103c6tx.o

.debug_abbrev   0x0000000000000000      0xcba
 .debug_abbrev  0x0000000000000000       0xe8 MRTOS/src/MRTOS_Porting.o
 .debug_abbrev  0x00000000000000e8      0x1ca MRTOS/src/MRTOS_Queue.o
 .debug_abbrev  0x00000000000002b2      0x362 MRTOS/src/MRTOS_Scheduler.o
 .debug_abbrev  0x0000000000000614      0x12e Src/EXTI_program.o
 .debug_abbrev  0x0000000000000742       0x72 Src/PSRC_program.o
 .debug_abbrev  0x00000000000007b4       0xd2 Src/SCB_program.o
 .debug_abbrev  0x0000000000000886      0x19e Src/STK_program.o
 .debug_abbrev  0x0000000000000a24      0x178 Src/USART_program.o
 .debug_abbrev  0x0000000000000b9c      0x10c Src/main.o
 .debug_abbrev  0x0000000000000ca8       0x12 Startup/startup_stm32f103c6tx.o

.debug_loc      0x0000000000000000     0x18d8
 .debug_loc     0x0000000000000000      0x188 MRTOS/src/MRTOS_Porting.o
 .debug_loc     0x0000000000000188      0x170 MRTOS/src/MRTOS_Queue.o
 .debug_loc     0x00000000000002f8      0x4b0 MRTOS/src/MRTOS_Scheduler.o
 .debug_loc     0x00000000000007a8      0x4dc Src/EXTI_program.o
 .debug_loc     0x0000000000000c84      0x158 Src/SCB_program.o
 .debug_loc     0x0000000000000ddc      0x640 Src/STK_program.o
 .debug_loc     0x000000000000141c      0x3e0 Src/USART_program.o
 .debug_loc     0x00000000000017fc       0xdc Src/main.o

.debug_aranges  0x0000000000000000      0x3e8
 .debug_aranges
                0x0000000000000000       0x58 MRTOS/src/MRTOS_Porting.o
 .debug_aranges
                0x0000000000000058       0x38 MRTOS/src/MRTOS_Queue.o
 .debug_aranges
                0x0000000000000090       0x98 MRTOS/src/MRTOS_Scheduler.o
 .debug_aranges
                0x0000000000000128       0xc8 Src/EXTI_program.o
 .debug_aranges
                0x00000000000001f0       0x20 Src/PSRC_program.o
 .debug_aranges
                0x0000000000000210       0x38 Src/SCB_program.o
 .debug_aranges
                0x0000000000000248       0xb8 Src/STK_program.o
 .debug_aranges
                0x0000000000000300       0x80 Src/USART_program.o
 .debug_aranges
                0x0000000000000380       0x40 Src/main.o
 .debug_aranges
                0x00000000000003c0       0x28 Startup/startup_stm32f103c6tx.o

.debug_ranges   0x0000000000000000      0x350
 .debug_ranges  0x0000000000000000       0x48 MRTOS/src/MRTOS_Porting.o
 .debug_ranges  0x0000000000000048       0x28 MRTOS/src/MRTOS_Queue.o
 .debug_ranges  0x0000000000000070       0x88 MRTOS/src/MRTOS_Scheduler.o
 .debug_ranges  0x00000000000000f8       0xb8 Src/EXTI_program.o
 .debug_ranges  0x00000000000001b0       0x10 Src/PSRC_program.o
 .debug_ranges  0x00000000000001c0       0x28 Src/SCB_program.o
 .debug_ranges  0x00000000000001e8       0xa8 Src/STK_program.o
 .debug_ranges  0x0000000000000290       0x70 Src/USART_program.o
 .debug_ranges  0x0000000000000300       0x30 Src/main.o
 .debug_ranges  0x0000000000000330       0x20 Startup/startup_stm32f103c6tx.o

.debug_macro    0x0000000000000000     0x20b4
 .debug_macro   0x0000000000000000       0x77 MRTOS/src/MRTOS_Porting.o
 .debug_macro   0x0000000000000077      0xa60 MRTOS/src/MRTOS_Porting.o
 .debug_macro   0x0000000000000ad7       0x22 MRTOS/src/MRTOS_Porting.o
 .debug_macro   0x0000000000000af9       0x52 MRTOS/src/MRTOS_Porting.o
 .debug_macro   0x0000000000000b4b       0x16 MRTOS/src/MRTOS_Porting.o
 .debug_macro   0x0000000000000b61       0x16 MRTOS/src/MRTOS_Porting.o
 .debug_macro   0x0000000000000b77       0x34 MRTOS/src/MRTOS_Porting.o
 .debug_macro   0x0000000000000bab      0x21a MRTOS/src/MRTOS_Queue.o
 .debug_macro   0x0000000000000dc5       0x22 MRTOS/src/MRTOS_Queue.o
 .debug_macro   0x0000000000000de7       0x40 MRTOS/src/MRTOS_Queue.o
 .debug_macro   0x0000000000000e27       0x18 MRTOS/src/MRTOS_Queue.o
 .debug_macro   0x0000000000000e3f       0x94 MRTOS/src/MRTOS_Queue.o
 .debug_macro   0x0000000000000ed3       0x3c MRTOS/src/MRTOS_Queue.o
 .debug_macro   0x0000000000000f0f       0x34 MRTOS/src/MRTOS_Queue.o
 .debug_macro   0x0000000000000f43       0x16 MRTOS/src/MRTOS_Queue.o
 .debug_macro   0x0000000000000f59       0x57 MRTOS/src/MRTOS_Queue.o
 .debug_macro   0x0000000000000fb0       0x97 MRTOS/src/MRTOS_Queue.o
 .debug_macro   0x0000000000001047      0x330 MRTOS/src/MRTOS_Queue.o
 .debug_macro   0x0000000000001377       0xfd MRTOS/src/MRTOS_Queue.o
 .debug_macro   0x0000000000001474       0x10 MRTOS/src/MRTOS_Queue.o
 .debug_macro   0x0000000000001484       0x52 MRTOS/src/MRTOS_Queue.o
 .debug_macro   0x00000000000014d6       0x1f MRTOS/src/MRTOS_Queue.o
 .debug_macro   0x00000000000014f5       0x43 MRTOS/src/MRTOS_Queue.o
 .debug_macro   0x0000000000001538       0x20 MRTOS/src/MRTOS_Queue.o
 .debug_macro   0x0000000000001558      0x1a3 MRTOS/src/MRTOS_Queue.o
 .debug_macro   0x00000000000016fb       0x10 MRTOS/src/MRTOS_Queue.o
 .debug_macro   0x000000000000170b       0x6a MRTOS/src/MRTOS_Queue.o
 .debug_macro   0x0000000000001775       0x1c MRTOS/src/MRTOS_Queue.o
 .debug_macro   0x0000000000001791       0x52 MRTOS/src/MRTOS_Queue.o
 .debug_macro   0x00000000000017e3       0x40 MRTOS/src/MRTOS_Queue.o
 .debug_macro   0x0000000000001823       0x10 MRTOS/src/MRTOS_Queue.o
 .debug_macro   0x0000000000001833       0x40 MRTOS/src/MRTOS_Queue.o
 .debug_macro   0x0000000000001873       0xd7 MRTOS/src/MRTOS_Queue.o
 .debug_macro   0x000000000000194a       0x1c MRTOS/src/MRTOS_Queue.o
 .debug_macro   0x0000000000001966       0x3d MRTOS/src/MRTOS_Queue.o
 .debug_macro   0x00000000000019a3       0x16 MRTOS/src/MRTOS_Queue.o
 .debug_macro   0x00000000000019b9      0x145 MRTOS/src/MRTOS_Queue.o
 .debug_macro   0x0000000000001afe       0x10 MRTOS/src/MRTOS_Queue.o
 .debug_macro   0x0000000000001b0e      0x25b MRTOS/src/MRTOS_Scheduler.o
 .debug_macro   0x0000000000001d69       0x50 Src/EXTI_program.o
 .debug_macro   0x0000000000001db9       0x16 Src/EXTI_program.o
 .debug_macro   0x0000000000001dcf       0x41 Src/PSRC_program.o
 .debug_macro   0x0000000000001e10       0x5a Src/SCB_program.o
 .debug_macro   0x0000000000001e6a       0x64 Src/SCB_program.o
 .debug_macro   0x0000000000001ece       0x48 Src/STK_program.o
 .debug_macro   0x0000000000001f16       0x16 Src/STK_program.o
 .debug_macro   0x0000000000001f2c       0x34 Src/STK_program.o
 .debug_macro   0x0000000000001f60       0x75 Src/USART_program.o
 .debug_macro   0x0000000000001fd5       0x2e Src/USART_program.o
 .debug_macro   0x0000000000002003       0xb1 Src/main.o

.debug_line     0x0000000000000000     0x1d6a
 .debug_line    0x0000000000000000      0x197 MRTOS/src/MRTOS_Porting.o
 .debug_line    0x0000000000000197      0x6eb MRTOS/src/MRTOS_Queue.o
 .debug_line    0x0000000000000882      0x8e9 MRTOS/src/MRTOS_Scheduler.o
 .debug_line    0x000000000000116b      0x245 Src/EXTI_program.o
 .debug_line    0x00000000000013b0       0xa8 Src/PSRC_program.o
 .debug_line    0x0000000000001458       0xeb Src/SCB_program.o
 .debug_line    0x0000000000001543      0x264 Src/STK_program.o
 .debug_line    0x00000000000017a7      0x320 Src/USART_program.o
 .debug_line    0x0000000000001ac7      0x21f Src/main.o
 .debug_line    0x0000000000001ce6       0x84 Startup/startup_stm32f103c6tx.o

.debug_str      0x0000000000000000     0x991f
 .debug_str     0x0000000000000000     0x3124 MRTOS/src/MRTOS_Porting.o
                                       0x3178 (size before relaxing)
 .debug_str     0x0000000000003124     0x49c2 MRTOS/src/MRTOS_Queue.o
                                       0x7b05 (size before relaxing)
 .debug_str     0x0000000000007ae6      0x6d7 MRTOS/src/MRTOS_Scheduler.o
                                       0x824f (size before relaxing)
 .debug_str     0x00000000000081bd      0x3a2 Src/EXTI_program.o
                                       0x31e0 (size before relaxing)
 .debug_str     0x000000000000855f       0x71 Src/PSRC_program.o
                                       0x2eef (size before relaxing)
 .debug_str     0x00000000000085d0      0x45e Src/SCB_program.o
                                       0x32e0 (size before relaxing)
 .debug_str     0x0000000000008a2e      0x43c Src/STK_program.o
                                       0x32b8 (size before relaxing)
 .debug_str     0x0000000000008e6a      0xa01 Src/USART_program.o
                                       0x3855 (size before relaxing)
 .debug_str     0x000000000000986b       0x83 Src/main.o
                                       0x34b2 (size before relaxing)
 .debug_str     0x00000000000098ee       0x31 Startup/startup_stm32f103c6tx.o
                                         0x69 (size before relaxing)

.comment        0x0000000000000000       0x7b
 .comment       0x0000000000000000       0x7b MRTOS/src/MRTOS_Porting.o
                                         0x7c (size before relaxing)
 .comment       0x000000000000007b       0x7c MRTOS/src/MRTOS_Queue.o
 .comment       0x000000000000007b       0x7c MRTOS/src/MRTOS_Scheduler.o
 .comment       0x000000000000007b       0x7c Src/EXTI_program.o
 .comment       0x000000000000007b       0x7c Src/PSRC_program.o
 .comment       0x000000000000007b       0x7c Src/SCB_program.o
 .comment       0x000000000000007b       0x7c Src/STK_program.o
 .comment       0x000000000000007b       0x7c Src/USART_program.o
 .comment       0x000000000000007b       0x7c Src/main.o

.debug_frame    0x0000000000000000      0xcf0
 .debug_frame   0x0000000000000000       0xe8 MRTOS/src/MRTOS_Porting.o
 .debug_frame   0x00000000000000e8       0xb0 MRTOS/src/MRTOS_Queue.o
 .debug_frame   0x0000000000000198      0x23c MRTOS/src/MRTOS_Scheduler.o
 .debug_frame   0x00000000000003d4      0x2bc Src/EXTI_program.o
 .debug_frame   0x0000000000000690       0x20 Src/PSRC_program.o
 .debug_frame   0x00000000000006b0       0xa8 Src/SCB_program.o
 .debug_frame   0x0000000000000758      0x2ec Src/STK_program.o
 .debug_frame   0x0000000000000a44      0x1e4 Src/USART_program.o
 .debug_frame   0x0000000000000c28       0x9c Src/main.o
 .debug_frame   0x0000000000000cc4       0x2c c:/st/stm32cubeide_1.4.0/stm32cubeide/plugins/com.st.stm32cube.ide.mcu.externaltools.gnu-tools-for-stm32.7-2018-q2-update.win32_1.4.0.202007081208/tools/bin/../lib/gcc/arm-none-eabi/7.3.1/../../../../arm-none-eabi/lib/thumb/v7-m\libc_nano.a(lib_a-init.o)
