
Memory Configuration

Name             Origin             Length             Attributes
flash            0x00000000         0x20000000         xr
sram             0x20000000         0x20000000         xrw
*default*        0x00000000         0xffffffff

Linker script and memory map


.text           0x00000000      0x158
 *(.vectors*)
 .vectors       0x00000000       0x44 c_startup.o
                0x00000000                vectors
 *(.text*)
 .text          0x00000044       0x90 c_startup.o
                0x00000044                RESEVERD_Handler
                0x00000044                HardFault_Handler
                0x00000044                SysTick_Handler
                0x00000044                IRQ0_Handler
                0x00000044                PendSV_Handler
                0x00000044                NMI_Handler
                0x00000044                SVcall_Handler
                0x00000044                UsageFault_Handler
                0x00000044                BusFault_Handler
                0x00000044                defaultHandler
                0x00000044                DebugReserved_Handler
                0x00000044                MMFault_Handler
                0x00000050                resetHandler
 .text          0x000000d4       0x84 main.o
                0x000000d4                main
 *(.rodata*)
                0x00000158                _E_TEXT_SEC = .

.glue_7         0x00000158        0x0
 .glue_7        0x00000158        0x0 linker stubs

.glue_7t        0x00000158        0x0
 .glue_7t       0x00000158        0x0 linker stubs

.vfp11_veneer   0x00000158        0x0
 .vfp11_veneer  0x00000158        0x0 linker stubs

.v4_bx          0x00000158        0x0
 .v4_bx         0x00000158        0x0 linker stubs

.iplt           0x00000158        0x0
 .iplt          0x00000158        0x0 c_startup.o

.rel.dyn        0x00000158        0x0
 .rel.iplt      0x00000158        0x0 c_startup.o

.data           0x20000000        0x0 load address 0x00000158
                0x20000000                _S_DATA_SEC = .
 *(.data*)
 .data          0x20000000        0x0 c_startup.o
 .data          0x20000000        0x0 main.o
                0x20000000                _E_DATA_SEC = .

.igot.plt       0x20000000        0x0 load address 0x00000158
 .igot.plt      0x20000000        0x0 c_startup.o

.bss            0x20000000      0x400 load address 0x00000158
                0x20000000                _S_BSS_SEC = .
 *(.bss*)
 .bss           0x20000000      0x400 c_startup.o
 .bss           0x20000400        0x0 main.o
                0x20000400                _E_BSS_SEC = .
                0x20000400                . = ALIGN (0x4)
LOAD c_startup.o
LOAD main.o
OUTPUT(blinkLED.elf elf32-littlearm)

.debug_info     0x00000000      0x25a
 .debug_info    0x00000000      0x1b9 c_startup.o
 .debug_info    0x000001b9       0xa1 main.o

.debug_abbrev   0x00000000      0x133
 .debug_abbrev  0x00000000       0xd9 c_startup.o
 .debug_abbrev  0x000000d9       0x5a main.o

.debug_loc      0x00000000       0xb4
 .debug_loc     0x00000000       0x7c c_startup.o
 .debug_loc     0x0000007c       0x38 main.o

.debug_aranges  0x00000000       0x40
 .debug_aranges
                0x00000000       0x20 c_startup.o
 .debug_aranges
                0x00000020       0x20 main.o

.debug_line     0x00000000       0xf2
 .debug_line    0x00000000       0x7d c_startup.o
 .debug_line    0x0000007d       0x75 main.o

.debug_str      0x00000000      0x1bb
 .debug_str     0x00000000      0x1a8 c_startup.o
                                0x1dc (size before relaxing)
 .debug_str     0x000001a8       0x13 main.o
                                0x142 (size before relaxing)

.comment        0x00000000       0x7e
 .comment       0x00000000       0x7e c_startup.o
                                 0x7f (size before relaxing)
 .comment       0x0000007e       0x7f main.o

.ARM.attributes
                0x00000000       0x33
 .ARM.attributes
                0x00000000       0x33 c_startup.o
 .ARM.attributes
                0x00000033       0x33 main.o

.debug_frame    0x00000000       0x7c
 .debug_frame   0x00000000       0x50 c_startup.o
 .debug_frame   0x00000050       0x2c main.o
