Archive member included to satisfy reference by file (symbol)

c:/st/stm32cubeide_1.4.0/stm32cubeide/plugins/com.st.stm32cube.ide.mcu.externaltools.gnu-tools-for-stm32.7-2018-q2-update.win32_1.4.0.202007081208/tools/bin/../lib/gcc/arm-none-eabi/7.3.1/../../../../arm-none-eabi/lib/thumb/v7-m\libc_nano.a(lib_a-exit.o)
                              c:/st/stm32cubeide_1.4.0/stm32cubeide/plugins/com.st.stm32cube.ide.mcu.externaltools.gnu-tools-for-stm32.7-2018-q2-update.win32_1.4.0.202007081208/tools/bin/../lib/gcc/arm-none-eabi/7.3.1/../../../../arm-none-eabi/lib/thumb/v7-m/crt0.o (exit)
c:/st/stm32cubeide_1.4.0/stm32cubeide/plugins/com.st.stm32cube.ide.mcu.externaltools.gnu-tools-for-stm32.7-2018-q2-update.win32_1.4.0.202007081208/tools/bin/../lib/gcc/arm-none-eabi/7.3.1/../../../../arm-none-eabi/lib/thumb/v7-m\libc_nano.a(lib_a-impure.o)
                              c:/st/stm32cubeide_1.4.0/stm32cubeide/plugins/com.st.stm32cube.ide.mcu.externaltools.gnu-tools-for-stm32.7-2018-q2-update.win32_1.4.0.202007081208/tools/bin/../lib/gcc/arm-none-eabi/7.3.1/../../../../arm-none-eabi/lib/thumb/v7-m\libc_nano.a(lib_a-exit.o) (_global_impure_ptr)
c:/st/stm32cubeide_1.4.0/stm32cubeide/plugins/com.st.stm32cube.ide.mcu.externaltools.gnu-tools-for-stm32.7-2018-q2-update.win32_1.4.0.202007081208/tools/bin/../lib/gcc/arm-none-eabi/7.3.1/../../../../arm-none-eabi/lib/thumb/v7-m\libc_nano.a(lib_a-init.o)
                              c:/st/stm32cubeide_1.4.0/stm32cubeide/plugins/com.st.stm32cube.ide.mcu.externaltools.gnu-tools-for-stm32.7-2018-q2-update.win32_1.4.0.202007081208/tools/bin/../lib/gcc/arm-none-eabi/7.3.1/../../../../arm-none-eabi/lib/thumb/v7-m/crt0.o (__libc_init_array)
c:/st/stm32cubeide_1.4.0/stm32cubeide/plugins/com.st.stm32cube.ide.mcu.externaltools.gnu-tools-for-stm32.7-2018-q2-update.win32_1.4.0.202007081208/tools/bin/../lib/gcc/arm-none-eabi/7.3.1/../../../../arm-none-eabi/lib/thumb/v7-m\libc_nano.a(lib_a-itoa.o)
                              Inc/HAL/LCD/LCD.o (itoa)
c:/st/stm32cubeide_1.4.0/stm32cubeide/plugins/com.st.stm32cube.ide.mcu.externaltools.gnu-tools-for-stm32.7-2018-q2-update.win32_1.4.0.202007081208/tools/bin/../lib/gcc/arm-none-eabi/7.3.1/../../../../arm-none-eabi/lib/thumb/v7-m\libc_nano.a(lib_a-memset.o)
                              c:/st/stm32cubeide_1.4.0/stm32cubeide/plugins/com.st.stm32cube.ide.mcu.externaltools.gnu-tools-for-stm32.7-2018-q2-update.win32_1.4.0.202007081208/tools/bin/../lib/gcc/arm-none-eabi/7.3.1/../../../../arm-none-eabi/lib/thumb/v7-m/crt0.o (memset)
c:/st/stm32cubeide_1.4.0/stm32cubeide/plugins/com.st.stm32cube.ide.mcu.externaltools.gnu-tools-for-stm32.7-2018-q2-update.win32_1.4.0.202007081208/tools/bin/../lib/gcc/arm-none-eabi/7.3.1/../../../../arm-none-eabi/lib/thumb/v7-m\libc_nano.a(lib_a-utoa.o)
                              c:/st/stm32cubeide_1.4.0/stm32cubeide/plugins/com.st.stm32cube.ide.mcu.externaltools.gnu-tools-for-stm32.7-2018-q2-update.win32_1.4.0.202007081208/tools/bin/../lib/gcc/arm-none-eabi/7.3.1/../../../../arm-none-eabi/lib/thumb/v7-m\libc_nano.a(lib_a-itoa.o) (__utoa)
c:/st/stm32cubeide_1.4.0/stm32cubeide/plugins/com.st.stm32cube.ide.mcu.externaltools.gnu-tools-for-stm32.7-2018-q2-update.win32_1.4.0.202007081208/tools/bin/../lib/gcc/arm-none-eabi/7.3.1/thumb/v7-m\libgcc.a(_arm_addsubdf3.o)
                              Inc/MCAL/UART/USART_program.o (__aeabi_ui2d)
c:/st/stm32cubeide_1.4.0/stm32cubeide/plugins/com.st.stm32cube.ide.mcu.externaltools.gnu-tools-for-stm32.7-2018-q2-update.win32_1.4.0.202007081208/tools/bin/../lib/gcc/arm-none-eabi/7.3.1/thumb/v7-m\libgcc.a(_arm_muldivdf3.o)
                              Inc/MCAL/UART/USART_program.o (__aeabi_dmul)
c:/st/stm32cubeide_1.4.0/stm32cubeide/plugins/com.st.stm32cube.ide.mcu.externaltools.gnu-tools-for-stm32.7-2018-q2-update.win32_1.4.0.202007081208/tools/bin/../lib/gcc/arm-none-eabi/7.3.1/thumb/v7-m\libgcc.a(_arm_fixunsdfsi.o)
                              Inc/MCAL/UART/USART_program.o (__aeabi_d2uiz)
c:/st/stm32cubeide_1.4.0/stm32cubeide/plugins/com.st.stm32cube.ide.mcu.externaltools.gnu-tools-for-stm32.7-2018-q2-update.win32_1.4.0.202007081208/tools/bin/../lib/gcc/arm-none-eabi/7.3.1/../../../../arm-none-eabi/lib/thumb/v7-m\libnosys.a(_exit.o)
                              c:/st/stm32cubeide_1.4.0/stm32cubeide/plugins/com.st.stm32cube.ide.mcu.externaltools.gnu-tools-for-stm32.7-2018-q2-update.win32_1.4.0.202007081208/tools/bin/../lib/gcc/arm-none-eabi/7.3.1/../../../../arm-none-eabi/lib/thumb/v7-m\libc_nano.a(lib_a-exit.o) (_exit)

Allocating common symbols
Common symbol       size              file

myKeypad            0x10              Inc/APP/APP.o
Glob_u8AdminArr     0x2c              Inc/APP/APP.o
Global_I2C_Confg    0x28              Inc/MCAL/I2C/I2C_program.o
Glob_u8NumberOfCurrentUsers
                    0x1               Inc/APP/APP.o
Glob_u8DriverArr    0x42              Inc/APP/APP.o

Discarded input sections

 .text          0x0000000000000000        0x0 c:/st/stm32cubeide_1.4.0/stm32cubeide/plugins/com.st.stm32cube.ide.mcu.externaltools.gnu-tools-for-stm32.7-2018-q2-update.win32_1.4.0.202007081208/tools/bin/../lib/gcc/arm-none-eabi/7.3.1/thumb/v7-m/crti.o
 .data          0x0000000000000000        0x0 c:/st/stm32cubeide_1.4.0/stm32cubeide/plugins/com.st.stm32cube.ide.mcu.externaltools.gnu-tools-for-stm32.7-2018-q2-update.win32_1.4.0.202007081208/tools/bin/../lib/gcc/arm-none-eabi/7.3.1/thumb/v7-m/crti.o
 .bss           0x0000000000000000        0x0 c:/st/stm32cubeide_1.4.0/stm32cubeide/plugins/com.st.stm32cube.ide.mcu.externaltools.gnu-tools-for-stm32.7-2018-q2-update.win32_1.4.0.202007081208/tools/bin/../lib/gcc/arm-none-eabi/7.3.1/thumb/v7-m/crti.o
 .data          0x0000000000000000        0x4 c:/st/stm32cubeide_1.4.0/stm32cubeide/plugins/com.st.stm32cube.ide.mcu.externaltools.gnu-tools-for-stm32.7-2018-q2-update.win32_1.4.0.202007081208/tools/bin/../lib/gcc/arm-none-eabi/7.3.1/thumb/v7-m/crtbegin.o
 .text          0x0000000000000000       0x74 c:/st/stm32cubeide_1.4.0/stm32cubeide/plugins/com.st.stm32cube.ide.mcu.externaltools.gnu-tools-for-stm32.7-2018-q2-update.win32_1.4.0.202007081208/tools/bin/../lib/gcc/arm-none-eabi/7.3.1/../../../../arm-none-eabi/lib/thumb/v7-m/crt0.o
 .data          0x0000000000000000        0x0 c:/st/stm32cubeide_1.4.0/stm32cubeide/plugins/com.st.stm32cube.ide.mcu.externaltools.gnu-tools-for-stm32.7-2018-q2-update.win32_1.4.0.202007081208/tools/bin/../lib/gcc/arm-none-eabi/7.3.1/../../../../arm-none-eabi/lib/thumb/v7-m/crt0.o
 .bss           0x0000000000000000        0x0 c:/st/stm32cubeide_1.4.0/stm32cubeide/plugins/com.st.stm32cube.ide.mcu.externaltools.gnu-tools-for-stm32.7-2018-q2-update.win32_1.4.0.202007081208/tools/bin/../lib/gcc/arm-none-eabi/7.3.1/../../../../arm-none-eabi/lib/thumb/v7-m/crt0.o
 .ARM.extab     0x0000000000000000        0x0 c:/st/stm32cubeide_1.4.0/stm32cubeide/plugins/com.st.stm32cube.ide.mcu.externaltools.gnu-tools-for-stm32.7-2018-q2-update.win32_1.4.0.202007081208/tools/bin/../lib/gcc/arm-none-eabi/7.3.1/../../../../arm-none-eabi/lib/thumb/v7-m/crt0.o
 .ARM.exidx     0x0000000000000000        0x8 c:/st/stm32cubeide_1.4.0/stm32cubeide/plugins/com.st.stm32cube.ide.mcu.externaltools.gnu-tools-for-stm32.7-2018-q2-update.win32_1.4.0.202007081208/tools/bin/../lib/gcc/arm-none-eabi/7.3.1/../../../../arm-none-eabi/lib/thumb/v7-m/crt0.o
 .ARM.attributes
                0x0000000000000000       0x1b c:/st/stm32cubeide_1.4.0/stm32cubeide/plugins/com.st.stm32cube.ide.mcu.externaltools.gnu-tools-for-stm32.7-2018-q2-update.win32_1.4.0.202007081208/tools/bin/../lib/gcc/arm-none-eabi/7.3.1/../../../../arm-none-eabi/lib/thumb/v7-m/crt0.o
 .group         0x0000000000000000        0xc Inc/APP/APP.o
 .group         0x0000000000000000        0xc Inc/APP/APP.o
 .group         0x0000000000000000        0xc Inc/APP/APP.o
 .group         0x0000000000000000        0xc Inc/APP/APP.o
 .group         0x0000000000000000        0xc Inc/APP/APP.o
 .group         0x0000000000000000        0xc Inc/APP/APP.o
 .text          0x0000000000000000        0x0 Inc/APP/APP.o
 .data          0x0000000000000000        0x0 Inc/APP/APP.o
 .bss           0x0000000000000000        0x0 Inc/APP/APP.o
 .data.Glob_ID_Valid
                0x0000000000000000        0x1 Inc/APP/APP.o
 .data.LCD_ProgrssBarChar
                0x0000000000000000        0x8 Inc/APP/APP.o
 .data.LCD_Deleting
                0x0000000000000000        0x8 Inc/APP/APP.o
 .bss.SPI1_Communication
                0x0000000000000000       0x14 Inc/APP/APP.o
 .text.SPI_voidSetup
                0x0000000000000000       0x6c Inc/APP/APP.o
 .text.progressBar
                0x0000000000000000       0x6c Inc/APP/APP.o
 .text.DeletingBar
                0x0000000000000000       0x98 Inc/APP/APP.o
 .text.LCD_voidValidateDriverID
                0x0000000000000000       0x64 Inc/APP/APP.o
 .text.LCD_voidDeleteDriver
                0x0000000000000000       0x40 Inc/APP/APP.o
 .group         0x0000000000000000        0xc Inc/HAL/Buzzer/Buzzer.o
 .group         0x0000000000000000        0xc Inc/HAL/Buzzer/Buzzer.o
 .group         0x0000000000000000        0xc Inc/HAL/Buzzer/Buzzer.o
 .group         0x0000000000000000        0xc Inc/HAL/Buzzer/Buzzer.o
 .text          0x0000000000000000        0x0 Inc/HAL/Buzzer/Buzzer.o
 .data          0x0000000000000000        0x0 Inc/HAL/Buzzer/Buzzer.o
 .bss           0x0000000000000000        0x0 Inc/HAL/Buzzer/Buzzer.o
 .text.Buzzer_voidInit
                0x0000000000000000       0x24 Inc/HAL/Buzzer/Buzzer.o
 .text.Buzzer_voidPlay
                0x0000000000000000       0x26 Inc/HAL/Buzzer/Buzzer.o
 .text.Buzzer_voidStop
                0x0000000000000000       0x32 Inc/HAL/Buzzer/Buzzer.o
 .debug_info    0x0000000000000000      0x1af Inc/HAL/Buzzer/Buzzer.o
 .debug_abbrev  0x0000000000000000       0x99 Inc/HAL/Buzzer/Buzzer.o
 .debug_loc     0x0000000000000000       0xf0 Inc/HAL/Buzzer/Buzzer.o
 .debug_aranges
                0x0000000000000000       0x30 Inc/HAL/Buzzer/Buzzer.o
 .debug_ranges  0x0000000000000000       0x20 Inc/HAL/Buzzer/Buzzer.o
 .debug_macro   0x0000000000000000       0x54 Inc/HAL/Buzzer/Buzzer.o
 .debug_macro   0x0000000000000000      0xa60 Inc/HAL/Buzzer/Buzzer.o
 .debug_macro   0x0000000000000000       0x34 Inc/HAL/Buzzer/Buzzer.o
 .debug_macro   0x0000000000000000       0x28 Inc/HAL/Buzzer/Buzzer.o
 .debug_macro   0x0000000000000000       0x5e Inc/HAL/Buzzer/Buzzer.o
 .debug_line    0x0000000000000000      0x1ba Inc/HAL/Buzzer/Buzzer.o
 .debug_str     0x0000000000000000     0x31a1 Inc/HAL/Buzzer/Buzzer.o
 .comment       0x0000000000000000       0x7c Inc/HAL/Buzzer/Buzzer.o
 .debug_frame   0x0000000000000000       0x7c Inc/HAL/Buzzer/Buzzer.o
 .ARM.attributes
                0x0000000000000000       0x33 Inc/HAL/Buzzer/Buzzer.o
 .group         0x0000000000000000        0xc Inc/HAL/KeyPad/KeyPad.o
 .group         0x0000000000000000        0xc Inc/HAL/KeyPad/KeyPad.o
 .group         0x0000000000000000        0xc Inc/HAL/KeyPad/KeyPad.o
 .group         0x0000000000000000        0xc Inc/HAL/KeyPad/KeyPad.o
 .group         0x0000000000000000        0xc Inc/HAL/KeyPad/KeyPad.o
 .text          0x0000000000000000        0x0 Inc/HAL/KeyPad/KeyPad.o
 .data          0x0000000000000000        0x0 Inc/HAL/KeyPad/KeyPad.o
 .bss           0x0000000000000000        0x0 Inc/HAL/KeyPad/KeyPad.o
 .debug_macro   0x0000000000000000      0xa60 Inc/HAL/KeyPad/KeyPad.o
 .debug_macro   0x0000000000000000       0x34 Inc/HAL/KeyPad/KeyPad.o
 .debug_macro   0x0000000000000000       0x28 Inc/HAL/KeyPad/KeyPad.o
 .debug_macro   0x0000000000000000       0x5e Inc/HAL/KeyPad/KeyPad.o
 .debug_macro   0x0000000000000000       0x16 Inc/HAL/KeyPad/KeyPad.o
 .group         0x0000000000000000        0xc Inc/HAL/LCD/LCD.o
 .group         0x0000000000000000        0xc Inc/HAL/LCD/LCD.o
 .group         0x0000000000000000        0xc Inc/HAL/LCD/LCD.o
 .group         0x0000000000000000        0xc Inc/HAL/LCD/LCD.o
 .group         0x0000000000000000        0xc Inc/HAL/LCD/LCD.o
 .text          0x0000000000000000        0x0 Inc/HAL/LCD/LCD.o
 .data          0x0000000000000000        0x0 Inc/HAL/LCD/LCD.o
 .bss           0x0000000000000000        0x0 Inc/HAL/LCD/LCD.o
 .text.LCD_voidSendStringAt
                0x0000000000000000       0x20 Inc/HAL/LCD/LCD.o
 .text.LCD_voidSetDisplayState
                0x0000000000000000       0x2c Inc/HAL/LCD/LCD.o
 .text.LCD_voidDispCustomChar
                0x0000000000000000       0x1e Inc/HAL/LCD/LCD.o
 .debug_macro   0x0000000000000000      0xa60 Inc/HAL/LCD/LCD.o
 .debug_macro   0x0000000000000000       0x34 Inc/HAL/LCD/LCD.o
 .debug_macro   0x0000000000000000       0x28 Inc/HAL/LCD/LCD.o
 .debug_macro   0x0000000000000000       0x5e Inc/HAL/LCD/LCD.o
 .debug_macro   0x0000000000000000       0x28 Inc/HAL/LCD/LCD.o
 .group         0x0000000000000000        0xc Inc/HAL/_7Segment/_7Segment.o
 .group         0x0000000000000000        0xc Inc/HAL/_7Segment/_7Segment.o
 .group         0x0000000000000000        0xc Inc/HAL/_7Segment/_7Segment.o
 .group         0x0000000000000000        0xc Inc/HAL/_7Segment/_7Segment.o
 .text          0x0000000000000000        0x0 Inc/HAL/_7Segment/_7Segment.o
 .data          0x0000000000000000        0x0 Inc/HAL/_7Segment/_7Segment.o
 .bss           0x0000000000000000        0x0 Inc/HAL/_7Segment/_7Segment.o
 .data.arr_ofFunctions
                0x0000000000000000       0x28 Inc/HAL/_7Segment/_7Segment.o
 .text.HAL_7SegmentInit
                0x0000000000000000       0xdc Inc/HAL/_7Segment/_7Segment.o
 .text.HAL_7SegmentWriteNumber
                0x0000000000000000       0x58 Inc/HAL/_7Segment/_7Segment.o
 .text._7sevenSegmentErrorChecking
                0x0000000000000000       0x3c Inc/HAL/_7Segment/_7Segment.o
 .text._7SegZero
                0x0000000000000000       0xf2 Inc/HAL/_7Segment/_7Segment.o
 .text._7SegOne
                0x0000000000000000      0x124 Inc/HAL/_7Segment/_7Segment.o
 .text._7SegTwo
                0x0000000000000000      0x106 Inc/HAL/_7Segment/_7Segment.o
 .text._7SegThree
                0x0000000000000000      0x110 Inc/HAL/_7Segment/_7Segment.o
 .text._7SegFour
                0x0000000000000000      0x110 Inc/HAL/_7Segment/_7Segment.o
 .text._7SegFive
                0x0000000000000000      0x110 Inc/HAL/_7Segment/_7Segment.o
 .text._7SegSix
                0x0000000000000000      0x106 Inc/HAL/_7Segment/_7Segment.o
 .text._7SegSeven
                0x0000000000000000      0x12e Inc/HAL/_7Segment/_7Segment.o
 .text._7SegEight
                0x0000000000000000       0xf2 Inc/HAL/_7Segment/_7Segment.o
 .text._7SegNine
                0x0000000000000000      0x106 Inc/HAL/_7Segment/_7Segment.o
 .debug_info    0x0000000000000000      0x474 Inc/HAL/_7Segment/_7Segment.o
 .debug_abbrev  0x0000000000000000      0x14c Inc/HAL/_7Segment/_7Segment.o
 .debug_loc     0x0000000000000000      0x41c Inc/HAL/_7Segment/_7Segment.o
 .debug_aranges
                0x0000000000000000       0x80 Inc/HAL/_7Segment/_7Segment.o
 .debug_ranges  0x0000000000000000       0x70 Inc/HAL/_7Segment/_7Segment.o
 .debug_macro   0x0000000000000000       0x50 Inc/HAL/_7Segment/_7Segment.o
 .debug_macro   0x0000000000000000      0xa60 Inc/HAL/_7Segment/_7Segment.o
 .debug_macro   0x0000000000000000       0x34 Inc/HAL/_7Segment/_7Segment.o
 .debug_macro   0x0000000000000000       0x28 Inc/HAL/_7Segment/_7Segment.o
 .debug_macro   0x0000000000000000       0x5e Inc/HAL/_7Segment/_7Segment.o
 .debug_line    0x0000000000000000      0x33a Inc/HAL/_7Segment/_7Segment.o
 .debug_str     0x0000000000000000     0x3389 Inc/HAL/_7Segment/_7Segment.o
 .comment       0x0000000000000000       0x7c Inc/HAL/_7Segment/_7Segment.o
 .debug_frame   0x0000000000000000      0x1e8 Inc/HAL/_7Segment/_7Segment.o
 .ARM.attributes
                0x0000000000000000       0x33 Inc/HAL/_7Segment/_7Segment.o
 .group         0x0000000000000000        0xc Inc/MCAL/GPIO/GPIO_program.o
 .group         0x0000000000000000        0xc Inc/MCAL/GPIO/GPIO_program.o
 .group         0x0000000000000000        0xc Inc/MCAL/GPIO/GPIO_program.o
 .group         0x0000000000000000        0xc Inc/MCAL/GPIO/GPIO_program.o
 .group         0x0000000000000000        0xc Inc/MCAL/GPIO/GPIO_program.o
 .text          0x0000000000000000        0x0 Inc/MCAL/GPIO/GPIO_program.o
 .data          0x0000000000000000        0x0 Inc/MCAL/GPIO/GPIO_program.o
 .bss           0x0000000000000000        0x0 Inc/MCAL/GPIO/GPIO_program.o
 .text.GPIO_voidSetPortDirection
                0x0000000000000000       0xe8 Inc/MCAL/GPIO/GPIO_program.o
 .text.GPIO_voidSetPortValue
                0x0000000000000000       0x98 Inc/MCAL/GPIO/GPIO_program.o
 .text.GPIO_voidTogglePinValue
                0x0000000000000000       0x78 Inc/MCAL/GPIO/GPIO_program.o
 .debug_macro   0x0000000000000000      0xa60 Inc/MCAL/GPIO/GPIO_program.o
 .debug_macro   0x0000000000000000       0x34 Inc/MCAL/GPIO/GPIO_program.o
 .debug_macro   0x0000000000000000       0x28 Inc/MCAL/GPIO/GPIO_program.o
 .group         0x0000000000000000        0xc Inc/MCAL/I2C/I2C_program.o
 .group         0x0000000000000000        0xc Inc/MCAL/I2C/I2C_program.o
 .group         0x0000000000000000        0xc Inc/MCAL/I2C/I2C_program.o
 .group         0x0000000000000000        0xc Inc/MCAL/I2C/I2C_program.o
 .group         0x0000000000000000        0xc Inc/MCAL/I2C/I2C_program.o
 .text          0x0000000000000000        0x0 Inc/MCAL/I2C/I2C_program.o
 .data          0x0000000000000000        0x0 Inc/MCAL/I2C/I2C_program.o
 .bss           0x0000000000000000        0x0 Inc/MCAL/I2C/I2C_program.o
 .text.I2C_voidTimingInit
                0x0000000000000000       0xa4 Inc/MCAL/I2C/I2C_program.o
 .text.I2C_Init
                0x0000000000000000       0xfc Inc/MCAL/I2C/I2C_program.o
 .text.I2C_VoidGPIO_SetPins
                0x0000000000000000       0x54 Inc/MCAL/I2C/I2C_program.o
 .text.I2C_voidMasterTransmitDMA
                0x0000000000000000       0x74 Inc/MCAL/I2C/I2C_program.o
 .text.I2C_voidMasterTransmit
                0x0000000000000000       0xdc Inc/MCAL/I2C/I2C_program.o
 .text.I2C_voidMasterReceive
                0x0000000000000000       0xc0 Inc/MCAL/I2C/I2C_program.o
 .text.I2C_voidGenerateStart
                0x0000000000000000       0x36 Inc/MCAL/I2C/I2C_program.o
 .text.I2C_voidGenerateStop
                0x0000000000000000       0x26 Inc/MCAL/I2C/I2C_program.o
 .text.I2C_GetFlags
                0x0000000000000000      0x100 Inc/MCAL/I2C/I2C_program.o
 .text.I2C_voidSendAddress
                0x0000000000000000       0x7c Inc/MCAL/I2C/I2C_program.o
 .text.I2C_voidGetDMA_PeripheralAddress
                0x0000000000000000       0x20 Inc/MCAL/I2C/I2C_program.o
 .debug_info    0x0000000000000000      0x805 Inc/MCAL/I2C/I2C_program.o
 .debug_abbrev  0x0000000000000000      0x18d Inc/MCAL/I2C/I2C_program.o
 .debug_loc     0x0000000000000000      0x3ac Inc/MCAL/I2C/I2C_program.o
 .debug_aranges
                0x0000000000000000       0x70 Inc/MCAL/I2C/I2C_program.o
 .debug_ranges  0x0000000000000000       0x60 Inc/MCAL/I2C/I2C_program.o
 .debug_macro   0x0000000000000000       0x81 Inc/MCAL/I2C/I2C_program.o
 .debug_macro   0x0000000000000000      0xa60 Inc/MCAL/I2C/I2C_program.o
 .debug_macro   0x0000000000000000       0x34 Inc/MCAL/I2C/I2C_program.o
 .debug_macro   0x0000000000000000       0x28 Inc/MCAL/I2C/I2C_program.o
 .debug_macro   0x0000000000000000       0x5e Inc/MCAL/I2C/I2C_program.o
 .debug_macro   0x0000000000000000      0x387 Inc/MCAL/I2C/I2C_program.o
 .debug_line    0x0000000000000000      0x336 Inc/MCAL/I2C/I2C_program.o
 .debug_str     0x0000000000000000     0x4957 Inc/MCAL/I2C/I2C_program.o
 .comment       0x0000000000000000       0x7c Inc/MCAL/I2C/I2C_program.o
 .debug_frame   0x0000000000000000      0x1b4 Inc/MCAL/I2C/I2C_program.o
 .ARM.attributes
                0x0000000000000000       0x33 Inc/MCAL/I2C/I2C_program.o
 COMMON         0x0000000000000000       0x28 Inc/MCAL/I2C/I2C_program.o
 .group         0x0000000000000000        0xc Inc/MCAL/RCC/RCC_program.o
 .group         0x0000000000000000        0xc Inc/MCAL/RCC/RCC_program.o
 .group         0x0000000000000000        0xc Inc/MCAL/RCC/RCC_program.o
 .group         0x0000000000000000        0xc Inc/MCAL/RCC/RCC_program.o
 .text          0x0000000000000000        0x0 Inc/MCAL/RCC/RCC_program.o
 .data          0x0000000000000000        0x0 Inc/MCAL/RCC/RCC_program.o
 .bss           0x0000000000000000        0x0 Inc/MCAL/RCC/RCC_program.o
 .text.RCC_voidDisableClock
                0x0000000000000000       0x84 Inc/MCAL/RCC/RCC_program.o
 .debug_macro   0x0000000000000000      0xa60 Inc/MCAL/RCC/RCC_program.o
 .debug_macro   0x0000000000000000       0x34 Inc/MCAL/RCC/RCC_program.o
 .group         0x0000000000000000        0xc Inc/MCAL/SPI/SPI_program.o
 .group         0x0000000000000000        0xc Inc/MCAL/SPI/SPI_program.o
 .group         0x0000000000000000        0xc Inc/MCAL/SPI/SPI_program.o
 .group         0x0000000000000000        0xc Inc/MCAL/SPI/SPI_program.o
 .group         0x0000000000000000        0xc Inc/MCAL/SPI/SPI_program.o
 .text          0x0000000000000000        0x0 Inc/MCAL/SPI/SPI_program.o
 .data          0x0000000000000000        0x0 Inc/MCAL/SPI/SPI_program.o
 .bss           0x0000000000000000        0x0 Inc/MCAL/SPI/SPI_program.o
 .text.SPI_voidInit
                0x0000000000000000      0x104 Inc/MCAL/SPI/SPI_program.o
 .text.SPI_voidSendDataSynch
                0x0000000000000000       0x58 Inc/MCAL/SPI/SPI_program.o
 .text.SPI_voidRecieveDataSynch
                0x0000000000000000       0x5c Inc/MCAL/SPI/SPI_program.o
 .text.SPI_voidSend_RecieveDataSynch
                0x0000000000000000       0x8c Inc/MCAL/SPI/SPI_program.o
 .text.SPI_VoidGPIO_SetPins
                0x0000000000000000      0x160 Inc/MCAL/SPI/SPI_program.o
 .debug_macro   0x0000000000000000      0xa60 Inc/MCAL/SPI/SPI_program.o
 .debug_macro   0x0000000000000000       0x34 Inc/MCAL/SPI/SPI_program.o
 .debug_macro   0x0000000000000000       0x28 Inc/MCAL/SPI/SPI_program.o
 .debug_macro   0x0000000000000000       0x5e Inc/MCAL/SPI/SPI_program.o
 .group         0x0000000000000000        0xc Inc/MCAL/UART/USART_program.o
 .group         0x0000000000000000        0xc Inc/MCAL/UART/USART_program.o
 .group         0x0000000000000000        0xc Inc/MCAL/UART/USART_program.o
 .group         0x0000000000000000        0xc Inc/MCAL/UART/USART_program.o
 .group         0x0000000000000000        0xc Inc/MCAL/UART/USART_program.o
 .text          0x0000000000000000        0x0 Inc/MCAL/UART/USART_program.o
 .data          0x0000000000000000        0x0 Inc/MCAL/UART/USART_program.o
 .bss           0x0000000000000000        0x0 Inc/MCAL/UART/USART_program.o
 .text.USART_voidSendDataAsynch
                0x0000000000000000       0x60 Inc/MCAL/UART/USART_program.o
 .text.USART_voidReceiveDataAsynch
                0x0000000000000000       0x14 Inc/MCAL/UART/USART_program.o
 .text.USART_voidGetDMA_PeripheralAddress
                0x0000000000000000       0x4c Inc/MCAL/UART/USART_program.o
 .text.USART_voidSendStringWithFixedSizeSynch
                0x0000000000000000       0x40 Inc/MCAL/UART/USART_program.o
 .debug_macro   0x0000000000000000      0xa60 Inc/MCAL/UART/USART_program.o
 .debug_macro   0x0000000000000000       0x34 Inc/MCAL/UART/USART_program.o
 .debug_macro   0x0000000000000000       0x28 Inc/MCAL/UART/USART_program.o
 .debug_macro   0x0000000000000000       0x5e Inc/MCAL/UART/USART_program.o
 .group         0x0000000000000000        0xc Src/main.o
 .group         0x0000000000000000        0xc Src/main.o
 .group         0x0000000000000000        0xc Src/main.o
 .group         0x0000000000000000        0xc Src/main.o
 .group         0x0000000000000000        0xc Src/main.o
 .group         0x0000000000000000        0xc Src/main.o
 .text          0x0000000000000000        0x0 Src/main.o
 .data          0x0000000000000000        0x0 Src/main.o
 .bss           0x0000000000000000        0x0 Src/main.o
 .debug_macro   0x0000000000000000      0xa60 Src/main.o
 .debug_macro   0x0000000000000000       0x34 Src/main.o
 .debug_macro   0x0000000000000000       0x28 Src/main.o
 .debug_macro   0x0000000000000000       0x5e Src/main.o
 .debug_macro   0x0000000000000000       0x16 Src/main.o
 .debug_macro   0x0000000000000000       0x28 Src/main.o
 .text          0x0000000000000000       0x14 Startup/startup_stm32f103c6tx.o
 .data          0x0000000000000000        0x0 Startup/startup_stm32f103c6tx.o
 .bss           0x0000000000000000        0x0 Startup/startup_stm32f103c6tx.o
 .text          0x0000000000000000        0x0 c:/st/stm32cubeide_1.4.0/stm32cubeide/plugins/com.st.stm32cube.ide.mcu.externaltools.gnu-tools-for-stm32.7-2018-q2-update.win32_1.4.0.202007081208/tools/bin/../lib/gcc/arm-none-eabi/7.3.1/../../../../arm-none-eabi/lib/thumb/v7-m\libc_nano.a(lib_a-exit.o)
 .data          0x0000000000000000        0x0 c:/st/stm32cubeide_1.4.0/stm32cubeide/plugins/com.st.stm32cube.ide.mcu.externaltools.gnu-tools-for-stm32.7-2018-q2-update.win32_1.4.0.202007081208/tools/bin/../lib/gcc/arm-none-eabi/7.3.1/../../../../arm-none-eabi/lib/thumb/v7-m\libc_nano.a(lib_a-exit.o)
 .bss           0x0000000000000000        0x0 c:/st/stm32cubeide_1.4.0/stm32cubeide/plugins/com.st.stm32cube.ide.mcu.externaltools.gnu-tools-for-stm32.7-2018-q2-update.win32_1.4.0.202007081208/tools/bin/../lib/gcc/arm-none-eabi/7.3.1/../../../../arm-none-eabi/lib/thumb/v7-m\libc_nano.a(lib_a-exit.o)
 .text.exit     0x0000000000000000       0x28 c:/st/stm32cubeide_1.4.0/stm32cubeide/plugins/com.st.stm32cube.ide.mcu.externaltools.gnu-tools-for-stm32.7-2018-q2-update.win32_1.4.0.202007081208/tools/bin/../lib/gcc/arm-none-eabi/7.3.1/../../../../arm-none-eabi/lib/thumb/v7-m\libc_nano.a(lib_a-exit.o)
 .debug_frame   0x0000000000000000       0x28 c:/st/stm32cubeide_1.4.0/stm32cubeide/plugins/com.st.stm32cube.ide.mcu.externaltools.gnu-tools-for-stm32.7-2018-q2-update.win32_1.4.0.202007081208/tools/bin/../lib/gcc/arm-none-eabi/7.3.1/../../../../arm-none-eabi/lib/thumb/v7-m\libc_nano.a(lib_a-exit.o)
 .ARM.attributes
                0x0000000000000000       0x2d c:/st/stm32cubeide_1.4.0/stm32cubeide/plugins/com.st.stm32cube.ide.mcu.externaltools.gnu-tools-for-stm32.7-2018-q2-update.win32_1.4.0.202007081208/tools/bin/../lib/gcc/arm-none-eabi/7.3.1/../../../../arm-none-eabi/lib/thumb/v7-m\libc_nano.a(lib_a-exit.o)
 .text          0x0000000000000000        0x0 c:/st/stm32cubeide_1.4.0/stm32cubeide/plugins/com.st.stm32cube.ide.mcu.externaltools.gnu-tools-for-stm32.7-2018-q2-update.win32_1.4.0.202007081208/tools/bin/../lib/gcc/arm-none-eabi/7.3.1/../../../../arm-none-eabi/lib/thumb/v7-m\libc_nano.a(lib_a-impure.o)
 .data          0x0000000000000000        0x0 c:/st/stm32cubeide_1.4.0/stm32cubeide/plugins/com.st.stm32cube.ide.mcu.externaltools.gnu-tools-for-stm32.7-2018-q2-update.win32_1.4.0.202007081208/tools/bin/../lib/gcc/arm-none-eabi/7.3.1/../../../../arm-none-eabi/lib/thumb/v7-m\libc_nano.a(lib_a-impure.o)
 .bss           0x0000000000000000        0x0 c:/st/stm32cubeide_1.4.0/stm32cubeide/plugins/com.st.stm32cube.ide.mcu.externaltools.gnu-tools-for-stm32.7-2018-q2-update.win32_1.4.0.202007081208/tools/bin/../lib/gcc/arm-none-eabi/7.3.1/../../../../arm-none-eabi/lib/thumb/v7-m\libc_nano.a(lib_a-impure.o)
 .data._impure_ptr
                0x0000000000000000        0x4 c:/st/stm32cubeide_1.4.0/stm32cubeide/plugins/com.st.stm32cube.ide.mcu.externaltools.gnu-tools-for-stm32.7-2018-q2-update.win32_1.4.0.202007081208/tools/bin/../lib/gcc/arm-none-eabi/7.3.1/../../../../arm-none-eabi/lib/thumb/v7-m\libc_nano.a(lib_a-impure.o)
 .data.impure_data
                0x0000000000000000       0x60 c:/st/stm32cubeide_1.4.0/stm32cubeide/plugins/com.st.stm32cube.ide.mcu.externaltools.gnu-tools-for-stm32.7-2018-q2-update.win32_1.4.0.202007081208/tools/bin/../lib/gcc/arm-none-eabi/7.3.1/../../../../arm-none-eabi/lib/thumb/v7-m\libc_nano.a(lib_a-impure.o)
 .rodata._global_impure_ptr
                0x0000000000000000        0x4 c:/st/stm32cubeide_1.4.0/stm32cubeide/plugins/com.st.stm32cube.ide.mcu.externaltools.gnu-tools-for-stm32.7-2018-q2-update.win32_1.4.0.202007081208/tools/bin/../lib/gcc/arm-none-eabi/7.3.1/../../../../arm-none-eabi/lib/thumb/v7-m\libc_nano.a(lib_a-impure.o)
 .ARM.attributes
                0x0000000000000000       0x2d c:/st/stm32cubeide_1.4.0/stm32cubeide/plugins/com.st.stm32cube.ide.mcu.externaltools.gnu-tools-for-stm32.7-2018-q2-update.win32_1.4.0.202007081208/tools/bin/../lib/gcc/arm-none-eabi/7.3.1/../../../../arm-none-eabi/lib/thumb/v7-m\libc_nano.a(lib_a-impure.o)
 .text          0x0000000000000000        0x0 c:/st/stm32cubeide_1.4.0/stm32cubeide/plugins/com.st.stm32cube.ide.mcu.externaltools.gnu-tools-for-stm32.7-2018-q2-update.win32_1.4.0.202007081208/tools/bin/../lib/gcc/arm-none-eabi/7.3.1/../../../../arm-none-eabi/lib/thumb/v7-m\libc_nano.a(lib_a-init.o)
 .data          0x0000000000000000        0x0 c:/st/stm32cubeide_1.4.0/stm32cubeide/plugins/com.st.stm32cube.ide.mcu.externaltools.gnu-tools-for-stm32.7-2018-q2-update.win32_1.4.0.202007081208/tools/bin/../lib/gcc/arm-none-eabi/7.3.1/../../../../arm-none-eabi/lib/thumb/v7-m\libc_nano.a(lib_a-init.o)
 .bss           0x0000000000000000        0x0 c:/st/stm32cubeide_1.4.0/stm32cubeide/plugins/com.st.stm32cube.ide.mcu.externaltools.gnu-tools-for-stm32.7-2018-q2-update.win32_1.4.0.202007081208/tools/bin/../lib/gcc/arm-none-eabi/7.3.1/../../../../arm-none-eabi/lib/thumb/v7-m\libc_nano.a(lib_a-init.o)
 .text          0x0000000000000000        0x0 c:/st/stm32cubeide_1.4.0/stm32cubeide/plugins/com.st.stm32cube.ide.mcu.externaltools.gnu-tools-for-stm32.7-2018-q2-update.win32_1.4.0.202007081208/tools/bin/../lib/gcc/arm-none-eabi/7.3.1/../../../../arm-none-eabi/lib/thumb/v7-m\libc_nano.a(lib_a-itoa.o)
 .data          0x0000000000000000        0x0 c:/st/stm32cubeide_1.4.0/stm32cubeide/plugins/com.st.stm32cube.ide.mcu.externaltools.gnu-tools-for-stm32.7-2018-q2-update.win32_1.4.0.202007081208/tools/bin/../lib/gcc/arm-none-eabi/7.3.1/../../../../arm-none-eabi/lib/thumb/v7-m\libc_nano.a(lib_a-itoa.o)
 .bss           0x0000000000000000        0x0 c:/st/stm32cubeide_1.4.0/stm32cubeide/plugins/com.st.stm32cube.ide.mcu.externaltools.gnu-tools-for-stm32.7-2018-q2-update.win32_1.4.0.202007081208/tools/bin/../lib/gcc/arm-none-eabi/7.3.1/../../../../arm-none-eabi/lib/thumb/v7-m\libc_nano.a(lib_a-itoa.o)
 .text          0x0000000000000000        0x0 c:/st/stm32cubeide_1.4.0/stm32cubeide/plugins/com.st.stm32cube.ide.mcu.externaltools.gnu-tools-for-stm32.7-2018-q2-update.win32_1.4.0.202007081208/tools/bin/../lib/gcc/arm-none-eabi/7.3.1/../../../../arm-none-eabi/lib/thumb/v7-m\libc_nano.a(lib_a-memset.o)
 .data          0x0000000000000000        0x0 c:/st/stm32cubeide_1.4.0/stm32cubeide/plugins/com.st.stm32cube.ide.mcu.externaltools.gnu-tools-for-stm32.7-2018-q2-update.win32_1.4.0.202007081208/tools/bin/../lib/gcc/arm-none-eabi/7.3.1/../../../../arm-none-eabi/lib/thumb/v7-m\libc_nano.a(lib_a-memset.o)
 .bss           0x0000000000000000        0x0 c:/st/stm32cubeide_1.4.0/stm32cubeide/plugins/com.st.stm32cube.ide.mcu.externaltools.gnu-tools-for-stm32.7-2018-q2-update.win32_1.4.0.202007081208/tools/bin/../lib/gcc/arm-none-eabi/7.3.1/../../../../arm-none-eabi/lib/thumb/v7-m\libc_nano.a(lib_a-memset.o)
 .text.memset   0x0000000000000000       0x10 c:/st/stm32cubeide_1.4.0/stm32cubeide/plugins/com.st.stm32cube.ide.mcu.externaltools.gnu-tools-for-stm32.7-2018-q2-update.win32_1.4.0.202007081208/tools/bin/../lib/gcc/arm-none-eabi/7.3.1/../../../../arm-none-eabi/lib/thumb/v7-m\libc_nano.a(lib_a-memset.o)
 .debug_frame   0x0000000000000000       0x20 c:/st/stm32cubeide_1.4.0/stm32cubeide/plugins/com.st.stm32cube.ide.mcu.externaltools.gnu-tools-for-stm32.7-2018-q2-update.win32_1.4.0.202007081208/tools/bin/../lib/gcc/arm-none-eabi/7.3.1/../../../../arm-none-eabi/lib/thumb/v7-m\libc_nano.a(lib_a-memset.o)
 .ARM.attributes
                0x0000000000000000       0x2d c:/st/stm32cubeide_1.4.0/stm32cubeide/plugins/com.st.stm32cube.ide.mcu.externaltools.gnu-tools-for-stm32.7-2018-q2-update.win32_1.4.0.202007081208/tools/bin/../lib/gcc/arm-none-eabi/7.3.1/../../../../arm-none-eabi/lib/thumb/v7-m\libc_nano.a(lib_a-memset.o)
 .text          0x0000000000000000        0x0 c:/st/stm32cubeide_1.4.0/stm32cubeide/plugins/com.st.stm32cube.ide.mcu.externaltools.gnu-tools-for-stm32.7-2018-q2-update.win32_1.4.0.202007081208/tools/bin/../lib/gcc/arm-none-eabi/7.3.1/../../../../arm-none-eabi/lib/thumb/v7-m\libc_nano.a(lib_a-utoa.o)
 .data          0x0000000000000000        0x0 c:/st/stm32cubeide_1.4.0/stm32cubeide/plugins/com.st.stm32cube.ide.mcu.externaltools.gnu-tools-for-stm32.7-2018-q2-update.win32_1.4.0.202007081208/tools/bin/../lib/gcc/arm-none-eabi/7.3.1/../../../../arm-none-eabi/lib/thumb/v7-m\libc_nano.a(lib_a-utoa.o)
 .bss           0x0000000000000000        0x0 c:/st/stm32cubeide_1.4.0/stm32cubeide/plugins/com.st.stm32cube.ide.mcu.externaltools.gnu-tools-for-stm32.7-2018-q2-update.win32_1.4.0.202007081208/tools/bin/../lib/gcc/arm-none-eabi/7.3.1/../../../../arm-none-eabi/lib/thumb/v7-m\libc_nano.a(lib_a-utoa.o)
 .text.utoa     0x0000000000000000        0x4 c:/st/stm32cubeide_1.4.0/stm32cubeide/plugins/com.st.stm32cube.ide.mcu.externaltools.gnu-tools-for-stm32.7-2018-q2-update.win32_1.4.0.202007081208/tools/bin/../lib/gcc/arm-none-eabi/7.3.1/../../../../arm-none-eabi/lib/thumb/v7-m\libc_nano.a(lib_a-utoa.o)
 .data          0x0000000000000000        0x0 c:/st/stm32cubeide_1.4.0/stm32cubeide/plugins/com.st.stm32cube.ide.mcu.externaltools.gnu-tools-for-stm32.7-2018-q2-update.win32_1.4.0.202007081208/tools/bin/../lib/gcc/arm-none-eabi/7.3.1/thumb/v7-m\libgcc.a(_arm_addsubdf3.o)
 .bss           0x0000000000000000        0x0 c:/st/stm32cubeide_1.4.0/stm32cubeide/plugins/com.st.stm32cube.ide.mcu.externaltools.gnu-tools-for-stm32.7-2018-q2-update.win32_1.4.0.202007081208/tools/bin/../lib/gcc/arm-none-eabi/7.3.1/thumb/v7-m\libgcc.a(_arm_addsubdf3.o)
 .data          0x0000000000000000        0x0 c:/st/stm32cubeide_1.4.0/stm32cubeide/plugins/com.st.stm32cube.ide.mcu.externaltools.gnu-tools-for-stm32.7-2018-q2-update.win32_1.4.0.202007081208/tools/bin/../lib/gcc/arm-none-eabi/7.3.1/thumb/v7-m\libgcc.a(_arm_muldivdf3.o)
 .bss           0x0000000000000000        0x0 c:/st/stm32cubeide_1.4.0/stm32cubeide/plugins/com.st.stm32cube.ide.mcu.externaltools.gnu-tools-for-stm32.7-2018-q2-update.win32_1.4.0.202007081208/tools/bin/../lib/gcc/arm-none-eabi/7.3.1/thumb/v7-m\libgcc.a(_arm_muldivdf3.o)
 .data          0x0000000000000000        0x0 c:/st/stm32cubeide_1.4.0/stm32cubeide/plugins/com.st.stm32cube.ide.mcu.externaltools.gnu-tools-for-stm32.7-2018-q2-update.win32_1.4.0.202007081208/tools/bin/../lib/gcc/arm-none-eabi/7.3.1/thumb/v7-m\libgcc.a(_arm_fixunsdfsi.o)
 .bss           0x0000000000000000        0x0 c:/st/stm32cubeide_1.4.0/stm32cubeide/plugins/com.st.stm32cube.ide.mcu.externaltools.gnu-tools-for-stm32.7-2018-q2-update.win32_1.4.0.202007081208/tools/bin/../lib/gcc/arm-none-eabi/7.3.1/thumb/v7-m\libgcc.a(_arm_fixunsdfsi.o)
 .text          0x0000000000000000        0x0 c:/st/stm32cubeide_1.4.0/stm32cubeide/plugins/com.st.stm32cube.ide.mcu.externaltools.gnu-tools-for-stm32.7-2018-q2-update.win32_1.4.0.202007081208/tools/bin/../lib/gcc/arm-none-eabi/7.3.1/../../../../arm-none-eabi/lib/thumb/v7-m\libnosys.a(_exit.o)
 .data          0x0000000000000000        0x0 c:/st/stm32cubeide_1.4.0/stm32cubeide/plugins/com.st.stm32cube.ide.mcu.externaltools.gnu-tools-for-stm32.7-2018-q2-update.win32_1.4.0.202007081208/tools/bin/../lib/gcc/arm-none-eabi/7.3.1/../../../../arm-none-eabi/lib/thumb/v7-m\libnosys.a(_exit.o)
 .bss           0x0000000000000000        0x0 c:/st/stm32cubeide_1.4.0/stm32cubeide/plugins/com.st.stm32cube.ide.mcu.externaltools.gnu-tools-for-stm32.7-2018-q2-update.win32_1.4.0.202007081208/tools/bin/../lib/gcc/arm-none-eabi/7.3.1/../../../../arm-none-eabi/lib/thumb/v7-m\libnosys.a(_exit.o)
 .text._exit    0x0000000000000000        0x2 c:/st/stm32cubeide_1.4.0/stm32cubeide/plugins/com.st.stm32cube.ide.mcu.externaltools.gnu-tools-for-stm32.7-2018-q2-update.win32_1.4.0.202007081208/tools/bin/../lib/gcc/arm-none-eabi/7.3.1/../../../../arm-none-eabi/lib/thumb/v7-m\libnosys.a(_exit.o)
 .debug_frame   0x0000000000000000       0x20 c:/st/stm32cubeide_1.4.0/stm32cubeide/plugins/com.st.stm32cube.ide.mcu.externaltools.gnu-tools-for-stm32.7-2018-q2-update.win32_1.4.0.202007081208/tools/bin/../lib/gcc/arm-none-eabi/7.3.1/../../../../arm-none-eabi/lib/thumb/v7-m\libnosys.a(_exit.o)
 .ARM.attributes
                0x0000000000000000       0x2d c:/st/stm32cubeide_1.4.0/stm32cubeide/plugins/com.st.stm32cube.ide.mcu.externaltools.gnu-tools-for-stm32.7-2018-q2-update.win32_1.4.0.202007081208/tools/bin/../lib/gcc/arm-none-eabi/7.3.1/../../../../arm-none-eabi/lib/thumb/v7-m\libnosys.a(_exit.o)
 .text          0x0000000000000000        0x0 c:/st/stm32cubeide_1.4.0/stm32cubeide/plugins/com.st.stm32cube.ide.mcu.externaltools.gnu-tools-for-stm32.7-2018-q2-update.win32_1.4.0.202007081208/tools/bin/../lib/gcc/arm-none-eabi/7.3.1/thumb/v7-m/crtend.o
 .data          0x0000000000000000        0x0 c:/st/stm32cubeide_1.4.0/stm32cubeide/plugins/com.st.stm32cube.ide.mcu.externaltools.gnu-tools-for-stm32.7-2018-q2-update.win32_1.4.0.202007081208/tools/bin/../lib/gcc/arm-none-eabi/7.3.1/thumb/v7-m/crtend.o
 .bss           0x0000000000000000        0x0 c:/st/stm32cubeide_1.4.0/stm32cubeide/plugins/com.st.stm32cube.ide.mcu.externaltools.gnu-tools-for-stm32.7-2018-q2-update.win32_1.4.0.202007081208/tools/bin/../lib/gcc/arm-none-eabi/7.3.1/thumb/v7-m/crtend.o
 .eh_frame      0x0000000000000000        0x4 c:/st/stm32cubeide_1.4.0/stm32cubeide/plugins/com.st.stm32cube.ide.mcu.externaltools.gnu-tools-for-stm32.7-2018-q2-update.win32_1.4.0.202007081208/tools/bin/../lib/gcc/arm-none-eabi/7.3.1/thumb/v7-m/crtend.o
 .ARM.attributes
                0x0000000000000000       0x2d c:/st/stm32cubeide_1.4.0/stm32cubeide/plugins/com.st.stm32cube.ide.mcu.externaltools.gnu-tools-for-stm32.7-2018-q2-update.win32_1.4.0.202007081208/tools/bin/../lib/gcc/arm-none-eabi/7.3.1/thumb/v7-m/crtend.o
 .text          0x0000000000000000        0x0 c:/st/stm32cubeide_1.4.0/stm32cubeide/plugins/com.st.stm32cube.ide.mcu.externaltools.gnu-tools-for-stm32.7-2018-q2-update.win32_1.4.0.202007081208/tools/bin/../lib/gcc/arm-none-eabi/7.3.1/thumb/v7-m/crtn.o
 .data          0x0000000000000000        0x0 c:/st/stm32cubeide_1.4.0/stm32cubeide/plugins/com.st.stm32cube.ide.mcu.externaltools.gnu-tools-for-stm32.7-2018-q2-update.win32_1.4.0.202007081208/tools/bin/../lib/gcc/arm-none-eabi/7.3.1/thumb/v7-m/crtn.o
 .bss           0x0000000000000000        0x0 c:/st/stm32cubeide_1.4.0/stm32cubeide/plugins/com.st.stm32cube.ide.mcu.externaltools.gnu-tools-for-stm32.7-2018-q2-update.win32_1.4.0.202007081208/tools/bin/../lib/gcc/arm-none-eabi/7.3.1/thumb/v7-m/crtn.o

Memory Configuration

Name             Origin             Length             Attributes
RAM              0x0000000020000000 0x0000000000002800 xrw
ROM              0x0000000008000000 0x0000000000008000 xr
*default*        0x0000000000000000 0xffffffffffffffff

Linker script and memory map

LOAD c:/st/stm32cubeide_1.4.0/stm32cubeide/plugins/com.st.stm32cube.ide.mcu.externaltools.gnu-tools-for-stm32.7-2018-q2-update.win32_1.4.0.202007081208/tools/bin/../lib/gcc/arm-none-eabi/7.3.1/thumb/v7-m/crti.o
LOAD c:/st/stm32cubeide_1.4.0/stm32cubeide/plugins/com.st.stm32cube.ide.mcu.externaltools.gnu-tools-for-stm32.7-2018-q2-update.win32_1.4.0.202007081208/tools/bin/../lib/gcc/arm-none-eabi/7.3.1/thumb/v7-m/crtbegin.o
LOAD c:/st/stm32cubeide_1.4.0/stm32cubeide/plugins/com.st.stm32cube.ide.mcu.externaltools.gnu-tools-for-stm32.7-2018-q2-update.win32_1.4.0.202007081208/tools/bin/../lib/gcc/arm-none-eabi/7.3.1/../../../../arm-none-eabi/lib/thumb/v7-m/crt0.o
LOAD Inc/APP/APP.o
LOAD Inc/HAL/Buzzer/Buzzer.o
LOAD Inc/HAL/KeyPad/KeyPad.o
LOAD Inc/HAL/LCD/LCD.o
LOAD Inc/HAL/_7Segment/_7Segment.o
LOAD Inc/MCAL/GPIO/GPIO_program.o
LOAD Inc/MCAL/I2C/I2C_program.o
LOAD Inc/MCAL/RCC/RCC_program.o
LOAD Inc/MCAL/SPI/SPI_program.o
LOAD Inc/MCAL/UART/USART_program.o
LOAD Src/main.o
LOAD Startup/startup_stm32f103c6tx.o
START GROUP
LOAD c:/st/stm32cubeide_1.4.0/stm32cubeide/plugins/com.st.stm32cube.ide.mcu.externaltools.gnu-tools-for-stm32.7-2018-q2-update.win32_1.4.0.202007081208/tools/bin/../lib/gcc/arm-none-eabi/7.3.1/../../../../arm-none-eabi/lib/thumb/v7-m\libc_nano.a
LOAD c:/st/stm32cubeide_1.4.0/stm32cubeide/plugins/com.st.stm32cube.ide.mcu.externaltools.gnu-tools-for-stm32.7-2018-q2-update.win32_1.4.0.202007081208/tools/bin/../lib/gcc/arm-none-eabi/7.3.1/../../../../arm-none-eabi/lib/thumb/v7-m\libm.a
END GROUP
START GROUP
LOAD c:/st/stm32cubeide_1.4.0/stm32cubeide/plugins/com.st.stm32cube.ide.mcu.externaltools.gnu-tools-for-stm32.7-2018-q2-update.win32_1.4.0.202007081208/tools/bin/../lib/gcc/arm-none-eabi/7.3.1/thumb/v7-m\libgcc.a
LOAD c:/st/stm32cubeide_1.4.0/stm32cubeide/plugins/com.st.stm32cube.ide.mcu.externaltools.gnu-tools-for-stm32.7-2018-q2-update.win32_1.4.0.202007081208/tools/bin/../lib/gcc/arm-none-eabi/7.3.1/../../../../arm-none-eabi/lib/thumb/v7-m\libc_nano.a
END GROUP
START GROUP
LOAD c:/st/stm32cubeide_1.4.0/stm32cubeide/plugins/com.st.stm32cube.ide.mcu.externaltools.gnu-tools-for-stm32.7-2018-q2-update.win32_1.4.0.202007081208/tools/bin/../lib/gcc/arm-none-eabi/7.3.1/thumb/v7-m\libgcc.a
LOAD c:/st/stm32cubeide_1.4.0/stm32cubeide/plugins/com.st.stm32cube.ide.mcu.externaltools.gnu-tools-for-stm32.7-2018-q2-update.win32_1.4.0.202007081208/tools/bin/../lib/gcc/arm-none-eabi/7.3.1/../../../../arm-none-eabi/lib/thumb/v7-m\libc_nano.a
LOAD c:/st/stm32cubeide_1.4.0/stm32cubeide/plugins/com.st.stm32cube.ide.mcu.externaltools.gnu-tools-for-stm32.7-2018-q2-update.win32_1.4.0.202007081208/tools/bin/../lib/gcc/arm-none-eabi/7.3.1/../../../../arm-none-eabi/lib/thumb/v7-m\libnosys.a
END GROUP
START GROUP
LOAD c:/st/stm32cubeide_1.4.0/stm32cubeide/plugins/com.st.stm32cube.ide.mcu.externaltools.gnu-tools-for-stm32.7-2018-q2-update.win32_1.4.0.202007081208/tools/bin/../lib/gcc/arm-none-eabi/7.3.1/thumb/v7-m\libgcc.a
LOAD c:/st/stm32cubeide_1.4.0/stm32cubeide/plugins/com.st.stm32cube.ide.mcu.externaltools.gnu-tools-for-stm32.7-2018-q2-update.win32_1.4.0.202007081208/tools/bin/../lib/gcc/arm-none-eabi/7.3.1/../../../../arm-none-eabi/lib/thumb/v7-m\libc_nano.a
LOAD c:/st/stm32cubeide_1.4.0/stm32cubeide/plugins/com.st.stm32cube.ide.mcu.externaltools.gnu-tools-for-stm32.7-2018-q2-update.win32_1.4.0.202007081208/tools/bin/../lib/gcc/arm-none-eabi/7.3.1/../../../../arm-none-eabi/lib/thumb/v7-m\libnosys.a
END GROUP
LOAD c:/st/stm32cubeide_1.4.0/stm32cubeide/plugins/com.st.stm32cube.ide.mcu.externaltools.gnu-tools-for-stm32.7-2018-q2-update.win32_1.4.0.202007081208/tools/bin/../lib/gcc/arm-none-eabi/7.3.1/thumb/v7-m/crtend.o
LOAD c:/st/stm32cubeide_1.4.0/stm32cubeide/plugins/com.st.stm32cube.ide.mcu.externaltools.gnu-tools-for-stm32.7-2018-q2-update.win32_1.4.0.202007081208/tools/bin/../lib/gcc/arm-none-eabi/7.3.1/thumb/v7-m/crtn.o
                0x0000000020002800                _estack = (ORIGIN (RAM) + LENGTH (RAM))
                0x0000000000000200                _Min_Heap_Size = 0x200
                0x0000000000000400                _Min_Stack_Size = 0x400

.isr_vector     0x0000000008000000      0x130
                0x0000000008000000                . = ALIGN (0x4)
 *(.isr_vector)
 .isr_vector    0x0000000008000000      0x130 Startup/startup_stm32f103c6tx.o
                0x0000000008000000                g_pfnVectors
                0x0000000008000130                . = ALIGN (0x4)

.text           0x0000000008000130     0x27d4
                0x0000000008000130                . = ALIGN (0x4)
 *(.text)
 .text          0x0000000008000130       0x40 c:/st/stm32cubeide_1.4.0/stm32cubeide/plugins/com.st.stm32cube.ide.mcu.externaltools.gnu-tools-for-stm32.7-2018-q2-update.win32_1.4.0.202007081208/tools/bin/../lib/gcc/arm-none-eabi/7.3.1/thumb/v7-m/crtbegin.o
 .text          0x0000000008000170      0x378 c:/st/stm32cubeide_1.4.0/stm32cubeide/plugins/com.st.stm32cube.ide.mcu.externaltools.gnu-tools-for-stm32.7-2018-q2-update.win32_1.4.0.202007081208/tools/bin/../lib/gcc/arm-none-eabi/7.3.1/thumb/v7-m\libgcc.a(_arm_addsubdf3.o)
                0x0000000008000170                __aeabi_drsub
                0x0000000008000178                __aeabi_dsub
                0x0000000008000178                __subdf3
                0x000000000800017c                __aeabi_dadd
                0x000000000800017c                __adddf3
                0x00000000080003f4                __floatunsidf
                0x00000000080003f4                __aeabi_ui2d
                0x0000000008000414                __floatsidf
                0x0000000008000414                __aeabi_i2d
                0x0000000008000438                __aeabi_f2d
                0x0000000008000438                __extendsfdf2
                0x000000000800047c                __floatundidf
                0x000000000800047c                __aeabi_ul2d
                0x000000000800048c                __floatdidf
                0x000000000800048c                __aeabi_l2d
 .text          0x00000000080004e8      0x424 c:/st/stm32cubeide_1.4.0/stm32cubeide/plugins/com.st.stm32cube.ide.mcu.externaltools.gnu-tools-for-stm32.7-2018-q2-update.win32_1.4.0.202007081208/tools/bin/../lib/gcc/arm-none-eabi/7.3.1/thumb/v7-m\libgcc.a(_arm_muldivdf3.o)
                0x00000000080004e8                __aeabi_dmul
                0x00000000080004e8                __muldf3
                0x000000000800073c                __divdf3
                0x000000000800073c                __aeabi_ddiv
 .text          0x000000000800090c       0x40 c:/st/stm32cubeide_1.4.0/stm32cubeide/plugins/com.st.stm32cube.ide.mcu.externaltools.gnu-tools-for-stm32.7-2018-q2-update.win32_1.4.0.202007081208/tools/bin/../lib/gcc/arm-none-eabi/7.3.1/thumb/v7-m\libgcc.a(_arm_fixunsdfsi.o)
                0x000000000800090c                __aeabi_d2uiz
                0x000000000800090c                __fixunsdfsi
 *(.text*)
 .text.xDelay   0x000000000800094c       0x38 Inc/APP/APP.o
                0x000000000800094c                xDelay
 .text.System_voidFillAdminsData
                0x0000000008000984       0xc8 Inc/APP/APP.o
 .text.System_u8ValidateAdminData
                0x0000000008000a4c      0x21c Inc/APP/APP.o
 .text.System_voidAddNewUser
                0x0000000008000c68      0x1e8 Inc/APP/APP.o
 .text.compTwoStrings
                0x0000000008000e50       0x58 Inc/APP/APP.o
                0x0000000008000e50                compTwoStrings
 .text.LCD_voidSetup
                0x0000000008000ea8       0x28 Inc/APP/APP.o
 .text.UART_voidSetup
                0x0000000008000ed0       0x68 Inc/APP/APP.o
                0x0000000008000ed0                UART_voidSetup
 .text.AddinggBar
                0x0000000008000f38       0x98 Inc/APP/APP.o
 .text.LCD_voidMainScreen
                0x0000000008000fd0       0x68 Inc/APP/APP.o
 .text.LCD_voidAdminOptions
                0x0000000008001038       0x74 Inc/APP/APP.o
 .text.LCD_voidStatusOptions
                0x00000000080010ac       0x80 Inc/APP/APP.o
 .text.LCD_AddDriver
                0x000000000800112c       0x40 Inc/APP/APP.o
 .text.keypad_voidSetup
                0x000000000800116c       0x3c Inc/APP/APP.o
 .text.ECU3_Dashboard_APP_SETUP
                0x00000000080011a8       0x34 Inc/APP/APP.o
                0x00000000080011a8                ECU3_Dashboard_APP_SETUP
 .text.ECU3_Dashboard_APP_LOOP
                0x00000000080011dc       0xe4 Inc/APP/APP.o
                0x00000000080011dc                ECU3_Dashboard_APP_LOOP
 .text.HAL_KeyPadInit
                0x00000000080012c0       0xc0 Inc/HAL/KeyPad/KeyPad.o
                0x00000000080012c0                HAL_KeyPadInit
 .text.HAL_KeyPadGetPressedKey
                0x0000000008001380      0x140 Inc/HAL/KeyPad/KeyPad.o
                0x0000000008001380                HAL_KeyPadGetPressedKey
 .text.xDelay   0x00000000080014c0       0x38 Inc/HAL/LCD/LCD.o
 .text.LCD_voidInit
                0x00000000080014f8       0xcc Inc/HAL/LCD/LCD.o
                0x00000000080014f8                LCD_voidInit
 .text.LCD_voidSendChar
                0x00000000080015c4      0x1ba Inc/HAL/LCD/LCD.o
                0x00000000080015c4                LCD_voidSendChar
 .text.LCD_voidSendString
                0x000000000800177e       0x3a Inc/HAL/LCD/LCD.o
                0x000000000800177e                LCD_voidSendString
 .text.LCD_voidSetCursorType
                0x00000000080017b8       0x1e Inc/HAL/LCD/LCD.o
                0x00000000080017b8                LCD_voidSetCursorType
 .text.LCD_voidGotoXY
                0x00000000080017d6       0x6a Inc/HAL/LCD/LCD.o
                0x00000000080017d6                LCD_voidGotoXY
 .text.LCD_voidClear
                0x0000000008001840       0x26 Inc/HAL/LCD/LCD.o
                0x0000000008001840                LCD_voidClear
 .text.LCD_voidStoreCustomChar
                0x0000000008001866       0x62 Inc/HAL/LCD/LCD.o
                0x0000000008001866                LCD_voidStoreCustomChar
 .text.LCD_voidSendNumber
                0x00000000080018c8       0x3c Inc/HAL/LCD/LCD.o
                0x00000000080018c8                LCD_voidSendNumber
 .text.LCD_voidWriteCmd
                0x0000000008001904      0x1ba Inc/HAL/LCD/LCD.o
 *fill*         0x0000000008001abe        0x2 
 .text.GPIO_voidSetPinDirection
                0x0000000008001ac0      0x18c Inc/MCAL/GPIO/GPIO_program.o
                0x0000000008001ac0                GPIO_voidSetPinDirection
 .text.GPIO_voidSetPinValue
                0x0000000008001c4c       0xac Inc/MCAL/GPIO/GPIO_program.o
                0x0000000008001c4c                GPIO_voidSetPinValue
 .text.GPIO_u8GetPinValue
                0x0000000008001cf8       0x78 Inc/MCAL/GPIO/GPIO_program.o
                0x0000000008001cf8                GPIO_u8GetPinValue
 .text.GPIO_u8ChoosePullMode
                0x0000000008001d70       0xec Inc/MCAL/GPIO/GPIO_program.o
                0x0000000008001d70                GPIO_u8ChoosePullMode
 .text.RCC_voidEnableClock
                0x0000000008001e5c       0x80 Inc/MCAL/RCC/RCC_program.o
                0x0000000008001e5c                RCC_voidEnableClock
 .text.RCC_voidInitSysClocks
                0x0000000008001edc       0x9c Inc/MCAL/RCC/RCC_program.o
                0x0000000008001edc                RCC_voidInitSysClocks
 .text.SPI1_IRQHandler
                0x0000000008001f78       0x5c Inc/MCAL/SPI/SPI_program.o
                0x0000000008001f78                SPI1_IRQHandler
 .text.SPI2_IRQHandler
                0x0000000008001fd4       0x5c Inc/MCAL/SPI/SPI_program.o
                0x0000000008001fd4                SPI2_IRQHandler
 .text.USART_voidInit
                0x0000000008002030       0xf0 Inc/MCAL/UART/USART_program.o
                0x0000000008002030                USART_voidInit
 .text.USART_voidSendDataSynch
                0x0000000008002120       0xb0 Inc/MCAL/UART/USART_program.o
                0x0000000008002120                USART_voidSendDataSynch
 .text.USART_voidReceiveDataSynch
                0x00000000080021d0      0x220 Inc/MCAL/UART/USART_program.o
                0x00000000080021d0                USART_voidReceiveDataSynch
 .text.USART_voidBuadRateCalc
                0x00000000080023f0       0xb8 Inc/MCAL/UART/USART_program.o
                0x00000000080023f0                USART_voidBuadRateCalc
 .text.USART__VoidGPIO_SetPins
                0x00000000080024a8      0x1fc Inc/MCAL/UART/USART_program.o
                0x00000000080024a8                USART__VoidGPIO_SetPins
 .text.USART1_IRQHandler
                0x00000000080026a4       0x38 Inc/MCAL/UART/USART_program.o
                0x00000000080026a4                USART1_IRQHandler
 .text.USART2_IRQHandler
                0x00000000080026dc       0x38 Inc/MCAL/UART/USART_program.o
                0x00000000080026dc                USART2_IRQHandler
 .text.USART3_IRQHandler
                0x0000000008002714       0x3c Inc/MCAL/UART/USART_program.o
                0x0000000008002714                USART3_IRQHandler
 .text.USART_voidSendStringWithDelimiterSynch
                0x0000000008002750       0x42 Inc/MCAL/UART/USART_program.o
                0x0000000008002750                USART_voidSendStringWithDelimiterSynch
 .text.main     0x0000000008002792        0xe Src/main.o
                0x0000000008002792                main
 .text.Reset_Handler
                0x00000000080027a0       0x50 Startup/startup_stm32f103c6tx.o
                0x00000000080027a0                Reset_Handler
 .text.Default_Handler
                0x00000000080027f0        0x2 Startup/startup_stm32f103c6tx.o
                0x00000000080027f0                EXTI2_IRQHandler
                0x00000000080027f0                TIM8_TRG_COM_IRQHandler
                0x00000000080027f0                TIM8_CC_IRQHandler
                0x00000000080027f0                DebugMon_Handler
                0x00000000080027f0                TIM1_CC_IRQHandler
                0x00000000080027f0                HardFault_Handler
                0x00000000080027f0                TIM6_IRQHandler
                0x00000000080027f0                SysTick_Handler
                0x00000000080027f0                PVD_IRQHandler
                0x00000000080027f0                SDIO_IRQHandler
                0x00000000080027f0                PendSV_Handler
                0x00000000080027f0                NMI_Handler
                0x00000000080027f0                EXTI3_IRQHandler
                0x00000000080027f0                USB_HP_CAN_TX_IRQHandler
                0x00000000080027f0                EXTI0_IRQHandler
                0x00000000080027f0                I2C2_EV_IRQHandler
                0x00000000080027f0                UsageFault_Handler
                0x00000000080027f0                ADC1_2_IRQHandler
                0x00000000080027f0                CAN_SCE_IRQHandler
                0x00000000080027f0                TAMPER_IRQHandler
                0x00000000080027f0                TIM8_UP_IRQHandler
                0x00000000080027f0                DMA2_Channel2_IRQHandler
                0x00000000080027f0                DMA1_Channel4_IRQHandler
                0x00000000080027f0                RTC_IRQHandler
                0x00000000080027f0                DMA1_Channel7_IRQHandler
                0x00000000080027f0                UART5_IRQHandler
                0x00000000080027f0                ADC3_IRQHandler
                0x00000000080027f0                TIM4_IRQHandler
                0x00000000080027f0                CAN_RX1_IRQHandler
                0x00000000080027f0                DMA2_Channel1_IRQHandler
                0x00000000080027f0                I2C1_EV_IRQHandler
                0x00000000080027f0                DMA1_Channel6_IRQHandler
                0x00000000080027f0                UART4_IRQHandler
                0x00000000080027f0                TIM3_IRQHandler
                0x00000000080027f0                RCC_IRQHandler
                0x00000000080027f0                TIM1_TRG_COM_IRQHandler
                0x00000000080027f0                DMA1_Channel1_IRQHandler
                0x00000000080027f0                Default_Handler
                0x00000000080027f0                EXTI15_10_IRQHandler
                0x00000000080027f0                TIM7_IRQHandler
                0x00000000080027f0                TIM5_IRQHandler
                0x00000000080027f0                EXTI9_5_IRQHandler
                0x00000000080027f0                USB_LP_CAN_RX0_IRQHandler
                0x00000000080027f0                MemManage_Handler
                0x00000000080027f0                SVC_Handler
                0x00000000080027f0                DMA1_Channel5_IRQHandler
                0x00000000080027f0                EXTI4_IRQHandler
                0x00000000080027f0                DMA1_Channel3_IRQHandler
                0x00000000080027f0                FSMC_IRQHandler
                0x00000000080027f0                TIM1_UP_IRQHandler
                0x00000000080027f0                WWDG_IRQHandler
                0x00000000080027f0                TIM2_IRQHandler
                0x00000000080027f0                TIM1_BRK_IRQHandler
                0x00000000080027f0                EXTI1_IRQHandler
                0x00000000080027f0                RTCAlarm_IRQHandler
                0x00000000080027f0                DMA2_Channel4_5_IRQHandler
                0x00000000080027f0                I2C2_ER_IRQHandler
                0x00000000080027f0                DMA1_Channel2_IRQHandler
                0x00000000080027f0                TIM8_BRK_IRQHandler
                0x00000000080027f0                FLASH_IRQHandler
                0x00000000080027f0                BusFault_Handler
                0x00000000080027f0                SPI3_IRQHandler
                0x00000000080027f0                I2C1_ER_IRQHandler
                0x00000000080027f0                DMA2_Channel3_IRQHandler
 *fill*         0x00000000080027f2        0x2 
 .text.__libc_init_array
                0x00000000080027f4       0x48 c:/st/stm32cubeide_1.4.0/stm32cubeide/plugins/com.st.stm32cube.ide.mcu.externaltools.gnu-tools-for-stm32.7-2018-q2-update.win32_1.4.0.202007081208/tools/bin/../lib/gcc/arm-none-eabi/7.3.1/../../../../arm-none-eabi/lib/thumb/v7-m\libc_nano.a(lib_a-init.o)
                0x00000000080027f4                __libc_init_array
 .text.__itoa   0x000000000800283c       0x30 c:/st/stm32cubeide_1.4.0/stm32cubeide/plugins/com.st.stm32cube.ide.mcu.externaltools.gnu-tools-for-stm32.7-2018-q2-update.win32_1.4.0.202007081208/tools/bin/../lib/gcc/arm-none-eabi/7.3.1/../../../../arm-none-eabi/lib/thumb/v7-m\libc_nano.a(lib_a-itoa.o)
                0x000000000800283c                __itoa
 .text.itoa     0x000000000800286c        0x4 c:/st/stm32cubeide_1.4.0/stm32cubeide/plugins/com.st.stm32cube.ide.mcu.externaltools.gnu-tools-for-stm32.7-2018-q2-update.win32_1.4.0.202007081208/tools/bin/../lib/gcc/arm-none-eabi/7.3.1/../../../../arm-none-eabi/lib/thumb/v7-m\libc_nano.a(lib_a-itoa.o)
                0x000000000800286c                itoa
 .text.__utoa   0x0000000008002870       0x7c c:/st/stm32cubeide_1.4.0/stm32cubeide/plugins/com.st.stm32cube.ide.mcu.externaltools.gnu-tools-for-stm32.7-2018-q2-update.win32_1.4.0.202007081208/tools/bin/../lib/gcc/arm-none-eabi/7.3.1/../../../../arm-none-eabi/lib/thumb/v7-m\libc_nano.a(lib_a-utoa.o)
                0x0000000008002870                __utoa
 *(.glue_7)
 .glue_7        0x00000000080028ec        0x0 linker stubs
 *(.glue_7t)
 .glue_7t       0x00000000080028ec        0x0 linker stubs
 *(.eh_frame)
 .eh_frame      0x00000000080028ec        0x0 c:/st/stm32cubeide_1.4.0/stm32cubeide/plugins/com.st.stm32cube.ide.mcu.externaltools.gnu-tools-for-stm32.7-2018-q2-update.win32_1.4.0.202007081208/tools/bin/../lib/gcc/arm-none-eabi/7.3.1/thumb/v7-m/crtbegin.o
 *(.init)
 .init          0x00000000080028ec        0x4 c:/st/stm32cubeide_1.4.0/stm32cubeide/plugins/com.st.stm32cube.ide.mcu.externaltools.gnu-tools-for-stm32.7-2018-q2-update.win32_1.4.0.202007081208/tools/bin/../lib/gcc/arm-none-eabi/7.3.1/thumb/v7-m/crti.o
                0x00000000080028ec                _init
 .init          0x00000000080028f0        0x8 c:/st/stm32cubeide_1.4.0/stm32cubeide/plugins/com.st.stm32cube.ide.mcu.externaltools.gnu-tools-for-stm32.7-2018-q2-update.win32_1.4.0.202007081208/tools/bin/../lib/gcc/arm-none-eabi/7.3.1/thumb/v7-m/crtn.o
 *(.fini)
 .fini          0x00000000080028f8        0x4 c:/st/stm32cubeide_1.4.0/stm32cubeide/plugins/com.st.stm32cube.ide.mcu.externaltools.gnu-tools-for-stm32.7-2018-q2-update.win32_1.4.0.202007081208/tools/bin/../lib/gcc/arm-none-eabi/7.3.1/thumb/v7-m/crti.o
                0x00000000080028f8                _fini
 .fini          0x00000000080028fc        0x8 c:/st/stm32cubeide_1.4.0/stm32cubeide/plugins/com.st.stm32cube.ide.mcu.externaltools.gnu-tools-for-stm32.7-2018-q2-update.win32_1.4.0.202007081208/tools/bin/../lib/gcc/arm-none-eabi/7.3.1/thumb/v7-m/crtn.o
                0x0000000008002904                . = ALIGN (0x4)
                0x0000000008002904                _etext = .

.vfp11_veneer   0x0000000008002904        0x0
 .vfp11_veneer  0x0000000008002904        0x0 linker stubs

.v4_bx          0x0000000008002904        0x0
 .v4_bx         0x0000000008002904        0x0 linker stubs

.iplt           0x0000000008002904        0x0
 .iplt          0x0000000008002904        0x0 c:/st/stm32cubeide_1.4.0/stm32cubeide/plugins/com.st.stm32cube.ide.mcu.externaltools.gnu-tools-for-stm32.7-2018-q2-update.win32_1.4.0.202007081208/tools/bin/../lib/gcc/arm-none-eabi/7.3.1/thumb/v7-m/crtbegin.o

.rodata         0x0000000008002904      0x2d0
                0x0000000008002904                . = ALIGN (0x4)
 *(.rodata)
 .rodata        0x0000000008002904      0x2aa Inc/APP/APP.o
 *(.rodata*)
 .rodata.__utoa.str1.1
                0x0000000008002bae       0x25 c:/st/stm32cubeide_1.4.0/stm32cubeide/plugins/com.st.stm32cube.ide.mcu.externaltools.gnu-tools-for-stm32.7-2018-q2-update.win32_1.4.0.202007081208/tools/bin/../lib/gcc/arm-none-eabi/7.3.1/../../../../arm-none-eabi/lib/thumb/v7-m\libc_nano.a(lib_a-utoa.o)
                0x0000000008002bd4                . = ALIGN (0x4)
 *fill*         0x0000000008002bd3        0x1 

.rel.dyn        0x0000000008002bd4        0x0
 .rel.iplt      0x0000000008002bd4        0x0 c:/st/stm32cubeide_1.4.0/stm32cubeide/plugins/com.st.stm32cube.ide.mcu.externaltools.gnu-tools-for-stm32.7-2018-q2-update.win32_1.4.0.202007081208/tools/bin/../lib/gcc/arm-none-eabi/7.3.1/thumb/v7-m/crtbegin.o

.ARM.extab      0x0000000008002bd4        0x0
                0x0000000008002bd4                . = ALIGN (0x4)
 *(.ARM.extab* .gnu.linkonce.armextab.*)
                0x0000000008002bd4                . = ALIGN (0x4)

.ARM            0x0000000008002bd4        0x0
                0x0000000008002bd4                . = ALIGN (0x4)
                0x0000000008002bd4                __exidx_start = .
 *(.ARM.exidx*)
                0x0000000008002bd4                __exidx_end = .
                0x0000000008002bd4                . = ALIGN (0x4)

.preinit_array  0x0000000008002bd4        0x0
                0x0000000008002bd4                . = ALIGN (0x4)
                0x0000000008002bd4                PROVIDE (__preinit_array_start = .)
 *(.preinit_array*)
                0x0000000008002bd4                PROVIDE (__preinit_array_end = .)
                0x0000000008002bd4                . = ALIGN (0x4)

.init_array     0x0000000008002bd4        0x4
                0x0000000008002bd4                . = ALIGN (0x4)
                0x0000000008002bd4                PROVIDE (__init_array_start = .)
 *(SORT_BY_NAME(.init_array.*))
 *(.init_array*)
 .init_array    0x0000000008002bd4        0x4 c:/st/stm32cubeide_1.4.0/stm32cubeide/plugins/com.st.stm32cube.ide.mcu.externaltools.gnu-tools-for-stm32.7-2018-q2-update.win32_1.4.0.202007081208/tools/bin/../lib/gcc/arm-none-eabi/7.3.1/thumb/v7-m/crtbegin.o
                0x0000000008002bd8                PROVIDE (__init_array_end = .)
                0x0000000008002bd8                . = ALIGN (0x4)

.fini_array     0x0000000008002bd8        0x4
                0x0000000008002bd8                . = ALIGN (0x4)
                [!provide]                        PROVIDE (__fini_array_start = .)
 *(SORT_BY_NAME(.fini_array.*))
 *(.fini_array*)
 .fini_array    0x0000000008002bd8        0x4 c:/st/stm32cubeide_1.4.0/stm32cubeide/plugins/com.st.stm32cube.ide.mcu.externaltools.gnu-tools-for-stm32.7-2018-q2-update.win32_1.4.0.202007081208/tools/bin/../lib/gcc/arm-none-eabi/7.3.1/thumb/v7-m/crtbegin.o
                [!provide]                        PROVIDE (__fini_array_end = .)
                0x0000000008002bdc                . = ALIGN (0x4)
                0x0000000008002bdc                _sidata = LOADADDR (.data)

.data           0x0000000020000000       0x38 load address 0x0000000008002bdc
                0x0000000020000000                . = ALIGN (0x4)
                0x0000000020000000                _sdata = .
 *(.data)
 *(.data*)
 .data.Glob_LogginSeesionExpired
                0x0000000020000000        0x1 Inc/APP/APP.o
                0x0000000020000000                Glob_LogginSeesionExpired
 .data.Glob_u8NumberOfAvailableSlots
                0x0000000020000001        0x1 Inc/APP/APP.o
                0x0000000020000001                Glob_u8NumberOfAvailableSlots
 *fill*         0x0000000020000002        0x2 
 .data.Glob_u8DriverFreeIndex
                0x0000000020000004        0x3 Inc/APP/APP.o
                0x0000000020000004                Glob_u8DriverFreeIndex
 *fill*         0x0000000020000007        0x1 
 .data.LCD_PortPin
                0x0000000020000008        0xc Inc/APP/APP.o
                0x0000000020000008                LCD_PortPin
 .data.LCD_Adding
                0x0000000020000014        0x8 Inc/APP/APP.o
                0x0000000020000014                LCD_Adding
 .data.keys     0x000000002000001c        0xc Inc/APP/APP.o
                0x000000002000001c                keys
 .data.RowsPins
                0x0000000020000028        0x8 Inc/APP/APP.o
                0x0000000020000028                RowsPins
 .data.ColsPins
                0x0000000020000030        0x6 Inc/APP/APP.o
                0x0000000020000030                ColsPins
 .data.Glob_u8Pressed_Key
                0x0000000020000036        0x1 Inc/APP/APP.o
                0x0000000020000036                Glob_u8Pressed_Key
                0x0000000020000038                . = ALIGN (0x4)
 *fill*         0x0000000020000037        0x1 
                0x0000000020000038                _edata = .

.igot.plt       0x0000000020000038        0x0 load address 0x0000000008002c14
 .igot.plt      0x0000000020000038        0x0 c:/st/stm32cubeide_1.4.0/stm32cubeide/plugins/com.st.stm32cube.ide.mcu.externaltools.gnu-tools-for-stm32.7-2018-q2-update.win32_1.4.0.202007081208/tools/bin/../lib/gcc/arm-none-eabi/7.3.1/thumb/v7-m/crtbegin.o
                0x0000000020000038                . = ALIGN (0x4)

.bss            0x0000000020000038       0xd8 load address 0x0000000008002c14
                0x0000000020000038                _sbss = .
                0x0000000020000038                __bss_start__ = _sbss
 *(.bss)
 .bss           0x0000000020000038       0x1c c:/st/stm32cubeide_1.4.0/stm32cubeide/plugins/com.st.stm32cube.ide.mcu.externaltools.gnu-tools-for-stm32.7-2018-q2-update.win32_1.4.0.202007081208/tools/bin/../lib/gcc/arm-none-eabi/7.3.1/thumb/v7-m/crtbegin.o
 *(.bss*)
 .bss.myLCD     0x0000000020000054        0x8 Inc/APP/APP.o
 .bss.myUART    0x000000002000005c       0x1c Inc/APP/APP.o
 .bss.Global_SPI_Config
                0x0000000020000078        0x8 Inc/MCAL/SPI/SPI_program.o
 .bss.Global_USART_Config
                0x0000000020000080        0xc Inc/MCAL/UART/USART_program.o
 *(COMMON)
 COMMON         0x000000002000008c       0x82 Inc/APP/APP.o
                0x000000002000008c                myKeypad
                0x000000002000009c                Glob_u8AdminArr
                0x00000000200000c8                Glob_u8NumberOfCurrentUsers
                0x00000000200000cc                Glob_u8DriverArr
                0x0000000020000110                . = ALIGN (0x4)
 *fill*         0x000000002000010e        0x2 
                0x0000000020000110                _ebss = .
                0x0000000020000110                __bss_end__ = _ebss

._user_heap_stack
                0x0000000020000110      0x600 load address 0x0000000008002c14
                0x0000000020000110                . = ALIGN (0x8)
                [!provide]                        PROVIDE (end = .)
                [!provide]                        PROVIDE (_end = .)
                0x0000000020000310                . = (. + _Min_Heap_Size)
 *fill*         0x0000000020000110      0x200 
                0x0000000020000710                . = (. + _Min_Stack_Size)
 *fill*         0x0000000020000310      0x400 
                0x0000000020000710                . = ALIGN (0x8)

/DISCARD/
 libc.a(*)
 libm.a(*)
 libgcc.a(*)

.ARM.attributes
                0x0000000000000000       0x29
 *(.ARM.attributes)
 .ARM.attributes
                0x0000000000000000       0x1d c:/st/stm32cubeide_1.4.0/stm32cubeide/plugins/com.st.stm32cube.ide.mcu.externaltools.gnu-tools-for-stm32.7-2018-q2-update.win32_1.4.0.202007081208/tools/bin/../lib/gcc/arm-none-eabi/7.3.1/thumb/v7-m/crti.o
 .ARM.attributes
                0x000000000000001d       0x2d c:/st/stm32cubeide_1.4.0/stm32cubeide/plugins/com.st.stm32cube.ide.mcu.externaltools.gnu-tools-for-stm32.7-2018-q2-update.win32_1.4.0.202007081208/tools/bin/../lib/gcc/arm-none-eabi/7.3.1/thumb/v7-m/crtbegin.o
 .ARM.attributes
                0x000000000000004a       0x33 Inc/APP/APP.o
 .ARM.attributes
                0x000000000000007d       0x33 Inc/HAL/KeyPad/KeyPad.o
 .ARM.attributes
                0x00000000000000b0       0x33 Inc/HAL/LCD/LCD.o
 .ARM.attributes
                0x00000000000000e3       0x33 Inc/MCAL/GPIO/GPIO_program.o
 .ARM.attributes
                0x0000000000000116       0x33 Inc/MCAL/RCC/RCC_program.o
 .ARM.attributes
                0x0000000000000149       0x33 Inc/MCAL/SPI/SPI_program.o
 .ARM.attributes
                0x000000000000017c       0x33 Inc/MCAL/UART/USART_program.o
 .ARM.attributes
                0x00000000000001af       0x33 Src/main.o
 .ARM.attributes
                0x00000000000001e2       0x21 Startup/startup_stm32f103c6tx.o
 .ARM.attributes
                0x0000000000000203       0x2d c:/st/stm32cubeide_1.4.0/stm32cubeide/plugins/com.st.stm32cube.ide.mcu.externaltools.gnu-tools-for-stm32.7-2018-q2-update.win32_1.4.0.202007081208/tools/bin/../lib/gcc/arm-none-eabi/7.3.1/../../../../arm-none-eabi/lib/thumb/v7-m\libc_nano.a(lib_a-init.o)
 .ARM.attributes
                0x0000000000000230       0x2d c:/st/stm32cubeide_1.4.0/stm32cubeide/plugins/com.st.stm32cube.ide.mcu.externaltools.gnu-tools-for-stm32.7-2018-q2-update.win32_1.4.0.202007081208/tools/bin/../lib/gcc/arm-none-eabi/7.3.1/../../../../arm-none-eabi/lib/thumb/v7-m\libc_nano.a(lib_a-itoa.o)
 .ARM.attributes
                0x000000000000025d       0x2d c:/st/stm32cubeide_1.4.0/stm32cubeide/plugins/com.st.stm32cube.ide.mcu.externaltools.gnu-tools-for-stm32.7-2018-q2-update.win32_1.4.0.202007081208/tools/bin/../lib/gcc/arm-none-eabi/7.3.1/../../../../arm-none-eabi/lib/thumb/v7-m\libc_nano.a(lib_a-utoa.o)
 .ARM.attributes
                0x000000000000028a       0x1d c:/st/stm32cubeide_1.4.0/stm32cubeide/plugins/com.st.stm32cube.ide.mcu.externaltools.gnu-tools-for-stm32.7-2018-q2-update.win32_1.4.0.202007081208/tools/bin/../lib/gcc/arm-none-eabi/7.3.1/thumb/v7-m\libgcc.a(_arm_addsubdf3.o)
 .ARM.attributes
                0x00000000000002a7       0x1d c:/st/stm32cubeide_1.4.0/stm32cubeide/plugins/com.st.stm32cube.ide.mcu.externaltools.gnu-tools-for-stm32.7-2018-q2-update.win32_1.4.0.202007081208/tools/bin/../lib/gcc/arm-none-eabi/7.3.1/thumb/v7-m\libgcc.a(_arm_muldivdf3.o)
 .ARM.attributes
                0x00000000000002c4       0x1d c:/st/stm32cubeide_1.4.0/stm32cubeide/plugins/com.st.stm32cube.ide.mcu.externaltools.gnu-tools-for-stm32.7-2018-q2-update.win32_1.4.0.202007081208/tools/bin/../lib/gcc/arm-none-eabi/7.3.1/thumb/v7-m\libgcc.a(_arm_fixunsdfsi.o)
 .ARM.attributes
                0x00000000000002e1       0x1d c:/st/stm32cubeide_1.4.0/stm32cubeide/plugins/com.st.stm32cube.ide.mcu.externaltools.gnu-tools-for-stm32.7-2018-q2-update.win32_1.4.0.202007081208/tools/bin/../lib/gcc/arm-none-eabi/7.3.1/thumb/v7-m/crtn.o
OUTPUT(ECU2_Dashboard.elf elf32-littlearm)

.debug_info     0x0000000000000000     0x2557
 .debug_info    0x0000000000000000      0xcaf Inc/APP/APP.o
 .debug_info    0x0000000000000caf      0x206 Inc/HAL/KeyPad/KeyPad.o
 .debug_info    0x0000000000000eb5      0x432 Inc/HAL/LCD/LCD.o
 .debug_info    0x00000000000012e7      0x39f Inc/MCAL/GPIO/GPIO_program.o
 .debug_info    0x0000000000001686      0x103 Inc/MCAL/RCC/RCC_program.o
 .debug_info    0x0000000000001789      0x5f2 Inc/MCAL/SPI/SPI_program.o
 .debug_info    0x0000000000001d7b      0x748 Inc/MCAL/UART/USART_program.o
 .debug_info    0x00000000000024c3       0x72 Src/main.o
 .debug_info    0x0000000000002535       0x22 Startup/startup_stm32f103c6tx.o

.debug_abbrev   0x0000000000000000      0x9b8
 .debug_abbrev  0x0000000000000000      0x200 Inc/APP/APP.o
 .debug_abbrev  0x0000000000000200       0xcf Inc/HAL/KeyPad/KeyPad.o
 .debug_abbrev  0x00000000000002cf      0x195 Inc/HAL/LCD/LCD.o
 .debug_abbrev  0x0000000000000464      0x161 Inc/MCAL/GPIO/GPIO_program.o
 .debug_abbrev  0x00000000000005c5       0xb1 Inc/MCAL/RCC/RCC_program.o
 .debug_abbrev  0x0000000000000676      0x16f Inc/MCAL/SPI/SPI_program.o
 .debug_abbrev  0x00000000000007e5      0x178 Inc/MCAL/UART/USART_program.o
 .debug_abbrev  0x000000000000095d       0x49 Src/main.o
 .debug_abbrev  0x00000000000009a6       0x12 Startup/startup_stm32f103c6tx.o

.debug_loc      0x0000000000000000     0x1350
 .debug_loc     0x0000000000000000      0x49c Inc/APP/APP.o
 .debug_loc     0x000000000000049c       0xa0 Inc/HAL/KeyPad/KeyPad.o
 .debug_loc     0x000000000000053c      0x428 Inc/HAL/LCD/LCD.o
 .debug_loc     0x0000000000000964      0x284 Inc/MCAL/GPIO/GPIO_program.o
 .debug_loc     0x0000000000000be8       0xfc Inc/MCAL/RCC/RCC_program.o
 .debug_loc     0x0000000000000ce4      0x260 Inc/MCAL/SPI/SPI_program.o
 .debug_loc     0x0000000000000f44      0x3e0 Inc/MCAL/UART/USART_program.o
 .debug_loc     0x0000000000001324       0x2c Src/main.o

.debug_aranges  0x0000000000000000      0x2f8
 .debug_aranges
                0x0000000000000000       0xb8 Inc/APP/APP.o
 .debug_aranges
                0x00000000000000b8       0x28 Inc/HAL/KeyPad/KeyPad.o
 .debug_aranges
                0x00000000000000e0       0x80 Inc/HAL/LCD/LCD.o
 .debug_aranges
                0x0000000000000160       0x50 Inc/MCAL/GPIO/GPIO_program.o
 .debug_aranges
                0x00000000000001b0       0x30 Inc/MCAL/RCC/RCC_program.o
 .debug_aranges
                0x00000000000001e0       0x50 Inc/MCAL/SPI/SPI_program.o
 .debug_aranges
                0x0000000000000230       0x80 Inc/MCAL/UART/USART_program.o
 .debug_aranges
                0x00000000000002b0       0x20 Src/main.o
 .debug_aranges
                0x00000000000002d0       0x28 Startup/startup_stm32f103c6tx.o

.debug_ranges   0x0000000000000000      0x270
 .debug_ranges  0x0000000000000000       0xa8 Inc/APP/APP.o
 .debug_ranges  0x00000000000000a8       0x18 Inc/HAL/KeyPad/KeyPad.o
 .debug_ranges  0x00000000000000c0       0x70 Inc/HAL/LCD/LCD.o
 .debug_ranges  0x0000000000000130       0x40 Inc/MCAL/GPIO/GPIO_program.o
 .debug_ranges  0x0000000000000170       0x20 Inc/MCAL/RCC/RCC_program.o
 .debug_ranges  0x0000000000000190       0x40 Inc/MCAL/SPI/SPI_program.o
 .debug_ranges  0x00000000000001d0       0x70 Inc/MCAL/UART/USART_program.o
 .debug_ranges  0x0000000000000240       0x10 Src/main.o
 .debug_ranges  0x0000000000000250       0x20 Startup/startup_stm32f103c6tx.o

.debug_macro    0x0000000000000000     0x141c
 .debug_macro   0x0000000000000000      0x11d Inc/APP/APP.o
 .debug_macro   0x000000000000011d      0xa60 Inc/APP/APP.o
 .debug_macro   0x0000000000000b7d       0x34 Inc/APP/APP.o
 .debug_macro   0x0000000000000bb1       0x28 Inc/APP/APP.o
 .debug_macro   0x0000000000000bd9       0x5e Inc/APP/APP.o
 .debug_macro   0x0000000000000c37       0x16 Inc/APP/APP.o
 .debug_macro   0x0000000000000c4d       0x28 Inc/APP/APP.o
 .debug_macro   0x0000000000000c75       0x6d Inc/HAL/KeyPad/KeyPad.o
 .debug_macro   0x0000000000000ce2      0x109 Inc/HAL/LCD/LCD.o
 .debug_macro   0x0000000000000deb       0x49 Inc/MCAL/GPIO/GPIO_program.o
 .debug_macro   0x0000000000000e34       0x64 Inc/MCAL/GPIO/GPIO_program.o
 .debug_macro   0x0000000000000e98       0x2e Inc/MCAL/GPIO/GPIO_program.o
 .debug_macro   0x0000000000000ec6       0x40 Inc/MCAL/RCC/RCC_program.o
 .debug_macro   0x0000000000000f06       0x34 Inc/MCAL/RCC/RCC_program.o
 .debug_macro   0x0000000000000f3a      0x310 Inc/MCAL/RCC/RCC_program.o
 .debug_macro   0x000000000000124a       0x71 Inc/MCAL/SPI/SPI_program.o
 .debug_macro   0x00000000000012bb       0x22 Inc/MCAL/SPI/SPI_program.o
 .debug_macro   0x00000000000012dd       0x6f Inc/MCAL/UART/USART_program.o
 .debug_macro   0x000000000000134c       0x2e Inc/MCAL/UART/USART_program.o
 .debug_macro   0x000000000000137a       0xa2 Src/main.o

.debug_line     0x0000000000000000     0x1997
 .debug_line    0x0000000000000000      0x6d6 Inc/APP/APP.o
 .debug_line    0x00000000000006d6      0x222 Inc/HAL/KeyPad/KeyPad.o
 .debug_line    0x00000000000008f8      0x2a7 Inc/HAL/LCD/LCD.o
 .debug_line    0x0000000000000b9f      0x283 Inc/MCAL/GPIO/GPIO_program.o
 .debug_line    0x0000000000000e22      0x146 Inc/MCAL/RCC/RCC_program.o
 .debug_line    0x0000000000000f68      0x266 Inc/MCAL/SPI/SPI_program.o
 .debug_line    0x00000000000011ce      0x3dd Inc/MCAL/UART/USART_program.o
 .debug_line    0x00000000000015ab      0x368 Src/main.o
 .debug_line    0x0000000000001913       0x84 Startup/startup_stm32f103c6tx.o

.debug_str      0x0000000000000000     0x607a
 .debug_str     0x0000000000000000     0x3e21 Inc/APP/APP.o
                                       0x3e90 (size before relaxing)
 .debug_str     0x0000000000003e21      0x2e2 Inc/HAL/KeyPad/KeyPad.o
                                       0x33f9 (size before relaxing)
 .debug_str     0x0000000000004103      0x74b Inc/HAL/LCD/LCD.o
                                       0x38c4 (size before relaxing)
 .debug_str     0x000000000000484e      0x22e Inc/MCAL/GPIO/GPIO_program.o
                                       0x3323 (size before relaxing)
 .debug_str     0x0000000000004a7c      0xf31 Inc/MCAL/RCC/RCC_program.o
                                       0x3d89 (size before relaxing)
 .debug_str     0x00000000000059ad      0x28e Inc/MCAL/SPI/SPI_program.o
                                       0x3743 (size before relaxing)
 .debug_str     0x0000000000005c3b      0x3fb Inc/MCAL/UART/USART_program.o
                                       0x387b (size before relaxing)
 .debug_str     0x0000000000006036       0x13 Src/main.o
                                       0x3196 (size before relaxing)
 .debug_str     0x0000000000006049       0x31 Startup/startup_stm32f103c6tx.o
                                         0x73 (size before relaxing)

.comment        0x0000000000000000       0x7b
 .comment       0x0000000000000000       0x7b Inc/APP/APP.o
                                         0x7c (size before relaxing)
 .comment       0x000000000000007b       0x7c Inc/HAL/KeyPad/KeyPad.o
 .comment       0x000000000000007b       0x7c Inc/HAL/LCD/LCD.o
 .comment       0x000000000000007b       0x7c Inc/MCAL/GPIO/GPIO_program.o
 .comment       0x000000000000007b       0x7c Inc/MCAL/RCC/RCC_program.o
 .comment       0x000000000000007b       0x7c Inc/MCAL/SPI/SPI_program.o
 .comment       0x000000000000007b       0x7c Inc/MCAL/UART/USART_program.o
 .comment       0x000000000000007b       0x7c Src/main.o

.debug_frame    0x0000000000000000      0xb6c
 .debug_frame   0x0000000000000000      0x288 Inc/APP/APP.o
 .debug_frame   0x0000000000000288       0x58 Inc/HAL/KeyPad/KeyPad.o
 .debug_frame   0x00000000000002e0      0x1ec Inc/HAL/LCD/LCD.o
 .debug_frame   0x00000000000004cc      0x128 Inc/MCAL/GPIO/GPIO_program.o
 .debug_frame   0x00000000000005f4       0x80 Inc/MCAL/RCC/RCC_program.o
 .debug_frame   0x0000000000000674      0x11c Inc/MCAL/SPI/SPI_program.o
 .debug_frame   0x0000000000000790      0x1e4 Inc/MCAL/UART/USART_program.o
 .debug_frame   0x0000000000000974       0x2c Src/main.o
 .debug_frame   0x00000000000009a0       0x2c c:/st/stm32cubeide_1.4.0/stm32cubeide/plugins/com.st.stm32cube.ide.mcu.externaltools.gnu-tools-for-stm32.7-2018-q2-update.win32_1.4.0.202007081208/tools/bin/../lib/gcc/arm-none-eabi/7.3.1/../../../../arm-none-eabi/lib/thumb/v7-m\libc_nano.a(lib_a-init.o)
 .debug_frame   0x00000000000009cc       0x38 c:/st/stm32cubeide_1.4.0/stm32cubeide/plugins/com.st.stm32cube.ide.mcu.externaltools.gnu-tools-for-stm32.7-2018-q2-update.win32_1.4.0.202007081208/tools/bin/../lib/gcc/arm-none-eabi/7.3.1/../../../../arm-none-eabi/lib/thumb/v7-m\libc_nano.a(lib_a-itoa.o)
 .debug_frame   0x0000000000000a04       0x48 c:/st/stm32cubeide_1.4.0/stm32cubeide/plugins/com.st.stm32cube.ide.mcu.externaltools.gnu-tools-for-stm32.7-2018-q2-update.win32_1.4.0.202007081208/tools/bin/../lib/gcc/arm-none-eabi/7.3.1/../../../../arm-none-eabi/lib/thumb/v7-m\libc_nano.a(lib_a-utoa.o)
 .debug_frame   0x0000000000000a4c       0xac c:/st/stm32cubeide_1.4.0/stm32cubeide/plugins/com.st.stm32cube.ide.mcu.externaltools.gnu-tools-for-stm32.7-2018-q2-update.win32_1.4.0.202007081208/tools/bin/../lib/gcc/arm-none-eabi/7.3.1/thumb/v7-m\libgcc.a(_arm_addsubdf3.o)
 .debug_frame   0x0000000000000af8       0x50 c:/st/stm32cubeide_1.4.0/stm32cubeide/plugins/com.st.stm32cube.ide.mcu.externaltools.gnu-tools-for-stm32.7-2018-q2-update.win32_1.4.0.202007081208/tools/bin/../lib/gcc/arm-none-eabi/7.3.1/thumb/v7-m\libgcc.a(_arm_muldivdf3.o)
 .debug_frame   0x0000000000000b48       0x24 c:/st/stm32cubeide_1.4.0/stm32cubeide/plugins/com.st.stm32cube.ide.mcu.externaltools.gnu-tools-for-stm32.7-2018-q2-update.win32_1.4.0.202007081208/tools/bin/../lib/gcc/arm-none-eabi/7.3.1/thumb/v7-m\libgcc.a(_arm_fixunsdfsi.o)
