Archive member included to satisfy reference by file (symbol)

c:/st/stm32cubeide_1.4.0/stm32cubeide/plugins/com.st.stm32cube.ide.mcu.externaltools.gnu-tools-for-stm32.7-2018-q2-update.win32_1.4.0.202007081208/tools/bin/../lib/gcc/arm-none-eabi/7.3.1/../../../../arm-none-eabi/lib/thumb/v7-m\libc_nano.a(lib_a-exit.o)
                              c:/st/stm32cubeide_1.4.0/stm32cubeide/plugins/com.st.stm32cube.ide.mcu.externaltools.gnu-tools-for-stm32.7-2018-q2-update.win32_1.4.0.202007081208/tools/bin/../lib/gcc/arm-none-eabi/7.3.1/../../../../arm-none-eabi/lib/thumb/v7-m/crt0.o (exit)
c:/st/stm32cubeide_1.4.0/stm32cubeide/plugins/com.st.stm32cube.ide.mcu.externaltools.gnu-tools-for-stm32.7-2018-q2-update.win32_1.4.0.202007081208/tools/bin/../lib/gcc/arm-none-eabi/7.3.1/../../../../arm-none-eabi/lib/thumb/v7-m\libc_nano.a(lib_a-impure.o)
                              c:/st/stm32cubeide_1.4.0/stm32cubeide/plugins/com.st.stm32cube.ide.mcu.externaltools.gnu-tools-for-stm32.7-2018-q2-update.win32_1.4.0.202007081208/tools/bin/../lib/gcc/arm-none-eabi/7.3.1/../../../../arm-none-eabi/lib/thumb/v7-m\libc_nano.a(lib_a-exit.o) (_global_impure_ptr)
c:/st/stm32cubeide_1.4.0/stm32cubeide/plugins/com.st.stm32cube.ide.mcu.externaltools.gnu-tools-for-stm32.7-2018-q2-update.win32_1.4.0.202007081208/tools/bin/../lib/gcc/arm-none-eabi/7.3.1/../../../../arm-none-eabi/lib/thumb/v7-m\libc_nano.a(lib_a-init.o)
                              c:/st/stm32cubeide_1.4.0/stm32cubeide/plugins/com.st.stm32cube.ide.mcu.externaltools.gnu-tools-for-stm32.7-2018-q2-update.win32_1.4.0.202007081208/tools/bin/../lib/gcc/arm-none-eabi/7.3.1/../../../../arm-none-eabi/lib/thumb/v7-m/crt0.o (__libc_init_array)
c:/st/stm32cubeide_1.4.0/stm32cubeide/plugins/com.st.stm32cube.ide.mcu.externaltools.gnu-tools-for-stm32.7-2018-q2-update.win32_1.4.0.202007081208/tools/bin/../lib/gcc/arm-none-eabi/7.3.1/../../../../arm-none-eabi/lib/thumb/v7-m\libc_nano.a(lib_a-itoa.o)
                              Inc/HAL/LCD/LCD.o (itoa)
c:/st/stm32cubeide_1.4.0/stm32cubeide/plugins/com.st.stm32cube.ide.mcu.externaltools.gnu-tools-for-stm32.7-2018-q2-update.win32_1.4.0.202007081208/tools/bin/../lib/gcc/arm-none-eabi/7.3.1/../../../../arm-none-eabi/lib/thumb/v7-m\libc_nano.a(lib_a-memset.o)
                              c:/st/stm32cubeide_1.4.0/stm32cubeide/plugins/com.st.stm32cube.ide.mcu.externaltools.gnu-tools-for-stm32.7-2018-q2-update.win32_1.4.0.202007081208/tools/bin/../lib/gcc/arm-none-eabi/7.3.1/../../../../arm-none-eabi/lib/thumb/v7-m/crt0.o (memset)
c:/st/stm32cubeide_1.4.0/stm32cubeide/plugins/com.st.stm32cube.ide.mcu.externaltools.gnu-tools-for-stm32.7-2018-q2-update.win32_1.4.0.202007081208/tools/bin/../lib/gcc/arm-none-eabi/7.3.1/../../../../arm-none-eabi/lib/thumb/v7-m\libc_nano.a(lib_a-utoa.o)
                              c:/st/stm32cubeide_1.4.0/stm32cubeide/plugins/com.st.stm32cube.ide.mcu.externaltools.gnu-tools-for-stm32.7-2018-q2-update.win32_1.4.0.202007081208/tools/bin/../lib/gcc/arm-none-eabi/7.3.1/../../../../arm-none-eabi/lib/thumb/v7-m\libc_nano.a(lib_a-itoa.o) (__utoa)
c:/st/stm32cubeide_1.4.0/stm32cubeide/plugins/com.st.stm32cube.ide.mcu.externaltools.gnu-tools-for-stm32.7-2018-q2-update.win32_1.4.0.202007081208/tools/bin/../lib/gcc/arm-none-eabi/7.3.1/thumb/v7-m\libgcc.a(_arm_addsubdf3.o)
                              Inc/MCAL/UART/USART_program.o (__aeabi_ui2d)
c:/st/stm32cubeide_1.4.0/stm32cubeide/plugins/com.st.stm32cube.ide.mcu.externaltools.gnu-tools-for-stm32.7-2018-q2-update.win32_1.4.0.202007081208/tools/bin/../lib/gcc/arm-none-eabi/7.3.1/thumb/v7-m\libgcc.a(_arm_muldivdf3.o)
                              Inc/MCAL/UART/USART_program.o (__aeabi_dmul)
c:/st/stm32cubeide_1.4.0/stm32cubeide/plugins/com.st.stm32cube.ide.mcu.externaltools.gnu-tools-for-stm32.7-2018-q2-update.win32_1.4.0.202007081208/tools/bin/../lib/gcc/arm-none-eabi/7.3.1/thumb/v7-m\libgcc.a(_arm_fixunsdfsi.o)
                              Inc/MCAL/UART/USART_program.o (__aeabi_d2uiz)
c:/st/stm32cubeide_1.4.0/stm32cubeide/plugins/com.st.stm32cube.ide.mcu.externaltools.gnu-tools-for-stm32.7-2018-q2-update.win32_1.4.0.202007081208/tools/bin/../lib/gcc/arm-none-eabi/7.3.1/../../../../arm-none-eabi/lib/thumb/v7-m\libnosys.a(_exit.o)
                              c:/st/stm32cubeide_1.4.0/stm32cubeide/plugins/com.st.stm32cube.ide.mcu.externaltools.gnu-tools-for-stm32.7-2018-q2-update.win32_1.4.0.202007081208/tools/bin/../lib/gcc/arm-none-eabi/7.3.1/../../../../arm-none-eabi/lib/thumb/v7-m\libc_nano.a(lib_a-exit.o) (_exit)

Allocating common symbols
Common symbol       size              file

myKeypad            0x10              Inc/APP/APP.o
Glob_u8AdminArr     0x2c              Inc/APP/APP.o
Global_I2C_Confg    0x28              Inc/MCAL/I2C/I2C_program.o
Glob_u8NumberOfCurrentUsers
                    0x1               Inc/APP/APP.o
Glob_u8DriverArr    0x42              Inc/APP/APP.o

Discarded input sections

 .text          0x0000000000000000        0x0 c:/st/stm32cubeide_1.4.0/stm32cubeide/plugins/com.st.stm32cube.ide.mcu.externaltools.gnu-tools-for-stm32.7-2018-q2-update.win32_1.4.0.202007081208/tools/bin/../lib/gcc/arm-none-eabi/7.3.1/thumb/v7-m/crti.o
 .data          0x0000000000000000        0x0 c:/st/stm32cubeide_1.4.0/stm32cubeide/plugins/com.st.stm32cube.ide.mcu.externaltools.gnu-tools-for-stm32.7-2018-q2-update.win32_1.4.0.202007081208/tools/bin/../lib/gcc/arm-none-eabi/7.3.1/thumb/v7-m/crti.o
 .bss           0x0000000000000000        0x0 c:/st/stm32cubeide_1.4.0/stm32cubeide/plugins/com.st.stm32cube.ide.mcu.externaltools.gnu-tools-for-stm32.7-2018-q2-update.win32_1.4.0.202007081208/tools/bin/../lib/gcc/arm-none-eabi/7.3.1/thumb/v7-m/crti.o
 .data          0x0000000000000000        0x4 c:/st/stm32cubeide_1.4.0/stm32cubeide/plugins/com.st.stm32cube.ide.mcu.externaltools.gnu-tools-for-stm32.7-2018-q2-update.win32_1.4.0.202007081208/tools/bin/../lib/gcc/arm-none-eabi/7.3.1/thumb/v7-m/crtbegin.o
 .text          0x0000000000000000       0x74 c:/st/stm32cubeide_1.4.0/stm32cubeide/plugins/com.st.stm32cube.ide.mcu.externaltools.gnu-tools-for-stm32.7-2018-q2-update.win32_1.4.0.202007081208/tools/bin/../lib/gcc/arm-none-eabi/7.3.1/../../../../arm-none-eabi/lib/thumb/v7-m/crt0.o
 .data          0x0000000000000000        0x0 c:/st/stm32cubeide_1.4.0/stm32cubeide/plugins/com.st.stm32cube.ide.mcu.externaltools.gnu-tools-for-stm32.7-2018-q2-update.win32_1.4.0.202007081208/tools/bin/../lib/gcc/arm-none-eabi/7.3.1/../../../../arm-none-eabi/lib/thumb/v7-m/crt0.o
 .bss           0x0000000000000000        0x0 c:/st/stm32cubeide_1.4.0/stm32cubeide/plugins/com.st.stm32cube.ide.mcu.externaltools.gnu-tools-for-stm32.7-2018-q2-update.win32_1.4.0.202007081208/tools/bin/../lib/gcc/arm-none-eabi/7.3.1/../../../../arm-none-eabi/lib/thumb/v7-m/crt0.o
 .ARM.extab     0x0000000000000000        0x0 c:/st/stm32cubeide_1.4.0/stm32cubeide/plugins/com.st.stm32cube.ide.mcu.externaltools.gnu-tools-for-stm32.7-2018-q2-update.win32_1.4.0.202007081208/tools/bin/../lib/gcc/arm-none-eabi/7.3.1/../../../../arm-none-eabi/lib/thumb/v7-m/crt0.o
 .ARM.exidx     0x0000000000000000        0x8 c:/st/stm32cubeide_1.4.0/stm32cubeide/plugins/com.st.stm32cube.ide.mcu.externaltools.gnu-tools-for-stm32.7-2018-q2-update.win32_1.4.0.202007081208/tools/bin/../lib/gcc/arm-none-eabi/7.3.1/../../../../arm-none-eabi/lib/thumb/v7-m/crt0.o
 .ARM.attributes
                0x0000000000000000       0x1b c:/st/stm32cubeide_1.4.0/stm32cubeide/plugins/com.st.stm32cube.ide.mcu.externaltools.gnu-tools-for-stm32.7-2018-q2-update.win32_1.4.0.202007081208/tools/bin/../lib/gcc/arm-none-eabi/7.3.1/../../../../arm-none-eabi/lib/thumb/v7-m/crt0.o
 .group         0x0000000000000000        0xc Inc/APP/APP.o
 .group         0x0000000000000000        0xc Inc/APP/APP.o
 .group         0x0000000000000000        0xc Inc/APP/APP.o
 .group         0x0000000000000000        0xc Inc/APP/APP.o
 .group         0x0000000000000000        0xc Inc/APP/APP.o
 .group         0x0000000000000000        0xc Inc/APP/APP.o
 .text          0x0000000000000000        0x0 Inc/APP/APP.o
 .data          0x0000000000000000        0x0 Inc/APP/APP.o
 .bss           0x0000000000000000        0x0 Inc/APP/APP.o
 .data.Glob_ID_Valid
                0x0000000000000000        0x1 Inc/APP/APP.o
 .group         0x0000000000000000        0xc Inc/HAL/Buzzer/Buzzer.o
 .group         0x0000000000000000        0xc Inc/HAL/Buzzer/Buzzer.o
 .group         0x0000000000000000        0xc Inc/HAL/Buzzer/Buzzer.o
 .group         0x0000000000000000        0xc Inc/HAL/Buzzer/Buzzer.o
 .text          0x0000000000000000        0x0 Inc/HAL/Buzzer/Buzzer.o
 .data          0x0000000000000000        0x0 Inc/HAL/Buzzer/Buzzer.o
 .bss           0x0000000000000000        0x0 Inc/HAL/Buzzer/Buzzer.o
 .text.Buzzer_voidInit
                0x0000000000000000       0x24 Inc/HAL/Buzzer/Buzzer.o
 .text.Buzzer_voidPlay
                0x0000000000000000       0x26 Inc/HAL/Buzzer/Buzzer.o
 .text.Buzzer_voidStop
                0x0000000000000000       0x32 Inc/HAL/Buzzer/Buzzer.o
 .debug_info    0x0000000000000000      0x1af Inc/HAL/Buzzer/Buzzer.o
 .debug_abbrev  0x0000000000000000       0x99 Inc/HAL/Buzzer/Buzzer.o
 .debug_loc     0x0000000000000000       0xf0 Inc/HAL/Buzzer/Buzzer.o
 .debug_aranges
                0x0000000000000000       0x30 Inc/HAL/Buzzer/Buzzer.o
 .debug_ranges  0x0000000000000000       0x20 Inc/HAL/Buzzer/Buzzer.o
 .debug_macro   0x0000000000000000       0x54 Inc/HAL/Buzzer/Buzzer.o
 .debug_macro   0x0000000000000000      0xa60 Inc/HAL/Buzzer/Buzzer.o
 .debug_macro   0x0000000000000000       0x34 Inc/HAL/Buzzer/Buzzer.o
 .debug_macro   0x0000000000000000       0x28 Inc/HAL/Buzzer/Buzzer.o
 .debug_macro   0x0000000000000000       0x5e Inc/HAL/Buzzer/Buzzer.o
 .debug_line    0x0000000000000000      0x1ba Inc/HAL/Buzzer/Buzzer.o
 .debug_str     0x0000000000000000     0x31a1 Inc/HAL/Buzzer/Buzzer.o
 .comment       0x0000000000000000       0x7c Inc/HAL/Buzzer/Buzzer.o
 .debug_frame   0x0000000000000000       0x7c Inc/HAL/Buzzer/Buzzer.o
 .ARM.attributes
                0x0000000000000000       0x33 Inc/HAL/Buzzer/Buzzer.o
 .group         0x0000000000000000        0xc Inc/HAL/KeyPad/KeyPad.o
 .group         0x0000000000000000        0xc Inc/HAL/KeyPad/KeyPad.o
 .group         0x0000000000000000        0xc Inc/HAL/KeyPad/KeyPad.o
 .group         0x0000000000000000        0xc Inc/HAL/KeyPad/KeyPad.o
 .group         0x0000000000000000        0xc Inc/HAL/KeyPad/KeyPad.o
 .text          0x0000000000000000        0x0 Inc/HAL/KeyPad/KeyPad.o
 .data          0x0000000000000000        0x0 Inc/HAL/KeyPad/KeyPad.o
 .bss           0x0000000000000000        0x0 Inc/HAL/KeyPad/KeyPad.o
 .debug_macro   0x0000000000000000      0xa60 Inc/HAL/KeyPad/KeyPad.o
 .debug_macro   0x0000000000000000       0x34 Inc/HAL/KeyPad/KeyPad.o
 .debug_macro   0x0000000000000000       0x28 Inc/HAL/KeyPad/KeyPad.o
 .debug_macro   0x0000000000000000       0x5e Inc/HAL/KeyPad/KeyPad.o
 .debug_macro   0x0000000000000000       0x16 Inc/HAL/KeyPad/KeyPad.o
 .group         0x0000000000000000        0xc Inc/HAL/LCD/LCD.o
 .group         0x0000000000000000        0xc Inc/HAL/LCD/LCD.o
 .group         0x0000000000000000        0xc Inc/HAL/LCD/LCD.o
 .group         0x0000000000000000        0xc Inc/HAL/LCD/LCD.o
 .group         0x0000000000000000        0xc Inc/HAL/LCD/LCD.o
 .text          0x0000000000000000        0x0 Inc/HAL/LCD/LCD.o
 .data          0x0000000000000000        0x0 Inc/HAL/LCD/LCD.o
 .bss           0x0000000000000000        0x0 Inc/HAL/LCD/LCD.o
 .text.LCD_voidSendStringAt
                0x0000000000000000       0x20 Inc/HAL/LCD/LCD.o
 .text.LCD_voidSetDisplayState
                0x0000000000000000       0x2c Inc/HAL/LCD/LCD.o
 .text.LCD_voidDispCustomChar
                0x0000000000000000       0x1e Inc/HAL/LCD/LCD.o
 .debug_macro   0x0000000000000000      0xa60 Inc/HAL/LCD/LCD.o
 .debug_macro   0x0000000000000000       0x34 Inc/HAL/LCD/LCD.o
 .debug_macro   0x0000000000000000       0x28 Inc/HAL/LCD/LCD.o
 .debug_macro   0x0000000000000000       0x5e Inc/HAL/LCD/LCD.o
 .debug_macro   0x0000000000000000       0x28 Inc/HAL/LCD/LCD.o
 .group         0x0000000000000000        0xc Inc/HAL/_7Segment/_7Segment.o
 .group         0x0000000000000000        0xc Inc/HAL/_7Segment/_7Segment.o
 .group         0x0000000000000000        0xc Inc/HAL/_7Segment/_7Segment.o
 .group         0x0000000000000000        0xc Inc/HAL/_7Segment/_7Segment.o
 .text          0x0000000000000000        0x0 Inc/HAL/_7Segment/_7Segment.o
 .data          0x0000000000000000        0x0 Inc/HAL/_7Segment/_7Segment.o
 .bss           0x0000000000000000        0x0 Inc/HAL/_7Segment/_7Segment.o
 .debug_macro   0x0000000000000000      0xa60 Inc/HAL/_7Segment/_7Segment.o
 .debug_macro   0x0000000000000000       0x34 Inc/HAL/_7Segment/_7Segment.o
 .debug_macro   0x0000000000000000       0x28 Inc/HAL/_7Segment/_7Segment.o
 .debug_macro   0x0000000000000000       0x5e Inc/HAL/_7Segment/_7Segment.o
 .group         0x0000000000000000        0xc Inc/MCAL/AFIO/AFIO_program.o
 .group         0x0000000000000000        0xc Inc/MCAL/AFIO/AFIO_program.o
 .group         0x0000000000000000        0xc Inc/MCAL/AFIO/AFIO_program.o
 .group         0x0000000000000000        0xc Inc/MCAL/AFIO/AFIO_program.o
 .text          0x0000000000000000        0x0 Inc/MCAL/AFIO/AFIO_program.o
 .data          0x0000000000000000        0x0 Inc/MCAL/AFIO/AFIO_program.o
 .bss           0x0000000000000000        0x0 Inc/MCAL/AFIO/AFIO_program.o
 .debug_macro   0x0000000000000000      0xa60 Inc/MCAL/AFIO/AFIO_program.o
 .debug_macro   0x0000000000000000       0x34 Inc/MCAL/AFIO/AFIO_program.o
 .debug_macro   0x0000000000000000       0x28 Inc/MCAL/AFIO/AFIO_program.o
 .group         0x0000000000000000        0xc Inc/MCAL/EXTI/EXTI_program.o
 .group         0x0000000000000000        0xc Inc/MCAL/EXTI/EXTI_program.o
 .group         0x0000000000000000        0xc Inc/MCAL/EXTI/EXTI_program.o
 .group         0x0000000000000000        0xc Inc/MCAL/EXTI/EXTI_program.o
 .text          0x0000000000000000        0x0 Inc/MCAL/EXTI/EXTI_program.o
 .data          0x0000000000000000        0x0 Inc/MCAL/EXTI/EXTI_program.o
 .bss           0x0000000000000000        0x0 Inc/MCAL/EXTI/EXTI_program.o
 .text.EXTI_voidDisableEXTI
                0x0000000000000000       0x30 Inc/MCAL/EXTI/EXTI_program.o
 .text.EXTI_voidSoftwareTrigger
                0x0000000000000000       0x2c Inc/MCAL/EXTI/EXTI_program.o
 .text.EXTI_voidChangeLineTrigger
                0x0000000000000000       0x24 Inc/MCAL/EXTI/EXTI_program.o
 .text.EXTI5_IRQHandler
                0x0000000000000000       0x24 Inc/MCAL/EXTI/EXTI_program.o
 .text.EXTI6_IRQHandler
                0x0000000000000000       0x24 Inc/MCAL/EXTI/EXTI_program.o
 .text.EXTI7_IRQHandler
                0x0000000000000000       0x24 Inc/MCAL/EXTI/EXTI_program.o
 .text.EXTI8_IRQHandler
                0x0000000000000000       0x24 Inc/MCAL/EXTI/EXTI_program.o
 .text.EXTI9_IRQHandler
                0x0000000000000000       0x24 Inc/MCAL/EXTI/EXTI_program.o
 .text.EXTI10_IRQHandler
                0x0000000000000000       0x24 Inc/MCAL/EXTI/EXTI_program.o
 .text.EXTI11_IRQHandler
                0x0000000000000000       0x24 Inc/MCAL/EXTI/EXTI_program.o
 .text.EXTI12_IRQHandler
                0x0000000000000000       0x24 Inc/MCAL/EXTI/EXTI_program.o
 .text.EXTI13_IRQHandler
                0x0000000000000000       0x24 Inc/MCAL/EXTI/EXTI_program.o
 .text.EXTI14_IRQHandler
                0x0000000000000000       0x24 Inc/MCAL/EXTI/EXTI_program.o
 .text.EXTI15_IRQHandler
                0x0000000000000000       0x24 Inc/MCAL/EXTI/EXTI_program.o
 .debug_macro   0x0000000000000000      0xa60 Inc/MCAL/EXTI/EXTI_program.o
 .debug_macro   0x0000000000000000       0x34 Inc/MCAL/EXTI/EXTI_program.o
 .debug_macro   0x0000000000000000       0x28 Inc/MCAL/EXTI/EXTI_program.o
 .group         0x0000000000000000        0xc Inc/MCAL/GPIO/GPIO_program.o
 .group         0x0000000000000000        0xc Inc/MCAL/GPIO/GPIO_program.o
 .group         0x0000000000000000        0xc Inc/MCAL/GPIO/GPIO_program.o
 .group         0x0000000000000000        0xc Inc/MCAL/GPIO/GPIO_program.o
 .group         0x0000000000000000        0xc Inc/MCAL/GPIO/GPIO_program.o
 .text          0x0000000000000000        0x0 Inc/MCAL/GPIO/GPIO_program.o
 .data          0x0000000000000000        0x0 Inc/MCAL/GPIO/GPIO_program.o
 .bss           0x0000000000000000        0x0 Inc/MCAL/GPIO/GPIO_program.o
 .text.GPIO_voidSetPortDirection
                0x0000000000000000       0xe8 Inc/MCAL/GPIO/GPIO_program.o
 .text.GPIO_voidSetPortValue
                0x0000000000000000       0x98 Inc/MCAL/GPIO/GPIO_program.o
 .text.GPIO_voidTogglePinValue
                0x0000000000000000       0x78 Inc/MCAL/GPIO/GPIO_program.o
 .debug_macro   0x0000000000000000      0xa60 Inc/MCAL/GPIO/GPIO_program.o
 .debug_macro   0x0000000000000000       0x34 Inc/MCAL/GPIO/GPIO_program.o
 .debug_macro   0x0000000000000000       0x28 Inc/MCAL/GPIO/GPIO_program.o
 .group         0x0000000000000000        0xc Inc/MCAL/I2C/I2C_program.o
 .group         0x0000000000000000        0xc Inc/MCAL/I2C/I2C_program.o
 .group         0x0000000000000000        0xc Inc/MCAL/I2C/I2C_program.o
 .group         0x0000000000000000        0xc Inc/MCAL/I2C/I2C_program.o
 .group         0x0000000000000000        0xc Inc/MCAL/I2C/I2C_program.o
 .text          0x0000000000000000        0x0 Inc/MCAL/I2C/I2C_program.o
 .data          0x0000000000000000        0x0 Inc/MCAL/I2C/I2C_program.o
 .bss           0x0000000000000000        0x0 Inc/MCAL/I2C/I2C_program.o
 .text.I2C_voidTimingInit
                0x0000000000000000       0xa4 Inc/MCAL/I2C/I2C_program.o
 .text.I2C_Init
                0x0000000000000000       0xfc Inc/MCAL/I2C/I2C_program.o
 .text.I2C_VoidGPIO_SetPins
                0x0000000000000000       0x54 Inc/MCAL/I2C/I2C_program.o
 .text.I2C_voidMasterTransmitDMA
                0x0000000000000000       0x74 Inc/MCAL/I2C/I2C_program.o
 .text.I2C_voidMasterTransmit
                0x0000000000000000       0xdc Inc/MCAL/I2C/I2C_program.o
 .text.I2C_voidMasterReceive
                0x0000000000000000       0xc0 Inc/MCAL/I2C/I2C_program.o
 .text.I2C_voidGenerateStart
                0x0000000000000000       0x36 Inc/MCAL/I2C/I2C_program.o
 .text.I2C_voidGenerateStop
                0x0000000000000000       0x26 Inc/MCAL/I2C/I2C_program.o
 .text.I2C_GetFlags
                0x0000000000000000      0x100 Inc/MCAL/I2C/I2C_program.o
 .text.I2C_voidSendAddress
                0x0000000000000000       0x7c Inc/MCAL/I2C/I2C_program.o
 .text.I2C_voidGetDMA_PeripheralAddress
                0x0000000000000000       0x20 Inc/MCAL/I2C/I2C_program.o
 .debug_info    0x0000000000000000      0x805 Inc/MCAL/I2C/I2C_program.o
 .debug_abbrev  0x0000000000000000      0x18d Inc/MCAL/I2C/I2C_program.o
 .debug_loc     0x0000000000000000      0x3ac Inc/MCAL/I2C/I2C_program.o
 .debug_aranges
                0x0000000000000000       0x70 Inc/MCAL/I2C/I2C_program.o
 .debug_ranges  0x0000000000000000       0x60 Inc/MCAL/I2C/I2C_program.o
 .debug_macro   0x0000000000000000       0x81 Inc/MCAL/I2C/I2C_program.o
 .debug_macro   0x0000000000000000      0xa60 Inc/MCAL/I2C/I2C_program.o
 .debug_macro   0x0000000000000000       0x34 Inc/MCAL/I2C/I2C_program.o
 .debug_macro   0x0000000000000000       0x28 Inc/MCAL/I2C/I2C_program.o
 .debug_macro   0x0000000000000000       0x5e Inc/MCAL/I2C/I2C_program.o
 .debug_macro   0x0000000000000000      0x387 Inc/MCAL/I2C/I2C_program.o
 .debug_line    0x0000000000000000      0x336 Inc/MCAL/I2C/I2C_program.o
 .debug_str     0x0000000000000000     0x4957 Inc/MCAL/I2C/I2C_program.o
 .comment       0x0000000000000000       0x7c Inc/MCAL/I2C/I2C_program.o
 .debug_frame   0x0000000000000000      0x1b4 Inc/MCAL/I2C/I2C_program.o
 .ARM.attributes
                0x0000000000000000       0x33 Inc/MCAL/I2C/I2C_program.o
 COMMON         0x0000000000000000       0x28 Inc/MCAL/I2C/I2C_program.o
 .group         0x0000000000000000        0xc Inc/MCAL/NVIC/NVIC_program.o
 .group         0x0000000000000000        0xc Inc/MCAL/NVIC/NVIC_program.o
 .group         0x0000000000000000        0xc Inc/MCAL/NVIC/NVIC_program.o
 .group         0x0000000000000000        0xc Inc/MCAL/NVIC/NVIC_program.o
 .text          0x0000000000000000        0x0 Inc/MCAL/NVIC/NVIC_program.o
 .data          0x0000000000000000        0x0 Inc/MCAL/NVIC/NVIC_program.o
 .bss           0x0000000000000000        0x0 Inc/MCAL/NVIC/NVIC_program.o
 .text.NVIC_voidSetPenddingFlag
                0x0000000000000000       0x58 Inc/MCAL/NVIC/NVIC_program.o
 .text.NVIC_voidClearPenddingFlag
                0x0000000000000000       0x58 Inc/MCAL/NVIC/NVIC_program.o
 .text.NVIC_u8GetInterruptStatus
                0x0000000000000000       0x5c Inc/MCAL/NVIC/NVIC_program.o
 .text.NVIC_voidSetIRQ_PriorityGrouping
                0x0000000000000000       0x58 Inc/MCAL/NVIC/NVIC_program.o
 .debug_macro   0x0000000000000000      0xa60 Inc/MCAL/NVIC/NVIC_program.o
 .debug_macro   0x0000000000000000       0x34 Inc/MCAL/NVIC/NVIC_program.o
 .debug_macro   0x0000000000000000       0x28 Inc/MCAL/NVIC/NVIC_program.o
 .group         0x0000000000000000        0xc Inc/MCAL/RCC/RCC_program.o
 .group         0x0000000000000000        0xc Inc/MCAL/RCC/RCC_program.o
 .group         0x0000000000000000        0xc Inc/MCAL/RCC/RCC_program.o
 .group         0x0000000000000000        0xc Inc/MCAL/RCC/RCC_program.o
 .text          0x0000000000000000        0x0 Inc/MCAL/RCC/RCC_program.o
 .data          0x0000000000000000        0x0 Inc/MCAL/RCC/RCC_program.o
 .bss           0x0000000000000000        0x0 Inc/MCAL/RCC/RCC_program.o
 .text.RCC_voidDisableClock
                0x0000000000000000       0x84 Inc/MCAL/RCC/RCC_program.o
 .debug_macro   0x0000000000000000      0xa60 Inc/MCAL/RCC/RCC_program.o
 .debug_macro   0x0000000000000000       0x34 Inc/MCAL/RCC/RCC_program.o
 .group         0x0000000000000000        0xc Inc/MCAL/SPI/SPI_program.o
 .group         0x0000000000000000        0xc Inc/MCAL/SPI/SPI_program.o
 .group         0x0000000000000000        0xc Inc/MCAL/SPI/SPI_program.o
 .group         0x0000000000000000        0xc Inc/MCAL/SPI/SPI_program.o
 .group         0x0000000000000000        0xc Inc/MCAL/SPI/SPI_program.o
 .text          0x0000000000000000        0x0 Inc/MCAL/SPI/SPI_program.o
 .data          0x0000000000000000        0x0 Inc/MCAL/SPI/SPI_program.o
 .bss           0x0000000000000000        0x0 Inc/MCAL/SPI/SPI_program.o
 .text.SPI_voidSendDataSynch
                0x0000000000000000       0x58 Inc/MCAL/SPI/SPI_program.o
 .text.SPI_voidRecieveDataSynch
                0x0000000000000000       0x5c Inc/MCAL/SPI/SPI_program.o
 .debug_macro   0x0000000000000000      0xa60 Inc/MCAL/SPI/SPI_program.o
 .debug_macro   0x0000000000000000       0x34 Inc/MCAL/SPI/SPI_program.o
 .debug_macro   0x0000000000000000       0x28 Inc/MCAL/SPI/SPI_program.o
 .debug_macro   0x0000000000000000       0x5e Inc/MCAL/SPI/SPI_program.o
 .group         0x0000000000000000        0xc Inc/MCAL/UART/USART_program.o
 .group         0x0000000000000000        0xc Inc/MCAL/UART/USART_program.o
 .group         0x0000000000000000        0xc Inc/MCAL/UART/USART_program.o
 .group         0x0000000000000000        0xc Inc/MCAL/UART/USART_program.o
 .group         0x0000000000000000        0xc Inc/MCAL/UART/USART_program.o
 .text          0x0000000000000000        0x0 Inc/MCAL/UART/USART_program.o
 .data          0x0000000000000000        0x0 Inc/MCAL/UART/USART_program.o
 .bss           0x0000000000000000        0x0 Inc/MCAL/UART/USART_program.o
 .text.USART_voidSendDataAsynch
                0x0000000000000000       0x60 Inc/MCAL/UART/USART_program.o
 .text.USART_voidReceiveDataAsynch
                0x0000000000000000       0x14 Inc/MCAL/UART/USART_program.o
 .text.USART_voidGetDMA_PeripheralAddress
                0x0000000000000000       0x4c Inc/MCAL/UART/USART_program.o
 .text.USART_voidSendStringWithFixedSizeSynch
                0x0000000000000000       0x40 Inc/MCAL/UART/USART_program.o
 .debug_macro   0x0000000000000000      0xa60 Inc/MCAL/UART/USART_program.o
 .debug_macro   0x0000000000000000       0x34 Inc/MCAL/UART/USART_program.o
 .debug_macro   0x0000000000000000       0x28 Inc/MCAL/UART/USART_program.o
 .debug_macro   0x0000000000000000       0x5e Inc/MCAL/UART/USART_program.o
 .group         0x0000000000000000        0xc Src/main.o
 .group         0x0000000000000000        0xc Src/main.o
 .group         0x0000000000000000        0xc Src/main.o
 .group         0x0000000000000000        0xc Src/main.o
 .group         0x0000000000000000        0xc Src/main.o
 .group         0x0000000000000000        0xc Src/main.o
 .text          0x0000000000000000        0x0 Src/main.o
 .data          0x0000000000000000        0x0 Src/main.o
 .bss           0x0000000000000000        0x0 Src/main.o
 .debug_macro   0x0000000000000000      0xa60 Src/main.o
 .debug_macro   0x0000000000000000       0x34 Src/main.o
 .debug_macro   0x0000000000000000       0x28 Src/main.o
 .debug_macro   0x0000000000000000       0x5e Src/main.o
 .debug_macro   0x0000000000000000       0x16 Src/main.o
 .debug_macro   0x0000000000000000       0x28 Src/main.o
 .text          0x0000000000000000       0x14 Startup/startup_stm32f103c6tx.o
 .data          0x0000000000000000        0x0 Startup/startup_stm32f103c6tx.o
 .bss           0x0000000000000000        0x0 Startup/startup_stm32f103c6tx.o
 .text          0x0000000000000000        0x0 c:/st/stm32cubeide_1.4.0/stm32cubeide/plugins/com.st.stm32cube.ide.mcu.externaltools.gnu-tools-for-stm32.7-2018-q2-update.win32_1.4.0.202007081208/tools/bin/../lib/gcc/arm-none-eabi/7.3.1/../../../../arm-none-eabi/lib/thumb/v7-m\libc_nano.a(lib_a-exit.o)
 .data          0x0000000000000000        0x0 c:/st/stm32cubeide_1.4.0/stm32cubeide/plugins/com.st.stm32cube.ide.mcu.externaltools.gnu-tools-for-stm32.7-2018-q2-update.win32_1.4.0.202007081208/tools/bin/../lib/gcc/arm-none-eabi/7.3.1/../../../../arm-none-eabi/lib/thumb/v7-m\libc_nano.a(lib_a-exit.o)
 .bss           0x0000000000000000        0x0 c:/st/stm32cubeide_1.4.0/stm32cubeide/plugins/com.st.stm32cube.ide.mcu.externaltools.gnu-tools-for-stm32.7-2018-q2-update.win32_1.4.0.202007081208/tools/bin/../lib/gcc/arm-none-eabi/7.3.1/../../../../arm-none-eabi/lib/thumb/v7-m\libc_nano.a(lib_a-exit.o)
 .text.exit     0x0000000000000000       0x28 c:/st/stm32cubeide_1.4.0/stm32cubeide/plugins/com.st.stm32cube.ide.mcu.externaltools.gnu-tools-for-stm32.7-2018-q2-update.win32_1.4.0.202007081208/tools/bin/../lib/gcc/arm-none-eabi/7.3.1/../../../../arm-none-eabi/lib/thumb/v7-m\libc_nano.a(lib_a-exit.o)
 .debug_frame   0x0000000000000000       0x28 c:/st/stm32cubeide_1.4.0/stm32cubeide/plugins/com.st.stm32cube.ide.mcu.externaltools.gnu-tools-for-stm32.7-2018-q2-update.win32_1.4.0.202007081208/tools/bin/../lib/gcc/arm-none-eabi/7.3.1/../../../../arm-none-eabi/lib/thumb/v7-m\libc_nano.a(lib_a-exit.o)
 .ARM.attributes
                0x0000000000000000       0x2d c:/st/stm32cubeide_1.4.0/stm32cubeide/plugins/com.st.stm32cube.ide.mcu.externaltools.gnu-tools-for-stm32.7-2018-q2-update.win32_1.4.0.202007081208/tools/bin/../lib/gcc/arm-none-eabi/7.3.1/../../../../arm-none-eabi/lib/thumb/v7-m\libc_nano.a(lib_a-exit.o)
 .text          0x0000000000000000        0x0 c:/st/stm32cubeide_1.4.0/stm32cubeide/plugins/com.st.stm32cube.ide.mcu.externaltools.gnu-tools-for-stm32.7-2018-q2-update.win32_1.4.0.202007081208/tools/bin/../lib/gcc/arm-none-eabi/7.3.1/../../../../arm-none-eabi/lib/thumb/v7-m\libc_nano.a(lib_a-impure.o)
 .data          0x0000000000000000        0x0 c:/st/stm32cubeide_1.4.0/stm32cubeide/plugins/com.st.stm32cube.ide.mcu.externaltools.gnu-tools-for-stm32.7-2018-q2-update.win32_1.4.0.202007081208/tools/bin/../lib/gcc/arm-none-eabi/7.3.1/../../../../arm-none-eabi/lib/thumb/v7-m\libc_nano.a(lib_a-impure.o)
 .bss           0x0000000000000000        0x0 c:/st/stm32cubeide_1.4.0/stm32cubeide/plugins/com.st.stm32cube.ide.mcu.externaltools.gnu-tools-for-stm32.7-2018-q2-update.win32_1.4.0.202007081208/tools/bin/../lib/gcc/arm-none-eabi/7.3.1/../../../../arm-none-eabi/lib/thumb/v7-m\libc_nano.a(lib_a-impure.o)
 .data._impure_ptr
                0x0000000000000000        0x4 c:/st/stm32cubeide_1.4.0/stm32cubeide/plugins/com.st.stm32cube.ide.mcu.externaltools.gnu-tools-for-stm32.7-2018-q2-update.win32_1.4.0.202007081208/tools/bin/../lib/gcc/arm-none-eabi/7.3.1/../../../../arm-none-eabi/lib/thumb/v7-m\libc_nano.a(lib_a-impure.o)
 .data.impure_data
                0x0000000000000000       0x60 c:/st/stm32cubeide_1.4.0/stm32cubeide/plugins/com.st.stm32cube.ide.mcu.externaltools.gnu-tools-for-stm32.7-2018-q2-update.win32_1.4.0.202007081208/tools/bin/../lib/gcc/arm-none-eabi/7.3.1/../../../../arm-none-eabi/lib/thumb/v7-m\libc_nano.a(lib_a-impure.o)
 .rodata._global_impure_ptr
                0x0000000000000000        0x4 c:/st/stm32cubeide_1.4.0/stm32cubeide/plugins/com.st.stm32cube.ide.mcu.externaltools.gnu-tools-for-stm32.7-2018-q2-update.win32_1.4.0.202007081208/tools/bin/../lib/gcc/arm-none-eabi/7.3.1/../../../../arm-none-eabi/lib/thumb/v7-m\libc_nano.a(lib_a-impure.o)
 .ARM.attributes
                0x0000000000000000       0x2d c:/st/stm32cubeide_1.4.0/stm32cubeide/plugins/com.st.stm32cube.ide.mcu.externaltools.gnu-tools-for-stm32.7-2018-q2-update.win32_1.4.0.202007081208/tools/bin/../lib/gcc/arm-none-eabi/7.3.1/../../../../arm-none-eabi/lib/thumb/v7-m\libc_nano.a(lib_a-impure.o)
 .text          0x0000000000000000        0x0 c:/st/stm32cubeide_1.4.0/stm32cubeide/plugins/com.st.stm32cube.ide.mcu.externaltools.gnu-tools-for-stm32.7-2018-q2-update.win32_1.4.0.202007081208/tools/bin/../lib/gcc/arm-none-eabi/7.3.1/../../../../arm-none-eabi/lib/thumb/v7-m\libc_nano.a(lib_a-init.o)
 .data          0x0000000000000000        0x0 c:/st/stm32cubeide_1.4.0/stm32cubeide/plugins/com.st.stm32cube.ide.mcu.externaltools.gnu-tools-for-stm32.7-2018-q2-update.win32_1.4.0.202007081208/tools/bin/../lib/gcc/arm-none-eabi/7.3.1/../../../../arm-none-eabi/lib/thumb/v7-m\libc_nano.a(lib_a-init.o)
 .bss           0x0000000000000000        0x0 c:/st/stm32cubeide_1.4.0/stm32cubeide/plugins/com.st.stm32cube.ide.mcu.externaltools.gnu-tools-for-stm32.7-2018-q2-update.win32_1.4.0.202007081208/tools/bin/../lib/gcc/arm-none-eabi/7.3.1/../../../../arm-none-eabi/lib/thumb/v7-m\libc_nano.a(lib_a-init.o)
 .text          0x0000000000000000        0x0 c:/st/stm32cubeide_1.4.0/stm32cubeide/plugins/com.st.stm32cube.ide.mcu.externaltools.gnu-tools-for-stm32.7-2018-q2-update.win32_1.4.0.202007081208/tools/bin/../lib/gcc/arm-none-eabi/7.3.1/../../../../arm-none-eabi/lib/thumb/v7-m\libc_nano.a(lib_a-itoa.o)
 .data          0x0000000000000000        0x0 c:/st/stm32cubeide_1.4.0/stm32cubeide/plugins/com.st.stm32cube.ide.mcu.externaltools.gnu-tools-for-stm32.7-2018-q2-update.win32_1.4.0.202007081208/tools/bin/../lib/gcc/arm-none-eabi/7.3.1/../../../../arm-none-eabi/lib/thumb/v7-m\libc_nano.a(lib_a-itoa.o)
 .bss           0x0000000000000000        0x0 c:/st/stm32cubeide_1.4.0/stm32cubeide/plugins/com.st.stm32cube.ide.mcu.externaltools.gnu-tools-for-stm32.7-2018-q2-update.win32_1.4.0.202007081208/tools/bin/../lib/gcc/arm-none-eabi/7.3.1/../../../../arm-none-eabi/lib/thumb/v7-m\libc_nano.a(lib_a-itoa.o)
 .text          0x0000000000000000        0x0 c:/st/stm32cubeide_1.4.0/stm32cubeide/plugins/com.st.stm32cube.ide.mcu.externaltools.gnu-tools-for-stm32.7-2018-q2-update.win32_1.4.0.202007081208/tools/bin/../lib/gcc/arm-none-eabi/7.3.1/../../../../arm-none-eabi/lib/thumb/v7-m\libc_nano.a(lib_a-memset.o)
 .data          0x0000000000000000        0x0 c:/st/stm32cubeide_1.4.0/stm32cubeide/plugins/com.st.stm32cube.ide.mcu.externaltools.gnu-tools-for-stm32.7-2018-q2-update.win32_1.4.0.202007081208/tools/bin/../lib/gcc/arm-none-eabi/7.3.1/../../../../arm-none-eabi/lib/thumb/v7-m\libc_nano.a(lib_a-memset.o)
 .bss           0x0000000000000000        0x0 c:/st/stm32cubeide_1.4.0/stm32cubeide/plugins/com.st.stm32cube.ide.mcu.externaltools.gnu-tools-for-stm32.7-2018-q2-update.win32_1.4.0.202007081208/tools/bin/../lib/gcc/arm-none-eabi/7.3.1/../../../../arm-none-eabi/lib/thumb/v7-m\libc_nano.a(lib_a-memset.o)
 .text.memset   0x0000000000000000       0x10 c:/st/stm32cubeide_1.4.0/stm32cubeide/plugins/com.st.stm32cube.ide.mcu.externaltools.gnu-tools-for-stm32.7-2018-q2-update.win32_1.4.0.202007081208/tools/bin/../lib/gcc/arm-none-eabi/7.3.1/../../../../arm-none-eabi/lib/thumb/v7-m\libc_nano.a(lib_a-memset.o)
 .debug_frame   0x0000000000000000       0x20 c:/st/stm32cubeide_1.4.0/stm32cubeide/plugins/com.st.stm32cube.ide.mcu.externaltools.gnu-tools-for-stm32.7-2018-q2-update.win32_1.4.0.202007081208/tools/bin/../lib/gcc/arm-none-eabi/7.3.1/../../../../arm-none-eabi/lib/thumb/v7-m\libc_nano.a(lib_a-memset.o)
 .ARM.attributes
                0x0000000000000000       0x2d c:/st/stm32cubeide_1.4.0/stm32cubeide/plugins/com.st.stm32cube.ide.mcu.externaltools.gnu-tools-for-stm32.7-2018-q2-update.win32_1.4.0.202007081208/tools/bin/../lib/gcc/arm-none-eabi/7.3.1/../../../../arm-none-eabi/lib/thumb/v7-m\libc_nano.a(lib_a-memset.o)
 .text          0x0000000000000000        0x0 c:/st/stm32cubeide_1.4.0/stm32cubeide/plugins/com.st.stm32cube.ide.mcu.externaltools.gnu-tools-for-stm32.7-2018-q2-update.win32_1.4.0.202007081208/tools/bin/../lib/gcc/arm-none-eabi/7.3.1/../../../../arm-none-eabi/lib/thumb/v7-m\libc_nano.a(lib_a-utoa.o)
 .data          0x0000000000000000        0x0 c:/st/stm32cubeide_1.4.0/stm32cubeide/plugins/com.st.stm32cube.ide.mcu.externaltools.gnu-tools-for-stm32.7-2018-q2-update.win32_1.4.0.202007081208/tools/bin/../lib/gcc/arm-none-eabi/7.3.1/../../../../arm-none-eabi/lib/thumb/v7-m\libc_nano.a(lib_a-utoa.o)
 .bss           0x0000000000000000        0x0 c:/st/stm32cubeide_1.4.0/stm32cubeide/plugins/com.st.stm32cube.ide.mcu.externaltools.gnu-tools-for-stm32.7-2018-q2-update.win32_1.4.0.202007081208/tools/bin/../lib/gcc/arm-none-eabi/7.3.1/../../../../arm-none-eabi/lib/thumb/v7-m\libc_nano.a(lib_a-utoa.o)
 .text.utoa     0x0000000000000000        0x4 c:/st/stm32cubeide_1.4.0/stm32cubeide/plugins/com.st.stm32cube.ide.mcu.externaltools.gnu-tools-for-stm32.7-2018-q2-update.win32_1.4.0.202007081208/tools/bin/../lib/gcc/arm-none-eabi/7.3.1/../../../../arm-none-eabi/lib/thumb/v7-m\libc_nano.a(lib_a-utoa.o)
 .data          0x0000000000000000        0x0 c:/st/stm32cubeide_1.4.0/stm32cubeide/plugins/com.st.stm32cube.ide.mcu.externaltools.gnu-tools-for-stm32.7-2018-q2-update.win32_1.4.0.202007081208/tools/bin/../lib/gcc/arm-none-eabi/7.3.1/thumb/v7-m\libgcc.a(_arm_addsubdf3.o)
 .bss           0x0000000000000000        0x0 c:/st/stm32cubeide_1.4.0/stm32cubeide/plugins/com.st.stm32cube.ide.mcu.externaltools.gnu-tools-for-stm32.7-2018-q2-update.win32_1.4.0.202007081208/tools/bin/../lib/gcc/arm-none-eabi/7.3.1/thumb/v7-m\libgcc.a(_arm_addsubdf3.o)
 .data          0x0000000000000000        0x0 c:/st/stm32cubeide_1.4.0/stm32cubeide/plugins/com.st.stm32cube.ide.mcu.externaltools.gnu-tools-for-stm32.7-2018-q2-update.win32_1.4.0.202007081208/tools/bin/../lib/gcc/arm-none-eabi/7.3.1/thumb/v7-m\libgcc.a(_arm_muldivdf3.o)
 .bss           0x0000000000000000        0x0 c:/st/stm32cubeide_1.4.0/stm32cubeide/plugins/com.st.stm32cube.ide.mcu.externaltools.gnu-tools-for-stm32.7-2018-q2-update.win32_1.4.0.202007081208/tools/bin/../lib/gcc/arm-none-eabi/7.3.1/thumb/v7-m\libgcc.a(_arm_muldivdf3.o)
 .data          0x0000000000000000        0x0 c:/st/stm32cubeide_1.4.0/stm32cubeide/plugins/com.st.stm32cube.ide.mcu.externaltools.gnu-tools-for-stm32.7-2018-q2-update.win32_1.4.0.202007081208/tools/bin/../lib/gcc/arm-none-eabi/7.3.1/thumb/v7-m\libgcc.a(_arm_fixunsdfsi.o)
 .bss           0x0000000000000000        0x0 c:/st/stm32cubeide_1.4.0/stm32cubeide/plugins/com.st.stm32cube.ide.mcu.externaltools.gnu-tools-for-stm32.7-2018-q2-update.win32_1.4.0.202007081208/tools/bin/../lib/gcc/arm-none-eabi/7.3.1/thumb/v7-m\libgcc.a(_arm_fixunsdfsi.o)
 .text          0x0000000000000000        0x0 c:/st/stm32cubeide_1.4.0/stm32cubeide/plugins/com.st.stm32cube.ide.mcu.externaltools.gnu-tools-for-stm32.7-2018-q2-update.win32_1.4.0.202007081208/tools/bin/../lib/gcc/arm-none-eabi/7.3.1/../../../../arm-none-eabi/lib/thumb/v7-m\libnosys.a(_exit.o)
 .data          0x0000000000000000        0x0 c:/st/stm32cubeide_1.4.0/stm32cubeide/plugins/com.st.stm32cube.ide.mcu.externaltools.gnu-tools-for-stm32.7-2018-q2-update.win32_1.4.0.202007081208/tools/bin/../lib/gcc/arm-none-eabi/7.3.1/../../../../arm-none-eabi/lib/thumb/v7-m\libnosys.a(_exit.o)
 .bss           0x0000000000000000        0x0 c:/st/stm32cubeide_1.4.0/stm32cubeide/plugins/com.st.stm32cube.ide.mcu.externaltools.gnu-tools-for-stm32.7-2018-q2-update.win32_1.4.0.202007081208/tools/bin/../lib/gcc/arm-none-eabi/7.3.1/../../../../arm-none-eabi/lib/thumb/v7-m\libnosys.a(_exit.o)
 .text._exit    0x0000000000000000        0x2 c:/st/stm32cubeide_1.4.0/stm32cubeide/plugins/com.st.stm32cube.ide.mcu.externaltools.gnu-tools-for-stm32.7-2018-q2-update.win32_1.4.0.202007081208/tools/bin/../lib/gcc/arm-none-eabi/7.3.1/../../../../arm-none-eabi/lib/thumb/v7-m\libnosys.a(_exit.o)
 .debug_frame   0x0000000000000000       0x20 c:/st/stm32cubeide_1.4.0/stm32cubeide/plugins/com.st.stm32cube.ide.mcu.externaltools.gnu-tools-for-stm32.7-2018-q2-update.win32_1.4.0.202007081208/tools/bin/../lib/gcc/arm-none-eabi/7.3.1/../../../../arm-none-eabi/lib/thumb/v7-m\libnosys.a(_exit.o)
 .ARM.attributes
                0x0000000000000000       0x2d c:/st/stm32cubeide_1.4.0/stm32cubeide/plugins/com.st.stm32cube.ide.mcu.externaltools.gnu-tools-for-stm32.7-2018-q2-update.win32_1.4.0.202007081208/tools/bin/../lib/gcc/arm-none-eabi/7.3.1/../../../../arm-none-eabi/lib/thumb/v7-m\libnosys.a(_exit.o)
 .text          0x0000000000000000        0x0 c:/st/stm32cubeide_1.4.0/stm32cubeide/plugins/com.st.stm32cube.ide.mcu.externaltools.gnu-tools-for-stm32.7-2018-q2-update.win32_1.4.0.202007081208/tools/bin/../lib/gcc/arm-none-eabi/7.3.1/thumb/v7-m/crtend.o
 .data          0x0000000000000000        0x0 c:/st/stm32cubeide_1.4.0/stm32cubeide/plugins/com.st.stm32cube.ide.mcu.externaltools.gnu-tools-for-stm32.7-2018-q2-update.win32_1.4.0.202007081208/tools/bin/../lib/gcc/arm-none-eabi/7.3.1/thumb/v7-m/crtend.o
 .bss           0x0000000000000000        0x0 c:/st/stm32cubeide_1.4.0/stm32cubeide/plugins/com.st.stm32cube.ide.mcu.externaltools.gnu-tools-for-stm32.7-2018-q2-update.win32_1.4.0.202007081208/tools/bin/../lib/gcc/arm-none-eabi/7.3.1/thumb/v7-m/crtend.o
 .eh_frame      0x0000000000000000        0x4 c:/st/stm32cubeide_1.4.0/stm32cubeide/plugins/com.st.stm32cube.ide.mcu.externaltools.gnu-tools-for-stm32.7-2018-q2-update.win32_1.4.0.202007081208/tools/bin/../lib/gcc/arm-none-eabi/7.3.1/thumb/v7-m/crtend.o
 .ARM.attributes
                0x0000000000000000       0x2d c:/st/stm32cubeide_1.4.0/stm32cubeide/plugins/com.st.stm32cube.ide.mcu.externaltools.gnu-tools-for-stm32.7-2018-q2-update.win32_1.4.0.202007081208/tools/bin/../lib/gcc/arm-none-eabi/7.3.1/thumb/v7-m/crtend.o
 .text          0x0000000000000000        0x0 c:/st/stm32cubeide_1.4.0/stm32cubeide/plugins/com.st.stm32cube.ide.mcu.externaltools.gnu-tools-for-stm32.7-2018-q2-update.win32_1.4.0.202007081208/tools/bin/../lib/gcc/arm-none-eabi/7.3.1/thumb/v7-m/crtn.o
 .data          0x0000000000000000        0x0 c:/st/stm32cubeide_1.4.0/stm32cubeide/plugins/com.st.stm32cube.ide.mcu.externaltools.gnu-tools-for-stm32.7-2018-q2-update.win32_1.4.0.202007081208/tools/bin/../lib/gcc/arm-none-eabi/7.3.1/thumb/v7-m/crtn.o
 .bss           0x0000000000000000        0x0 c:/st/stm32cubeide_1.4.0/stm32cubeide/plugins/com.st.stm32cube.ide.mcu.externaltools.gnu-tools-for-stm32.7-2018-q2-update.win32_1.4.0.202007081208/tools/bin/../lib/gcc/arm-none-eabi/7.3.1/thumb/v7-m/crtn.o

Memory Configuration

Name             Origin             Length             Attributes
RAM              0x0000000020000000 0x0000000000002800 xrw
ROM              0x0000000008000000 0x0000000000008000 xr
*default*        0x0000000000000000 0xffffffffffffffff

Linker script and memory map

LOAD c:/st/stm32cubeide_1.4.0/stm32cubeide/plugins/com.st.stm32cube.ide.mcu.externaltools.gnu-tools-for-stm32.7-2018-q2-update.win32_1.4.0.202007081208/tools/bin/../lib/gcc/arm-none-eabi/7.3.1/thumb/v7-m/crti.o
LOAD c:/st/stm32cubeide_1.4.0/stm32cubeide/plugins/com.st.stm32cube.ide.mcu.externaltools.gnu-tools-for-stm32.7-2018-q2-update.win32_1.4.0.202007081208/tools/bin/../lib/gcc/arm-none-eabi/7.3.1/thumb/v7-m/crtbegin.o
LOAD c:/st/stm32cubeide_1.4.0/stm32cubeide/plugins/com.st.stm32cube.ide.mcu.externaltools.gnu-tools-for-stm32.7-2018-q2-update.win32_1.4.0.202007081208/tools/bin/../lib/gcc/arm-none-eabi/7.3.1/../../../../arm-none-eabi/lib/thumb/v7-m/crt0.o
LOAD Inc/APP/APP.o
LOAD Inc/HAL/Buzzer/Buzzer.o
LOAD Inc/HAL/KeyPad/KeyPad.o
LOAD Inc/HAL/LCD/LCD.o
LOAD Inc/HAL/_7Segment/_7Segment.o
LOAD Inc/MCAL/AFIO/AFIO_program.o
LOAD Inc/MCAL/EXTI/EXTI_program.o
LOAD Inc/MCAL/GPIO/GPIO_program.o
LOAD Inc/MCAL/I2C/I2C_program.o
LOAD Inc/MCAL/NVIC/NVIC_program.o
LOAD Inc/MCAL/RCC/RCC_program.o
LOAD Inc/MCAL/SPI/SPI_program.o
LOAD Inc/MCAL/UART/USART_program.o
LOAD Src/main.o
LOAD Startup/startup_stm32f103c6tx.o
START GROUP
LOAD c:/st/stm32cubeide_1.4.0/stm32cubeide/plugins/com.st.stm32cube.ide.mcu.externaltools.gnu-tools-for-stm32.7-2018-q2-update.win32_1.4.0.202007081208/tools/bin/../lib/gcc/arm-none-eabi/7.3.1/../../../../arm-none-eabi/lib/thumb/v7-m\libc_nano.a
LOAD c:/st/stm32cubeide_1.4.0/stm32cubeide/plugins/com.st.stm32cube.ide.mcu.externaltools.gnu-tools-for-stm32.7-2018-q2-update.win32_1.4.0.202007081208/tools/bin/../lib/gcc/arm-none-eabi/7.3.1/../../../../arm-none-eabi/lib/thumb/v7-m\libm.a
END GROUP
START GROUP
LOAD c:/st/stm32cubeide_1.4.0/stm32cubeide/plugins/com.st.stm32cube.ide.mcu.externaltools.gnu-tools-for-stm32.7-2018-q2-update.win32_1.4.0.202007081208/tools/bin/../lib/gcc/arm-none-eabi/7.3.1/thumb/v7-m\libgcc.a
LOAD c:/st/stm32cubeide_1.4.0/stm32cubeide/plugins/com.st.stm32cube.ide.mcu.externaltools.gnu-tools-for-stm32.7-2018-q2-update.win32_1.4.0.202007081208/tools/bin/../lib/gcc/arm-none-eabi/7.3.1/../../../../arm-none-eabi/lib/thumb/v7-m\libc_nano.a
END GROUP
START GROUP
LOAD c:/st/stm32cubeide_1.4.0/stm32cubeide/plugins/com.st.stm32cube.ide.mcu.externaltools.gnu-tools-for-stm32.7-2018-q2-update.win32_1.4.0.202007081208/tools/bin/../lib/gcc/arm-none-eabi/7.3.1/thumb/v7-m\libgcc.a
LOAD c:/st/stm32cubeide_1.4.0/stm32cubeide/plugins/com.st.stm32cube.ide.mcu.externaltools.gnu-tools-for-stm32.7-2018-q2-update.win32_1.4.0.202007081208/tools/bin/../lib/gcc/arm-none-eabi/7.3.1/../../../../arm-none-eabi/lib/thumb/v7-m\libc_nano.a
LOAD c:/st/stm32cubeide_1.4.0/stm32cubeide/plugins/com.st.stm32cube.ide.mcu.externaltools.gnu-tools-for-stm32.7-2018-q2-update.win32_1.4.0.202007081208/tools/bin/../lib/gcc/arm-none-eabi/7.3.1/../../../../arm-none-eabi/lib/thumb/v7-m\libnosys.a
END GROUP
START GROUP
LOAD c:/st/stm32cubeide_1.4.0/stm32cubeide/plugins/com.st.stm32cube.ide.mcu.externaltools.gnu-tools-for-stm32.7-2018-q2-update.win32_1.4.0.202007081208/tools/bin/../lib/gcc/arm-none-eabi/7.3.1/thumb/v7-m\libgcc.a
LOAD c:/st/stm32cubeide_1.4.0/stm32cubeide/plugins/com.st.stm32cube.ide.mcu.externaltools.gnu-tools-for-stm32.7-2018-q2-update.win32_1.4.0.202007081208/tools/bin/../lib/gcc/arm-none-eabi/7.3.1/../../../../arm-none-eabi/lib/thumb/v7-m\libc_nano.a
LOAD c:/st/stm32cubeide_1.4.0/stm32cubeide/plugins/com.st.stm32cube.ide.mcu.externaltools.gnu-tools-for-stm32.7-2018-q2-update.win32_1.4.0.202007081208/tools/bin/../lib/gcc/arm-none-eabi/7.3.1/../../../../arm-none-eabi/lib/thumb/v7-m\libnosys.a
END GROUP
LOAD c:/st/stm32cubeide_1.4.0/stm32cubeide/plugins/com.st.stm32cube.ide.mcu.externaltools.gnu-tools-for-stm32.7-2018-q2-update.win32_1.4.0.202007081208/tools/bin/../lib/gcc/arm-none-eabi/7.3.1/thumb/v7-m/crtend.o
LOAD c:/st/stm32cubeide_1.4.0/stm32cubeide/plugins/com.st.stm32cube.ide.mcu.externaltools.gnu-tools-for-stm32.7-2018-q2-update.win32_1.4.0.202007081208/tools/bin/../lib/gcc/arm-none-eabi/7.3.1/thumb/v7-m/crtn.o
                0x0000000020002800                _estack = (ORIGIN (RAM) + LENGTH (RAM))
                0x0000000000000200                _Min_Heap_Size = 0x200
                0x0000000000000400                _Min_Stack_Size = 0x400

.isr_vector     0x0000000008000000      0x130
                0x0000000008000000                . = ALIGN (0x4)
 *(.isr_vector)
 .isr_vector    0x0000000008000000      0x130 Startup/startup_stm32f103c6tx.o
                0x0000000008000000                g_pfnVectors
                0x0000000008000130                . = ALIGN (0x4)

.text           0x0000000008000130     0x42e0
                0x0000000008000130                . = ALIGN (0x4)
 *(.text)
 .text          0x0000000008000130       0x40 c:/st/stm32cubeide_1.4.0/stm32cubeide/plugins/com.st.stm32cube.ide.mcu.externaltools.gnu-tools-for-stm32.7-2018-q2-update.win32_1.4.0.202007081208/tools/bin/../lib/gcc/arm-none-eabi/7.3.1/thumb/v7-m/crtbegin.o
 .text          0x0000000008000170      0x378 c:/st/stm32cubeide_1.4.0/stm32cubeide/plugins/com.st.stm32cube.ide.mcu.externaltools.gnu-tools-for-stm32.7-2018-q2-update.win32_1.4.0.202007081208/tools/bin/../lib/gcc/arm-none-eabi/7.3.1/thumb/v7-m\libgcc.a(_arm_addsubdf3.o)
                0x0000000008000170                __aeabi_drsub
                0x0000000008000178                __aeabi_dsub
                0x0000000008000178                __subdf3
                0x000000000800017c                __aeabi_dadd
                0x000000000800017c                __adddf3
                0x00000000080003f4                __floatunsidf
                0x00000000080003f4                __aeabi_ui2d
                0x0000000008000414                __floatsidf
                0x0000000008000414                __aeabi_i2d
                0x0000000008000438                __aeabi_f2d
                0x0000000008000438                __extendsfdf2
                0x000000000800047c                __floatundidf
                0x000000000800047c                __aeabi_ul2d
                0x000000000800048c                __floatdidf
                0x000000000800048c                __aeabi_l2d
 .text          0x00000000080004e8      0x424 c:/st/stm32cubeide_1.4.0/stm32cubeide/plugins/com.st.stm32cube.ide.mcu.externaltools.gnu-tools-for-stm32.7-2018-q2-update.win32_1.4.0.202007081208/tools/bin/../lib/gcc/arm-none-eabi/7.3.1/thumb/v7-m\libgcc.a(_arm_muldivdf3.o)
                0x00000000080004e8                __aeabi_dmul
                0x00000000080004e8                __muldf3
                0x000000000800073c                __divdf3
                0x000000000800073c                __aeabi_ddiv
 .text          0x000000000800090c       0x40 c:/st/stm32cubeide_1.4.0/stm32cubeide/plugins/com.st.stm32cube.ide.mcu.externaltools.gnu-tools-for-stm32.7-2018-q2-update.win32_1.4.0.202007081208/tools/bin/../lib/gcc/arm-none-eabi/7.3.1/thumb/v7-m\libgcc.a(_arm_fixunsdfsi.o)
                0x000000000800090c                __aeabi_d2uiz
                0x000000000800090c                __fixunsdfsi
 *(.text*)
 .text.xDelay   0x000000000800094c       0x36 Inc/APP/APP.o
                0x000000000800094c                xDelay
 *fill*         0x0000000008000982        0x2 
 .text.ECU1_Callback
                0x0000000008000984      0x1c0 Inc/APP/APP.o
 .text.ECU3_Callback
                0x0000000008000b44       0x20 Inc/APP/APP.o
 .text.System_voidFillAdminsData
                0x0000000008000b64       0xc8 Inc/APP/APP.o
 .text.System_voidFillDriverssData
                0x0000000008000c2c       0xd4 Inc/APP/APP.o
 .text.System_u8ValidateAdminData
                0x0000000008000d00      0x21c Inc/APP/APP.o
 .text.System_voidAddNewUser
                0x0000000008000f1c      0x224 Inc/APP/APP.o
 .text.System_VoidDeleteUser
                0x0000000008001140      0x338 Inc/APP/APP.o
 .text.compTwoStrings
                0x0000000008001478       0x58 Inc/APP/APP.o
                0x0000000008001478                compTwoStrings
 .text.SPI_voidSetup
                0x00000000080014d0       0x6c Inc/APP/APP.o
 .text.LCD_voidSetup
                0x000000000800153c       0x6c Inc/APP/APP.o
 .text.UART_voidSetup
                0x00000000080015a8       0x68 Inc/APP/APP.o
                0x00000000080015a8                UART_voidSetup
 .text.progressBar
                0x0000000008001610       0x6c Inc/APP/APP.o
 .text.DeletingBar
                0x000000000800167c       0x98 Inc/APP/APP.o
 .text.AddinggBar
                0x0000000008001714       0x98 Inc/APP/APP.o
 .text.LCD_voidMainScreen
                0x00000000080017ac       0x68 Inc/APP/APP.o
 .text.LCD_voidAdminOptions
                0x0000000008001814       0x74 Inc/APP/APP.o
 .text.LCD_voidStatusOptions
                0x0000000008001888       0x80 Inc/APP/APP.o
 .text.LCD_AddDriver
                0x0000000008001908       0x40 Inc/APP/APP.o
 .text.LCD_voidDeleteDriver
                0x0000000008001948       0x40 Inc/APP/APP.o
 .text.LCD_voidDeletingOptions
                0x0000000008001988       0x70 Inc/APP/APP.o
 .text.keypad_voidSetup
                0x00000000080019f8       0x3c Inc/APP/APP.o
 .text._7Segnent_voidSetup
                0x0000000008001a34       0x60 Inc/APP/APP.o
                0x0000000008001a34                _7Segnent_voidSetup
 .text.EXTI_voidSetup
                0x0000000008001a94       0x58 Inc/APP/APP.o
 .text.ECU3_Dashboard_APP_SETUP
                0x0000000008001aec       0x54 Inc/APP/APP.o
                0x0000000008001aec                ECU3_Dashboard_APP_SETUP
 .text.ECU3_Dashboard_APP_LOOP
                0x0000000008001b40      0x134 Inc/APP/APP.o
                0x0000000008001b40                ECU3_Dashboard_APP_LOOP
 .text.HAL_KeyPadInit
                0x0000000008001c74       0xc0 Inc/HAL/KeyPad/KeyPad.o
                0x0000000008001c74                HAL_KeyPadInit
 .text.HAL_KeyPadGetPressedKey
                0x0000000008001d34      0x140 Inc/HAL/KeyPad/KeyPad.o
                0x0000000008001d34                HAL_KeyPadGetPressedKey
 .text.xDelay   0x0000000008001e74       0x36 Inc/HAL/LCD/LCD.o
 .text.LCD_voidInit
                0x0000000008001eaa       0xcc Inc/HAL/LCD/LCD.o
                0x0000000008001eaa                LCD_voidInit
 .text.LCD_voidSendChar
                0x0000000008001f76      0x1ba Inc/HAL/LCD/LCD.o
                0x0000000008001f76                LCD_voidSendChar
 .text.LCD_voidSendString
                0x0000000008002130       0x3a Inc/HAL/LCD/LCD.o
                0x0000000008002130                LCD_voidSendString
 .text.LCD_voidSetCursorType
                0x000000000800216a       0x1e Inc/HAL/LCD/LCD.o
                0x000000000800216a                LCD_voidSetCursorType
 .text.LCD_voidGotoXY
                0x0000000008002188       0x6a Inc/HAL/LCD/LCD.o
                0x0000000008002188                LCD_voidGotoXY
 .text.LCD_voidClear
                0x00000000080021f2       0x26 Inc/HAL/LCD/LCD.o
                0x00000000080021f2                LCD_voidClear
 .text.LCD_voidStoreCustomChar
                0x0000000008002218       0x62 Inc/HAL/LCD/LCD.o
                0x0000000008002218                LCD_voidStoreCustomChar
 .text.LCD_voidSendNumber
                0x000000000800227a       0x3c Inc/HAL/LCD/LCD.o
                0x000000000800227a                LCD_voidSendNumber
 .text.LCD_voidWriteCmd
                0x00000000080022b6      0x1ba Inc/HAL/LCD/LCD.o
 .text.HAL_7SegmentInit
                0x0000000008002470       0xdc Inc/HAL/_7Segment/_7Segment.o
                0x0000000008002470                HAL_7SegmentInit
 .text.HAL_7SegmentWriteNumber
                0x000000000800254c       0x58 Inc/HAL/_7Segment/_7Segment.o
                0x000000000800254c                HAL_7SegmentWriteNumber
 .text._7sevenSegmentErrorChecking
                0x00000000080025a4       0x3c Inc/HAL/_7Segment/_7Segment.o
 .text._7SegZero
                0x00000000080025e0       0xf2 Inc/HAL/_7Segment/_7Segment.o
 .text._7SegOne
                0x00000000080026d2      0x124 Inc/HAL/_7Segment/_7Segment.o
 .text._7SegTwo
                0x00000000080027f6      0x106 Inc/HAL/_7Segment/_7Segment.o
 .text._7SegThree
                0x00000000080028fc      0x110 Inc/HAL/_7Segment/_7Segment.o
 .text._7SegFour
                0x0000000008002a0c      0x110 Inc/HAL/_7Segment/_7Segment.o
 .text._7SegFive
                0x0000000008002b1c      0x110 Inc/HAL/_7Segment/_7Segment.o
 .text._7SegSix
                0x0000000008002c2c      0x106 Inc/HAL/_7Segment/_7Segment.o
 .text._7SegSeven
                0x0000000008002d32      0x12e Inc/HAL/_7Segment/_7Segment.o
 .text._7SegEight
                0x0000000008002e60       0xf2 Inc/HAL/_7Segment/_7Segment.o
 .text._7SegNine
                0x0000000008002f52      0x106 Inc/HAL/_7Segment/_7Segment.o
 .text.AFIO_voidEXTIConfiguration
                0x0000000008003058       0x7c Inc/MCAL/AFIO/AFIO_program.o
                0x0000000008003058                AFIO_voidEXTIConfiguration
 .text.EXTI_voidInitLine
                0x00000000080030d4       0xac Inc/MCAL/EXTI/EXTI_program.o
                0x00000000080030d4                EXTI_voidInitLine
 .text.EXTI_voidEnableEXTI
                0x0000000008003180       0x2c Inc/MCAL/EXTI/EXTI_program.o
                0x0000000008003180                EXTI_voidEnableEXTI
 .text.EXTI_voidSetCallBackFCN
                0x00000000080031ac       0x24 Inc/MCAL/EXTI/EXTI_program.o
                0x00000000080031ac                EXTI_voidSetCallBackFCN
 .text.EXTI0_IRQHandler
                0x00000000080031d0       0x24 Inc/MCAL/EXTI/EXTI_program.o
                0x00000000080031d0                EXTI0_IRQHandler
 .text.EXTI1_IRQHandler
                0x00000000080031f4       0x24 Inc/MCAL/EXTI/EXTI_program.o
                0x00000000080031f4                EXTI1_IRQHandler
 .text.EXTI2_IRQHandler
                0x0000000008003218       0x24 Inc/MCAL/EXTI/EXTI_program.o
                0x0000000008003218                EXTI2_IRQHandler
 .text.EXTI3_IRQHandler
                0x000000000800323c       0x24 Inc/MCAL/EXTI/EXTI_program.o
                0x000000000800323c                EXTI3_IRQHandler
 .text.EXTI4_IRQHandler
                0x0000000008003260       0x24 Inc/MCAL/EXTI/EXTI_program.o
                0x0000000008003260                EXTI4_IRQHandler
 .text.GPIO_voidSetPinDirection
                0x0000000008003284      0x18c Inc/MCAL/GPIO/GPIO_program.o
                0x0000000008003284                GPIO_voidSetPinDirection
 .text.GPIO_voidSetPinValue
                0x0000000008003410       0xac Inc/MCAL/GPIO/GPIO_program.o
                0x0000000008003410                GPIO_voidSetPinValue
 .text.GPIO_u8GetPinValue
                0x00000000080034bc       0x78 Inc/MCAL/GPIO/GPIO_program.o
                0x00000000080034bc                GPIO_u8GetPinValue
 .text.GPIO_u8ChoosePullMode
                0x0000000008003534       0xec Inc/MCAL/GPIO/GPIO_program.o
                0x0000000008003534                GPIO_u8ChoosePullMode
 .text.NVIC_voidEnableInterrupt
                0x0000000008003620       0x58 Inc/MCAL/NVIC/NVIC_program.o
                0x0000000008003620                NVIC_voidEnableInterrupt
 .text.RCC_voidEnableClock
                0x0000000008003678       0x80 Inc/MCAL/RCC/RCC_program.o
                0x0000000008003678                RCC_voidEnableClock
 .text.RCC_voidInitSysClocks
                0x00000000080036f8       0x9c Inc/MCAL/RCC/RCC_program.o
                0x00000000080036f8                RCC_voidInitSysClocks
 .text.SPI_voidInit
                0x0000000008003794      0x104 Inc/MCAL/SPI/SPI_program.o
                0x0000000008003794                SPI_voidInit
 .text.SPI_voidSend_RecieveDataSynch
                0x0000000008003898       0x8c Inc/MCAL/SPI/SPI_program.o
                0x0000000008003898                SPI_voidSend_RecieveDataSynch
 .text.SPI_VoidGPIO_SetPins
                0x0000000008003924      0x160 Inc/MCAL/SPI/SPI_program.o
                0x0000000008003924                SPI_VoidGPIO_SetPins
 .text.SPI1_IRQHandler
                0x0000000008003a84       0x5c Inc/MCAL/SPI/SPI_program.o
                0x0000000008003a84                SPI1_IRQHandler
 .text.SPI2_IRQHandler
                0x0000000008003ae0       0x5c Inc/MCAL/SPI/SPI_program.o
                0x0000000008003ae0                SPI2_IRQHandler
 .text.USART_voidInit
                0x0000000008003b3c       0xf0 Inc/MCAL/UART/USART_program.o
                0x0000000008003b3c                USART_voidInit
 .text.USART_voidSendDataSynch
                0x0000000008003c2c       0xb0 Inc/MCAL/UART/USART_program.o
                0x0000000008003c2c                USART_voidSendDataSynch
 .text.USART_voidReceiveDataSynch
                0x0000000008003cdc      0x220 Inc/MCAL/UART/USART_program.o
                0x0000000008003cdc                USART_voidReceiveDataSynch
 .text.USART_voidBuadRateCalc
                0x0000000008003efc       0xb8 Inc/MCAL/UART/USART_program.o
                0x0000000008003efc                USART_voidBuadRateCalc
 .text.USART__VoidGPIO_SetPins
                0x0000000008003fb4      0x1fc Inc/MCAL/UART/USART_program.o
                0x0000000008003fb4                USART__VoidGPIO_SetPins
 .text.USART1_IRQHandler
                0x00000000080041b0       0x38 Inc/MCAL/UART/USART_program.o
                0x00000000080041b0                USART1_IRQHandler
 .text.USART2_IRQHandler
                0x00000000080041e8       0x38 Inc/MCAL/UART/USART_program.o
                0x00000000080041e8                USART2_IRQHandler
 .text.USART3_IRQHandler
                0x0000000008004220       0x3c Inc/MCAL/UART/USART_program.o
                0x0000000008004220                USART3_IRQHandler
 .text.USART_voidSendStringWithDelimiterSynch
                0x000000000800425c       0x42 Inc/MCAL/UART/USART_program.o
                0x000000000800425c                USART_voidSendStringWithDelimiterSynch
 .text.main     0x000000000800429e        0xe Src/main.o
                0x000000000800429e                main
 .text.Reset_Handler
                0x00000000080042ac       0x50 Startup/startup_stm32f103c6tx.o
                0x00000000080042ac                Reset_Handler
 .text.Default_Handler
                0x00000000080042fc        0x2 Startup/startup_stm32f103c6tx.o
                0x00000000080042fc                TIM8_TRG_COM_IRQHandler
                0x00000000080042fc                TIM8_CC_IRQHandler
                0x00000000080042fc                DebugMon_Handler
                0x00000000080042fc                TIM1_CC_IRQHandler
                0x00000000080042fc                HardFault_Handler
                0x00000000080042fc                TIM6_IRQHandler
                0x00000000080042fc                SysTick_Handler
                0x00000000080042fc                PVD_IRQHandler
                0x00000000080042fc                SDIO_IRQHandler
                0x00000000080042fc                PendSV_Handler
                0x00000000080042fc                NMI_Handler
                0x00000000080042fc                USB_HP_CAN_TX_IRQHandler
                0x00000000080042fc                I2C2_EV_IRQHandler
                0x00000000080042fc                UsageFault_Handler
                0x00000000080042fc                ADC1_2_IRQHandler
                0x00000000080042fc                CAN_SCE_IRQHandler
                0x00000000080042fc                TAMPER_IRQHandler
                0x00000000080042fc                TIM8_UP_IRQHandler
                0x00000000080042fc                DMA2_Channel2_IRQHandler
                0x00000000080042fc                DMA1_Channel4_IRQHandler
                0x00000000080042fc                RTC_IRQHandler
                0x00000000080042fc                DMA1_Channel7_IRQHandler
                0x00000000080042fc                UART5_IRQHandler
                0x00000000080042fc                ADC3_IRQHandler
                0x00000000080042fc                TIM4_IRQHandler
                0x00000000080042fc                CAN_RX1_IRQHandler
                0x00000000080042fc                DMA2_Channel1_IRQHandler
                0x00000000080042fc                I2C1_EV_IRQHandler
                0x00000000080042fc                DMA1_Channel6_IRQHandler
                0x00000000080042fc                UART4_IRQHandler
                0x00000000080042fc                TIM3_IRQHandler
                0x00000000080042fc                RCC_IRQHandler
                0x00000000080042fc                TIM1_TRG_COM_IRQHandler
                0x00000000080042fc                DMA1_Channel1_IRQHandler
                0x00000000080042fc                Default_Handler
                0x00000000080042fc                EXTI15_10_IRQHandler
                0x00000000080042fc                TIM7_IRQHandler
                0x00000000080042fc                TIM5_IRQHandler
                0x00000000080042fc                EXTI9_5_IRQHandler
                0x00000000080042fc                USB_LP_CAN_RX0_IRQHandler
                0x00000000080042fc                MemManage_Handler
                0x00000000080042fc                SVC_Handler
                0x00000000080042fc                DMA1_Channel5_IRQHandler
                0x00000000080042fc                DMA1_Channel3_IRQHandler
                0x00000000080042fc                FSMC_IRQHandler
                0x00000000080042fc                TIM1_UP_IRQHandler
                0x00000000080042fc                WWDG_IRQHandler
                0x00000000080042fc                TIM2_IRQHandler
                0x00000000080042fc                TIM1_BRK_IRQHandler
                0x00000000080042fc                RTCAlarm_IRQHandler
                0x00000000080042fc                DMA2_Channel4_5_IRQHandler
                0x00000000080042fc                I2C2_ER_IRQHandler
                0x00000000080042fc                DMA1_Channel2_IRQHandler
                0x00000000080042fc                TIM8_BRK_IRQHandler
                0x00000000080042fc                FLASH_IRQHandler
                0x00000000080042fc                BusFault_Handler
                0x00000000080042fc                SPI3_IRQHandler
                0x00000000080042fc                I2C1_ER_IRQHandler
                0x00000000080042fc                DMA2_Channel3_IRQHandler
 *fill*         0x00000000080042fe        0x2 
 .text.__libc_init_array
                0x0000000008004300       0x48 c:/st/stm32cubeide_1.4.0/stm32cubeide/plugins/com.st.stm32cube.ide.mcu.externaltools.gnu-tools-for-stm32.7-2018-q2-update.win32_1.4.0.202007081208/tools/bin/../lib/gcc/arm-none-eabi/7.3.1/../../../../arm-none-eabi/lib/thumb/v7-m\libc_nano.a(lib_a-init.o)
                0x0000000008004300                __libc_init_array
 .text.__itoa   0x0000000008004348       0x30 c:/st/stm32cubeide_1.4.0/stm32cubeide/plugins/com.st.stm32cube.ide.mcu.externaltools.gnu-tools-for-stm32.7-2018-q2-update.win32_1.4.0.202007081208/tools/bin/../lib/gcc/arm-none-eabi/7.3.1/../../../../arm-none-eabi/lib/thumb/v7-m\libc_nano.a(lib_a-itoa.o)
                0x0000000008004348                __itoa
 .text.itoa     0x0000000008004378        0x4 c:/st/stm32cubeide_1.4.0/stm32cubeide/plugins/com.st.stm32cube.ide.mcu.externaltools.gnu-tools-for-stm32.7-2018-q2-update.win32_1.4.0.202007081208/tools/bin/../lib/gcc/arm-none-eabi/7.3.1/../../../../arm-none-eabi/lib/thumb/v7-m\libc_nano.a(lib_a-itoa.o)
                0x0000000008004378                itoa
 .text.__utoa   0x000000000800437c       0x7c c:/st/stm32cubeide_1.4.0/stm32cubeide/plugins/com.st.stm32cube.ide.mcu.externaltools.gnu-tools-for-stm32.7-2018-q2-update.win32_1.4.0.202007081208/tools/bin/../lib/gcc/arm-none-eabi/7.3.1/../../../../arm-none-eabi/lib/thumb/v7-m\libc_nano.a(lib_a-utoa.o)
                0x000000000800437c                __utoa
 *(.glue_7)
 .glue_7        0x00000000080043f8        0x0 linker stubs
 *(.glue_7t)
 .glue_7t       0x00000000080043f8        0x0 linker stubs
 *(.eh_frame)
 .eh_frame      0x00000000080043f8        0x0 c:/st/stm32cubeide_1.4.0/stm32cubeide/plugins/com.st.stm32cube.ide.mcu.externaltools.gnu-tools-for-stm32.7-2018-q2-update.win32_1.4.0.202007081208/tools/bin/../lib/gcc/arm-none-eabi/7.3.1/thumb/v7-m/crtbegin.o
 *(.init)
 .init          0x00000000080043f8        0x4 c:/st/stm32cubeide_1.4.0/stm32cubeide/plugins/com.st.stm32cube.ide.mcu.externaltools.gnu-tools-for-stm32.7-2018-q2-update.win32_1.4.0.202007081208/tools/bin/../lib/gcc/arm-none-eabi/7.3.1/thumb/v7-m/crti.o
                0x00000000080043f8                _init
 .init          0x00000000080043fc        0x8 c:/st/stm32cubeide_1.4.0/stm32cubeide/plugins/com.st.stm32cube.ide.mcu.externaltools.gnu-tools-for-stm32.7-2018-q2-update.win32_1.4.0.202007081208/tools/bin/../lib/gcc/arm-none-eabi/7.3.1/thumb/v7-m/crtn.o
 *(.fini)
 .fini          0x0000000008004404        0x4 c:/st/stm32cubeide_1.4.0/stm32cubeide/plugins/com.st.stm32cube.ide.mcu.externaltools.gnu-tools-for-stm32.7-2018-q2-update.win32_1.4.0.202007081208/tools/bin/../lib/gcc/arm-none-eabi/7.3.1/thumb/v7-m/crti.o
                0x0000000008004404                _fini
 .fini          0x0000000008004408        0x8 c:/st/stm32cubeide_1.4.0/stm32cubeide/plugins/com.st.stm32cube.ide.mcu.externaltools.gnu-tools-for-stm32.7-2018-q2-update.win32_1.4.0.202007081208/tools/bin/../lib/gcc/arm-none-eabi/7.3.1/thumb/v7-m/crtn.o
                0x0000000008004410                . = ALIGN (0x4)
                0x0000000008004410                _etext = .

.vfp11_veneer   0x0000000008004410        0x0
 .vfp11_veneer  0x0000000008004410        0x0 linker stubs

.v4_bx          0x0000000008004410        0x0
 .v4_bx         0x0000000008004410        0x0 linker stubs

.iplt           0x0000000008004410        0x0
 .iplt          0x0000000008004410        0x0 c:/st/stm32cubeide_1.4.0/stm32cubeide/plugins/com.st.stm32cube.ide.mcu.externaltools.gnu-tools-for-stm32.7-2018-q2-update.win32_1.4.0.202007081208/tools/bin/../lib/gcc/arm-none-eabi/7.3.1/thumb/v7-m/crtbegin.o

.rodata         0x0000000008004410      0x434
                0x0000000008004410                . = ALIGN (0x4)
 *(.rodata)
 .rodata        0x0000000008004410      0x40d Inc/APP/APP.o
 *(.rodata*)
 .rodata.__utoa.str1.1
                0x000000000800481d       0x25 c:/st/stm32cubeide_1.4.0/stm32cubeide/plugins/com.st.stm32cube.ide.mcu.externaltools.gnu-tools-for-stm32.7-2018-q2-update.win32_1.4.0.202007081208/tools/bin/../lib/gcc/arm-none-eabi/7.3.1/../../../../arm-none-eabi/lib/thumb/v7-m\libc_nano.a(lib_a-utoa.o)
                0x0000000008004844                . = ALIGN (0x4)
 *fill*         0x0000000008004842        0x2 

.rel.dyn        0x0000000008004844        0x0
 .rel.iplt      0x0000000008004844        0x0 c:/st/stm32cubeide_1.4.0/stm32cubeide/plugins/com.st.stm32cube.ide.mcu.externaltools.gnu-tools-for-stm32.7-2018-q2-update.win32_1.4.0.202007081208/tools/bin/../lib/gcc/arm-none-eabi/7.3.1/thumb/v7-m/crtbegin.o

.ARM.extab      0x0000000008004844        0x0
                0x0000000008004844                . = ALIGN (0x4)
 *(.ARM.extab* .gnu.linkonce.armextab.*)
                0x0000000008004844                . = ALIGN (0x4)

.ARM            0x0000000008004844        0x0
                0x0000000008004844                . = ALIGN (0x4)
                0x0000000008004844                __exidx_start = .
 *(.ARM.exidx*)
                0x0000000008004844                __exidx_end = .
                0x0000000008004844                . = ALIGN (0x4)

.preinit_array  0x0000000008004844        0x0
                0x0000000008004844                . = ALIGN (0x4)
                0x0000000008004844                PROVIDE (__preinit_array_start = .)
 *(.preinit_array*)
                0x0000000008004844                PROVIDE (__preinit_array_end = .)
                0x0000000008004844                . = ALIGN (0x4)

.init_array     0x0000000008004844        0x4
                0x0000000008004844                . = ALIGN (0x4)
                0x0000000008004844                PROVIDE (__init_array_start = .)
 *(SORT_BY_NAME(.init_array.*))
 *(.init_array*)
 .init_array    0x0000000008004844        0x4 c:/st/stm32cubeide_1.4.0/stm32cubeide/plugins/com.st.stm32cube.ide.mcu.externaltools.gnu-tools-for-stm32.7-2018-q2-update.win32_1.4.0.202007081208/tools/bin/../lib/gcc/arm-none-eabi/7.3.1/thumb/v7-m/crtbegin.o
                0x0000000008004848                PROVIDE (__init_array_end = .)
                0x0000000008004848                . = ALIGN (0x4)

.fini_array     0x0000000008004848        0x4
                0x0000000008004848                . = ALIGN (0x4)
                [!provide]                        PROVIDE (__fini_array_start = .)
 *(SORT_BY_NAME(.fini_array.*))
 *(.fini_array*)
 .fini_array    0x0000000008004848        0x4 c:/st/stm32cubeide_1.4.0/stm32cubeide/plugins/com.st.stm32cube.ide.mcu.externaltools.gnu-tools-for-stm32.7-2018-q2-update.win32_1.4.0.202007081208/tools/bin/../lib/gcc/arm-none-eabi/7.3.1/thumb/v7-m/crtbegin.o
                [!provide]                        PROVIDE (__fini_array_end = .)
                0x000000000800484c                . = ALIGN (0x4)
                0x000000000800484c                _sidata = LOADADDR (.data)

.data           0x0000000020000000       0x84 load address 0x000000000800484c
                0x0000000020000000                . = ALIGN (0x4)
                0x0000000020000000                _sdata = .
 *(.data)
 *(.data*)
 .data.Glob_LogginSeesionExpired
                0x0000000020000000        0x1 Inc/APP/APP.o
                0x0000000020000000                Glob_LogginSeesionExpired
 .data.Glob_u8NumberOfAvailableSlots
                0x0000000020000001        0x1 Inc/APP/APP.o
                0x0000000020000001                Glob_u8NumberOfAvailableSlots
 *fill*         0x0000000020000002        0x2 
 .data.Glob_u8DriverFreeIndex
                0x0000000020000004        0x3 Inc/APP/APP.o
                0x0000000020000004                Glob_u8DriverFreeIndex
 *fill*         0x0000000020000007        0x1 
 .data.LCD_PortPin
                0x0000000020000008        0xc Inc/APP/APP.o
                0x0000000020000008                LCD_PortPin
 .data.LCD_ProgrssBarChar
                0x0000000020000014        0x8 Inc/APP/APP.o
                0x0000000020000014                LCD_ProgrssBarChar
 .data.LCD_Deleting
                0x000000002000001c        0x8 Inc/APP/APP.o
                0x000000002000001c                LCD_Deleting
 .data.LCD_Adding
                0x0000000020000024        0x8 Inc/APP/APP.o
                0x0000000020000024                LCD_Adding
 .data.keys     0x000000002000002c        0xc Inc/APP/APP.o
                0x000000002000002c                keys
 .data.RowsPins
                0x0000000020000038        0x8 Inc/APP/APP.o
                0x0000000020000038                RowsPins
 .data.ColsPins
                0x0000000020000040        0x6 Inc/APP/APP.o
                0x0000000020000040                ColsPins
 *fill*         0x0000000020000046        0x2 
 .data.mySegment
                0x0000000020000048       0x10 Inc/APP/APP.o
 .data.Glob_u8Pressed_Key
                0x0000000020000058        0x1 Inc/APP/APP.o
                0x0000000020000058                Glob_u8Pressed_Key
 *fill*         0x0000000020000059        0x3 
 .data.arr_ofFunctions
                0x000000002000005c       0x28 Inc/HAL/_7Segment/_7Segment.o
                0x0000000020000084                . = ALIGN (0x4)
                0x0000000020000084                _edata = .

.igot.plt       0x0000000020000084        0x0 load address 0x00000000080048d0
 .igot.plt      0x0000000020000084        0x0 c:/st/stm32cubeide_1.4.0/stm32cubeide/plugins/com.st.stm32cube.ide.mcu.externaltools.gnu-tools-for-stm32.7-2018-q2-update.win32_1.4.0.202007081208/tools/bin/../lib/gcc/arm-none-eabi/7.3.1/thumb/v7-m/crtbegin.o
                0x0000000020000084                . = ALIGN (0x4)

.bss            0x0000000020000084      0x12c load address 0x00000000080048d0
                0x0000000020000084                _sbss = .
                0x0000000020000084                __bss_start__ = _sbss
 *(.bss)
 .bss           0x0000000020000084       0x1c c:/st/stm32cubeide_1.4.0/stm32cubeide/plugins/com.st.stm32cube.ide.mcu.externaltools.gnu-tools-for-stm32.7-2018-q2-update.win32_1.4.0.202007081208/tools/bin/../lib/gcc/arm-none-eabi/7.3.1/thumb/v7-m/crtbegin.o
 *(.bss*)
 .bss.myLCD     0x00000000200000a0        0x8 Inc/APP/APP.o
 .bss.SPI1_Communication
                0x00000000200000a8       0x14 Inc/APP/APP.o
 .bss.myUART    0x00000000200000bc       0x1c Inc/APP/APP.o
 .bss.EXTI_PtrFunction
                0x00000000200000d8       0x40 Inc/MCAL/EXTI/EXTI_program.o
 .bss.Global_SPI_Config
                0x0000000020000118        0x8 Inc/MCAL/SPI/SPI_program.o
 .bss.Global_USART_Config
                0x0000000020000120        0xc Inc/MCAL/UART/USART_program.o
 *(COMMON)
 COMMON         0x000000002000012c       0x82 Inc/APP/APP.o
                0x000000002000012c                myKeypad
                0x000000002000013c                Glob_u8AdminArr
                0x0000000020000168                Glob_u8NumberOfCurrentUsers
                0x000000002000016c                Glob_u8DriverArr
                0x00000000200001b0                . = ALIGN (0x4)
 *fill*         0x00000000200001ae        0x2 
                0x00000000200001b0                _ebss = .
                0x00000000200001b0                __bss_end__ = _ebss

._user_heap_stack
                0x00000000200001b0      0x600 load address 0x00000000080048d0
                0x00000000200001b0                . = ALIGN (0x8)
                [!provide]                        PROVIDE (end = .)
                [!provide]                        PROVIDE (_end = .)
                0x00000000200003b0                . = (. + _Min_Heap_Size)
 *fill*         0x00000000200001b0      0x200 
                0x00000000200007b0                . = (. + _Min_Stack_Size)
 *fill*         0x00000000200003b0      0x400 
                0x00000000200007b0                . = ALIGN (0x8)

/DISCARD/
 libc.a(*)
 libm.a(*)
 libgcc.a(*)

.ARM.attributes
                0x0000000000000000       0x29
 *(.ARM.attributes)
 .ARM.attributes
                0x0000000000000000       0x1d c:/st/stm32cubeide_1.4.0/stm32cubeide/plugins/com.st.stm32cube.ide.mcu.externaltools.gnu-tools-for-stm32.7-2018-q2-update.win32_1.4.0.202007081208/tools/bin/../lib/gcc/arm-none-eabi/7.3.1/thumb/v7-m/crti.o
 .ARM.attributes
                0x000000000000001d       0x2d c:/st/stm32cubeide_1.4.0/stm32cubeide/plugins/com.st.stm32cube.ide.mcu.externaltools.gnu-tools-for-stm32.7-2018-q2-update.win32_1.4.0.202007081208/tools/bin/../lib/gcc/arm-none-eabi/7.3.1/thumb/v7-m/crtbegin.o
 .ARM.attributes
                0x000000000000004a       0x33 Inc/APP/APP.o
 .ARM.attributes
                0x000000000000007d       0x33 Inc/HAL/KeyPad/KeyPad.o
 .ARM.attributes
                0x00000000000000b0       0x33 Inc/HAL/LCD/LCD.o
 .ARM.attributes
                0x00000000000000e3       0x33 Inc/HAL/_7Segment/_7Segment.o
 .ARM.attributes
                0x0000000000000116       0x33 Inc/MCAL/AFIO/AFIO_program.o
 .ARM.attributes
                0x0000000000000149       0x33 Inc/MCAL/EXTI/EXTI_program.o
 .ARM.attributes
                0x000000000000017c       0x33 Inc/MCAL/GPIO/GPIO_program.o
 .ARM.attributes
                0x00000000000001af       0x33 Inc/MCAL/NVIC/NVIC_program.o
 .ARM.attributes
                0x00000000000001e2       0x33 Inc/MCAL/RCC/RCC_program.o
 .ARM.attributes
                0x0000000000000215       0x33 Inc/MCAL/SPI/SPI_program.o
 .ARM.attributes
                0x0000000000000248       0x33 Inc/MCAL/UART/USART_program.o
 .ARM.attributes
                0x000000000000027b       0x33 Src/main.o
 .ARM.attributes
                0x00000000000002ae       0x21 Startup/startup_stm32f103c6tx.o
 .ARM.attributes
                0x00000000000002cf       0x2d c:/st/stm32cubeide_1.4.0/stm32cubeide/plugins/com.st.stm32cube.ide.mcu.externaltools.gnu-tools-for-stm32.7-2018-q2-update.win32_1.4.0.202007081208/tools/bin/../lib/gcc/arm-none-eabi/7.3.1/../../../../arm-none-eabi/lib/thumb/v7-m\libc_nano.a(lib_a-init.o)
 .ARM.attributes
                0x00000000000002fc       0x2d c:/st/stm32cubeide_1.4.0/stm32cubeide/plugins/com.st.stm32cube.ide.mcu.externaltools.gnu-tools-for-stm32.7-2018-q2-update.win32_1.4.0.202007081208/tools/bin/../lib/gcc/arm-none-eabi/7.3.1/../../../../arm-none-eabi/lib/thumb/v7-m\libc_nano.a(lib_a-itoa.o)
 .ARM.attributes
                0x0000000000000329       0x2d c:/st/stm32cubeide_1.4.0/stm32cubeide/plugins/com.st.stm32cube.ide.mcu.externaltools.gnu-tools-for-stm32.7-2018-q2-update.win32_1.4.0.202007081208/tools/bin/../lib/gcc/arm-none-eabi/7.3.1/../../../../arm-none-eabi/lib/thumb/v7-m\libc_nano.a(lib_a-utoa.o)
 .ARM.attributes
                0x0000000000000356       0x1d c:/st/stm32cubeide_1.4.0/stm32cubeide/plugins/com.st.stm32cube.ide.mcu.externaltools.gnu-tools-for-stm32.7-2018-q2-update.win32_1.4.0.202007081208/tools/bin/../lib/gcc/arm-none-eabi/7.3.1/thumb/v7-m\libgcc.a(_arm_addsubdf3.o)
 .ARM.attributes
                0x0000000000000373       0x1d c:/st/stm32cubeide_1.4.0/stm32cubeide/plugins/com.st.stm32cube.ide.mcu.externaltools.gnu-tools-for-stm32.7-2018-q2-update.win32_1.4.0.202007081208/tools/bin/../lib/gcc/arm-none-eabi/7.3.1/thumb/v7-m\libgcc.a(_arm_muldivdf3.o)
 .ARM.attributes
                0x0000000000000390       0x1d c:/st/stm32cubeide_1.4.0/stm32cubeide/plugins/com.st.stm32cube.ide.mcu.externaltools.gnu-tools-for-stm32.7-2018-q2-update.win32_1.4.0.202007081208/tools/bin/../lib/gcc/arm-none-eabi/7.3.1/thumb/v7-m\libgcc.a(_arm_fixunsdfsi.o)
 .ARM.attributes
                0x00000000000003ad       0x1d c:/st/stm32cubeide_1.4.0/stm32cubeide/plugins/com.st.stm32cube.ide.mcu.externaltools.gnu-tools-for-stm32.7-2018-q2-update.win32_1.4.0.202007081208/tools/bin/../lib/gcc/arm-none-eabi/7.3.1/thumb/v7-m/crtn.o
OUTPUT(ECU2_Dashboard.elf elf32-littlearm)

.debug_info     0x0000000000000000     0x34bd
 .debug_info    0x0000000000000000     0x1068 Inc/APP/APP.o
 .debug_info    0x0000000000001068      0x206 Inc/HAL/KeyPad/KeyPad.o
 .debug_info    0x000000000000126e      0x432 Inc/HAL/LCD/LCD.o
 .debug_info    0x00000000000016a0      0x474 Inc/HAL/_7Segment/_7Segment.o
 .debug_info    0x0000000000001b14      0x18d Inc/MCAL/AFIO/AFIO_program.o
 .debug_info    0x0000000000001ca1      0x415 Inc/MCAL/EXTI/EXTI_program.o
 .debug_info    0x00000000000020b6      0x39f Inc/MCAL/GPIO/GPIO_program.o
 .debug_info    0x0000000000002455      0x197 Inc/MCAL/NVIC/NVIC_program.o
 .debug_info    0x00000000000025ec      0x103 Inc/MCAL/RCC/RCC_program.o
 .debug_info    0x00000000000026ef      0x5f2 Inc/MCAL/SPI/SPI_program.o
 .debug_info    0x0000000000002ce1      0x748 Inc/MCAL/UART/USART_program.o
 .debug_info    0x0000000000003429       0x72 Src/main.o
 .debug_info    0x000000000000349b       0x22 Startup/startup_stm32f103c6tx.o

.debug_abbrev   0x0000000000000000      0xdd8
 .debug_abbrev  0x0000000000000000      0x21f Inc/APP/APP.o
 .debug_abbrev  0x000000000000021f       0xcf Inc/HAL/KeyPad/KeyPad.o
 .debug_abbrev  0x00000000000002ee      0x195 Inc/HAL/LCD/LCD.o
 .debug_abbrev  0x0000000000000483      0x14c Inc/HAL/_7Segment/_7Segment.o
 .debug_abbrev  0x00000000000005cf       0xc3 Inc/MCAL/AFIO/AFIO_program.o
 .debug_abbrev  0x0000000000000692      0x12e Inc/MCAL/EXTI/EXTI_program.o
 .debug_abbrev  0x00000000000007c0      0x161 Inc/MCAL/GPIO/GPIO_program.o
 .debug_abbrev  0x0000000000000921       0xc4 Inc/MCAL/NVIC/NVIC_program.o
 .debug_abbrev  0x00000000000009e5       0xb1 Inc/MCAL/RCC/RCC_program.o
 .debug_abbrev  0x0000000000000a96      0x16f Inc/MCAL/SPI/SPI_program.o
 .debug_abbrev  0x0000000000000c05      0x178 Inc/MCAL/UART/USART_program.o
 .debug_abbrev  0x0000000000000d7d       0x49 Src/main.o
 .debug_abbrev  0x0000000000000dc6       0x12 Startup/startup_stm32f103c6tx.o

.debug_loc      0x0000000000000000     0x1fd8
 .debug_loc     0x0000000000000000      0x604 Inc/APP/APP.o
 .debug_loc     0x0000000000000604       0xa0 Inc/HAL/KeyPad/KeyPad.o
 .debug_loc     0x00000000000006a4      0x428 Inc/HAL/LCD/LCD.o
 .debug_loc     0x0000000000000acc      0x41c Inc/HAL/_7Segment/_7Segment.o
 .debug_loc     0x0000000000000ee8       0x5c Inc/MCAL/AFIO/AFIO_program.o
 .debug_loc     0x0000000000000f44      0x4dc Inc/MCAL/EXTI/EXTI_program.o
 .debug_loc     0x0000000000001420      0x284 Inc/MCAL/GPIO/GPIO_program.o
 .debug_loc     0x00000000000016a4      0x1cc Inc/MCAL/NVIC/NVIC_program.o
 .debug_loc     0x0000000000001870       0xfc Inc/MCAL/RCC/RCC_program.o
 .debug_loc     0x000000000000196c      0x260 Inc/MCAL/SPI/SPI_program.o
 .debug_loc     0x0000000000001bcc      0x3e0 Inc/MCAL/UART/USART_program.o
 .debug_loc     0x0000000000001fac       0x2c Src/main.o

.debug_aranges  0x0000000000000000      0x4d0
 .debug_aranges
                0x0000000000000000       0xe8 Inc/APP/APP.o
 .debug_aranges
                0x00000000000000e8       0x28 Inc/HAL/KeyPad/KeyPad.o
 .debug_aranges
                0x0000000000000110       0x80 Inc/HAL/LCD/LCD.o
 .debug_aranges
                0x0000000000000190       0x80 Inc/HAL/_7Segment/_7Segment.o
 .debug_aranges
                0x0000000000000210       0x20 Inc/MCAL/AFIO/AFIO_program.o
 .debug_aranges
                0x0000000000000230       0xc8 Inc/MCAL/EXTI/EXTI_program.o
 .debug_aranges
                0x00000000000002f8       0x50 Inc/MCAL/GPIO/GPIO_program.o
 .debug_aranges
                0x0000000000000348       0x40 Inc/MCAL/NVIC/NVIC_program.o
 .debug_aranges
                0x0000000000000388       0x30 Inc/MCAL/RCC/RCC_program.o
 .debug_aranges
                0x00000000000003b8       0x50 Inc/MCAL/SPI/SPI_program.o
 .debug_aranges
                0x0000000000000408       0x80 Inc/MCAL/UART/USART_program.o
 .debug_aranges
                0x0000000000000488       0x20 Src/main.o
 .debug_aranges
                0x00000000000004a8       0x28 Startup/startup_stm32f103c6tx.o

.debug_ranges   0x0000000000000000      0x440
 .debug_ranges  0x0000000000000000      0x110 Inc/APP/APP.o
 .debug_ranges  0x0000000000000110       0x18 Inc/HAL/KeyPad/KeyPad.o
 .debug_ranges  0x0000000000000128       0x70 Inc/HAL/LCD/LCD.o
 .debug_ranges  0x0000000000000198       0x70 Inc/HAL/_7Segment/_7Segment.o
 .debug_ranges  0x0000000000000208       0x10 Inc/MCAL/AFIO/AFIO_program.o
 .debug_ranges  0x0000000000000218       0xb8 Inc/MCAL/EXTI/EXTI_program.o
 .debug_ranges  0x00000000000002d0       0x40 Inc/MCAL/GPIO/GPIO_program.o
 .debug_ranges  0x0000000000000310       0x30 Inc/MCAL/NVIC/NVIC_program.o
 .debug_ranges  0x0000000000000340       0x20 Inc/MCAL/RCC/RCC_program.o
 .debug_ranges  0x0000000000000360       0x40 Inc/MCAL/SPI/SPI_program.o
 .debug_ranges  0x00000000000003a0       0x70 Inc/MCAL/UART/USART_program.o
 .debug_ranges  0x0000000000000410       0x10 Src/main.o
 .debug_ranges  0x0000000000000420       0x20 Startup/startup_stm32f103c6tx.o

.debug_macro    0x0000000000000000     0x1610
 .debug_macro   0x0000000000000000      0x147 Inc/APP/APP.o
 .debug_macro   0x0000000000000147      0xa60 Inc/APP/APP.o
 .debug_macro   0x0000000000000ba7       0x34 Inc/APP/APP.o
 .debug_macro   0x0000000000000bdb       0x28 Inc/APP/APP.o
 .debug_macro   0x0000000000000c03       0x5e Inc/APP/APP.o
 .debug_macro   0x0000000000000c61       0x16 Inc/APP/APP.o
 .debug_macro   0x0000000000000c77       0x28 Inc/APP/APP.o
 .debug_macro   0x0000000000000c9f       0x6d Inc/HAL/KeyPad/KeyPad.o
 .debug_macro   0x0000000000000d0c      0x109 Inc/HAL/LCD/LCD.o
 .debug_macro   0x0000000000000e15       0x50 Inc/HAL/_7Segment/_7Segment.o
 .debug_macro   0x0000000000000e65       0x4a Inc/MCAL/AFIO/AFIO_program.o
 .debug_macro   0x0000000000000eaf       0x16 Inc/MCAL/AFIO/AFIO_program.o
 .debug_macro   0x0000000000000ec5       0x50 Inc/MCAL/EXTI/EXTI_program.o
 .debug_macro   0x0000000000000f15       0x16 Inc/MCAL/EXTI/EXTI_program.o
 .debug_macro   0x0000000000000f2b       0x49 Inc/MCAL/GPIO/GPIO_program.o
 .debug_macro   0x0000000000000f74       0x64 Inc/MCAL/GPIO/GPIO_program.o
 .debug_macro   0x0000000000000fd8       0x2e Inc/MCAL/GPIO/GPIO_program.o
 .debug_macro   0x0000000000001006       0x4a Inc/MCAL/NVIC/NVIC_program.o
 .debug_macro   0x0000000000001050       0x4c Inc/MCAL/NVIC/NVIC_program.o
 .debug_macro   0x000000000000109c       0x40 Inc/MCAL/RCC/RCC_program.o
 .debug_macro   0x00000000000010dc       0x34 Inc/MCAL/RCC/RCC_program.o
 .debug_macro   0x0000000000001110      0x310 Inc/MCAL/RCC/RCC_program.o
 .debug_macro   0x0000000000001420       0x71 Inc/MCAL/SPI/SPI_program.o
 .debug_macro   0x0000000000001491       0x22 Inc/MCAL/SPI/SPI_program.o
 .debug_macro   0x00000000000014b3       0x6f Inc/MCAL/UART/USART_program.o
 .debug_macro   0x0000000000001522       0x2e Inc/MCAL/UART/USART_program.o
 .debug_macro   0x0000000000001550       0xc0 Src/main.o

.debug_line     0x0000000000000000     0x2529
 .debug_line    0x0000000000000000      0x94b Inc/APP/APP.o
 .debug_line    0x000000000000094b      0x222 Inc/HAL/KeyPad/KeyPad.o
 .debug_line    0x0000000000000b6d      0x2a7 Inc/HAL/LCD/LCD.o
 .debug_line    0x0000000000000e14      0x33a Inc/HAL/_7Segment/_7Segment.o
 .debug_line    0x000000000000114e      0x124 Inc/MCAL/AFIO/AFIO_program.o
 .debug_line    0x0000000000001272      0x2b3 Inc/MCAL/EXTI/EXTI_program.o
 .debug_line    0x0000000000001525      0x283 Inc/MCAL/GPIO/GPIO_program.o
 .debug_line    0x00000000000017a8      0x188 Inc/MCAL/NVIC/NVIC_program.o
 .debug_line    0x0000000000001930      0x146 Inc/MCAL/RCC/RCC_program.o
 .debug_line    0x0000000000001a76      0x266 Inc/MCAL/SPI/SPI_program.o
 .debug_line    0x0000000000001cdc      0x3dd Inc/MCAL/UART/USART_program.o
 .debug_line    0x00000000000020b9      0x3ec Src/main.o
 .debug_line    0x00000000000024a5       0x84 Startup/startup_stm32f103c6tx.o

.debug_str      0x0000000000000000     0x6cfe
 .debug_str     0x0000000000000000     0x41ef Inc/APP/APP.o
                                       0x425e (size before relaxing)
 .debug_str     0x00000000000041ef      0x2e2 Inc/HAL/KeyPad/KeyPad.o
                                       0x33f9 (size before relaxing)
 .debug_str     0x00000000000044d1      0x74b Inc/HAL/LCD/LCD.o
                                       0x38c4 (size before relaxing)
 .debug_str     0x0000000000004c1c      0x170 Inc/HAL/_7Segment/_7Segment.o
                                       0x3389 (size before relaxing)
 .debug_str     0x0000000000004d8c      0x127 Inc/MCAL/AFIO/AFIO_program.o
                                       0x3058 (size before relaxing)
 .debug_str     0x0000000000004eb3      0x2b1 Inc/MCAL/EXTI/EXTI_program.o
                                       0x3215 (size before relaxing)
 .debug_str     0x0000000000005164      0x221 Inc/MCAL/GPIO/GPIO_program.o
                                       0x3323 (size before relaxing)
 .debug_str     0x0000000000005385      0x37b Inc/MCAL/NVIC/NVIC_program.o
                                       0x31f6 (size before relaxing)
 .debug_str     0x0000000000005700      0xf31 Inc/MCAL/RCC/RCC_program.o
                                       0x3d89 (size before relaxing)
 .debug_str     0x0000000000006631      0x28e Inc/MCAL/SPI/SPI_program.o
                                       0x3743 (size before relaxing)
 .debug_str     0x00000000000068bf      0x3fb Inc/MCAL/UART/USART_program.o
                                       0x387b (size before relaxing)
 .debug_str     0x0000000000006cba       0x13 Src/main.o
                                       0x31cc (size before relaxing)
 .debug_str     0x0000000000006ccd       0x31 Startup/startup_stm32f103c6tx.o
                                         0x73 (size before relaxing)

.comment        0x0000000000000000       0x7b
 .comment       0x0000000000000000       0x7b Inc/APP/APP.o
                                         0x7c (size before relaxing)
 .comment       0x000000000000007b       0x7c Inc/HAL/KeyPad/KeyPad.o
 .comment       0x000000000000007b       0x7c Inc/HAL/LCD/LCD.o
 .comment       0x000000000000007b       0x7c Inc/HAL/_7Segment/_7Segment.o
 .comment       0x000000000000007b       0x7c Inc/MCAL/AFIO/AFIO_program.o
 .comment       0x000000000000007b       0x7c Inc/MCAL/EXTI/EXTI_program.o
 .comment       0x000000000000007b       0x7c Inc/MCAL/GPIO/GPIO_program.o
 .comment       0x000000000000007b       0x7c Inc/MCAL/NVIC/NVIC_program.o
 .comment       0x000000000000007b       0x7c Inc/MCAL/RCC/RCC_program.o
 .comment       0x000000000000007b       0x7c Inc/MCAL/SPI/SPI_program.o
 .comment       0x000000000000007b       0x7c Inc/MCAL/UART/USART_program.o
 .comment       0x000000000000007b       0x7c Src/main.o

.debug_frame    0x0000000000000000     0x11e0
 .debug_frame   0x0000000000000000      0x348 Inc/APP/APP.o
 .debug_frame   0x0000000000000348       0x58 Inc/HAL/KeyPad/KeyPad.o
 .debug_frame   0x00000000000003a0      0x1ec Inc/HAL/LCD/LCD.o
 .debug_frame   0x000000000000058c      0x1e8 Inc/HAL/_7Segment/_7Segment.o
 .debug_frame   0x0000000000000774       0x38 Inc/MCAL/AFIO/AFIO_program.o
 .debug_frame   0x00000000000007ac      0x2bc Inc/MCAL/EXTI/EXTI_program.o
 .debug_frame   0x0000000000000a68      0x128 Inc/MCAL/GPIO/GPIO_program.o
 .debug_frame   0x0000000000000b90       0xd8 Inc/MCAL/NVIC/NVIC_program.o
 .debug_frame   0x0000000000000c68       0x80 Inc/MCAL/RCC/RCC_program.o
 .debug_frame   0x0000000000000ce8      0x11c Inc/MCAL/SPI/SPI_program.o
 .debug_frame   0x0000000000000e04      0x1e4 Inc/MCAL/UART/USART_program.o
 .debug_frame   0x0000000000000fe8       0x2c Src/main.o
 .debug_frame   0x0000000000001014       0x2c c:/st/stm32cubeide_1.4.0/stm32cubeide/plugins/com.st.stm32cube.ide.mcu.externaltools.gnu-tools-for-stm32.7-2018-q2-update.win32_1.4.0.202007081208/tools/bin/../lib/gcc/arm-none-eabi/7.3.1/../../../../arm-none-eabi/lib/thumb/v7-m\libc_nano.a(lib_a-init.o)
 .debug_frame   0x0000000000001040       0x38 c:/st/stm32cubeide_1.4.0/stm32cubeide/plugins/com.st.stm32cube.ide.mcu.externaltools.gnu-tools-for-stm32.7-2018-q2-update.win32_1.4.0.202007081208/tools/bin/../lib/gcc/arm-none-eabi/7.3.1/../../../../arm-none-eabi/lib/thumb/v7-m\libc_nano.a(lib_a-itoa.o)
 .debug_frame   0x0000000000001078       0x48 c:/st/stm32cubeide_1.4.0/stm32cubeide/plugins/com.st.stm32cube.ide.mcu.externaltools.gnu-tools-for-stm32.7-2018-q2-update.win32_1.4.0.202007081208/tools/bin/../lib/gcc/arm-none-eabi/7.3.1/../../../../arm-none-eabi/lib/thumb/v7-m\libc_nano.a(lib_a-utoa.o)
 .debug_frame   0x00000000000010c0       0xac c:/st/stm32cubeide_1.4.0/stm32cubeide/plugins/com.st.stm32cube.ide.mcu.externaltools.gnu-tools-for-stm32.7-2018-q2-update.win32_1.4.0.202007081208/tools/bin/../lib/gcc/arm-none-eabi/7.3.1/thumb/v7-m\libgcc.a(_arm_addsubdf3.o)
 .debug_frame   0x000000000000116c       0x50 c:/st/stm32cubeide_1.4.0/stm32cubeide/plugins/com.st.stm32cube.ide.mcu.externaltools.gnu-tools-for-stm32.7-2018-q2-update.win32_1.4.0.202007081208/tools/bin/../lib/gcc/arm-none-eabi/7.3.1/thumb/v7-m\libgcc.a(_arm_muldivdf3.o)
 .debug_frame   0x00000000000011bc       0x24 c:/st/stm32cubeide_1.4.0/stm32cubeide/plugins/com.st.stm32cube.ide.mcu.externaltools.gnu-tools-for-stm32.7-2018-q2-update.win32_1.4.0.202007081208/tools/bin/../lib/gcc/arm-none-eabi/7.3.1/thumb/v7-m\libgcc.a(_arm_fixunsdfsi.o)
