EXTI_program.c:67:6:EXTI_voidInitLine	16	static
EXTI_program.c:87:6:EXTI_voidEnableEXTI	16	static
EXTI_program.c:92:6:EXTI_voidDisableEXTI	16	static
EXTI_program.c:97:6:EXTI_voidSoftwareTrigger	16	static
EXTI_program.c:101:6:EXTI_voidChangeLineTrigger	16	static
EXTI_program.c:106:6:EXTI_voidSetCallBackFCN	16	static
EXTI_program.c:112:9:EXTI0_IRQHandler	8	static
EXTI_program.c:119:9:EXTI1_IRQHandler	8	static
EXTI_program.c:125:9:EXTI2_IRQHandler	8	static
EXTI_program.c:131:9:EXTI3_IRQHandler	8	static
EXTI_program.c:137:9:EXTI4_IRQHandler	8	static
EXTI_program.c:143:9:EXTI5_IRQHandler	8	static
EXTI_program.c:149:9:EXTI6_IRQHandler	8	static
EXTI_program.c:155:9:EXTI7_IRQHandler	8	static
EXTI_program.c:162:9:EXTI8_IRQHandler	8	static
EXTI_program.c:168:9:EXTI9_IRQHandler	8	static
EXTI_program.c:174:9:EXTI10_IRQHandler	8	static
EXTI_program.c:180:9:EXTI11_IRQHandler	8	static
EXTI_program.c:186:9:EXTI12_IRQHandler	8	static
EXTI_program.c:192:9:EXTI13_IRQHandler	8	static
EXTI_program.c:198:9:EXTI14_IRQHandler	8	static
EXTI_program.c:204:9:EXTI15_IRQHandler	8	static
