APP.c:196:6:xDelay	24	static
APP.c:211:13:System_voidFillAdminsData	4	static
APP.c:249:11:System_u8ValidateAdminData	40	static
APP.c:337:13:System_voidAddNewUser	24	static
APP.c:438:13:System_VoidDeleteUser	40	static
APP.c:564:4:compTwoStrings	24	static
APP.c:582:13:SPI_voidSetup	8	static
APP.c:606:13:LCD_voidSetup	8	static
APP.c:627:6:UART_voidSetup	8	static
APP.c:646:13:progressBar	24	static
APP.c:658:13:DeletingBar	24	static
APP.c:673:13:AddinggBar	24	static
APP.c:689:13:LCD_voidMainScreen	8	static
APP.c:702:13:LCD_voidAdminOptions	8	static
APP.c:716:13:LCD_voidStatusOptions	8	static
APP.c:736:13:LCD_AddDriver	8	static
APP.c:746:13:LCD_voidDeleteDriver	8	static
APP.c:759:13:keypad_voidSetup	8	static
APP.c:777:6:ECU3_Dashboard_APP_SETUP	8	static
APP.c:802:6:ECU3_Dashboard_APP_LOOP	8	static
