APP.c:214:6:xDelay	24	static
APP.c:234:13:System_voidFillAdminsData	4	static
APP.c:271:13:System_voidFillDriverssData	4	static
APP.c:311:11:System_u8ValidateAdminData	40	static
APP.c:410:13:System_voidAddNewUser	24	static
APP.c:510:13:System_VoidDeleteUser	48	static
APP.c:651:4:compTwoStrings	24	static
APP.c:669:13:SPI_voidSetup	8	static
APP.c:697:13:LCD_voidSetup	8	static
APP.c:717:6:UART_voidSetup	8	static
APP.c:736:13:progressBar	24	static
APP.c:748:13:DeletingBar	24	static
APP.c:763:13:AddinggBar	24	static
APP.c:779:13:LCD_voidMainScreen	8	static
APP.c:792:13:LCD_voidAdminOptions	8	static
APP.c:806:13:LCD_voidStatusOptions	8	static
APP.c:824:13:LCD_AddDriver	8	static
APP.c:834:13:LCD_voidDeleteDriver	8	static
APP.c:844:13:LCD_voidDeletingOptions	8	static
APP.c:861:13:keypad_voidSetup	8	static
APP.c:874:6:_7Segnent_voidSetup	8	static
APP.c:895:13:EXTI_voidSetup	8	static
APP.c:926:6:ECU3_Dashboard_APP_SETUP	8	static
APP.c:958:6:ECU3_Dashboard_APP_LOOP	8	static
APP.c:1075:13:ECU1_Callback	40	static
APP.c:1203:13:ECU3_Callback	40	static
APP.c:1336:13:Tiner_voidCallback	4	static
