APP.c:123:6:xDelay	24	static
APP.c:138:13:SPI_voidSetup	8	static
APP.c:161:13:LCD_voidSetup	8	static
APP.c:180:13:progressBar	24	static
APP.c:192:13:DeletingBar	24	static
APP.c:207:13:AddinggBar	24	static
APP.c:223:13:LCD_voidMainScreen	8	static
APP.c:236:13:LCD_voidAdminOptions	8	static
APP.c:250:13:LCD_voidStatusOptions	8	static
APP.c:268:13:LCD_voidValidateID	8	static
APP.c:282:13:LCD_AddDriver	8	static
APP.c:292:13:LCD_voidDeleteDriver	8	static
APP.c:308:6:ECU3_Dashboard_APP_SETUP	8	static
APP.c:325:6:ECU3_Dashboard_APP_LOOP	4	static
