APP.c:212:6:xDelay	24	static
APP.c:223:13:ECU1_Callback	40	static
APP.c:351:13:ECU3_Callback	40	static
APP.c:494:13:System_voidFillAdminsData	4	static
APP.c:531:13:System_voidFillDriverssData	4	static
APP.c:572:11:System_u8ValidateAdminData	40	static
APP.c:660:13:System_voidAddNewUser	24	static
APP.c:760:13:System_VoidDeleteUser	48	static
APP.c:901:4:compTwoStrings	24	static
APP.c:919:13:SPI_voidSetup	8	static
APP.c:947:13:LCD_voidSetup	8	static
APP.c:967:6:UART_voidSetup	8	static
APP.c:986:13:progressBar	24	static
APP.c:998:13:DeletingBar	24	static
APP.c:1013:13:AddinggBar	24	static
APP.c:1029:13:LCD_voidMainScreen	8	static
APP.c:1042:13:LCD_voidAdminOptions	8	static
APP.c:1056:13:LCD_voidStatusOptions	8	static
APP.c:1076:13:LCD_AddDriver	8	static
APP.c:1086:13:LCD_voidDeleteDriver	8	static
APP.c:1096:13:LCD_voidDeletingOptions	8	static
APP.c:1113:13:keypad_voidSetup	8	static
APP.c:1126:6:_7Segnent_voidSetup	8	static
APP.c:1147:13:EXTI_voidSetup	8	static
APP.c:1178:6:ECU3_Dashboard_APP_SETUP	8	static
APP.c:1207:6:ECU3_Dashboard_APP_LOOP	8	static
