APP.c:374:6:xDelay	24	static
APP.c:407:13:System_voidFillAdminsData	4	static
APP.c:448:13:System_voidFillDriverssData	4	static
APP.c:487:11:System_u8ValidateAdminData	40	static
APP.c:586:13:System_voidAddNewUser	24	static
APP.c:686:13:System_VoidDeleteUser	48	static
APP.c:827:4:compTwoStrings	24	static
APP.c:845:13:SPI_voidSetup	8	static
APP.c:873:13:LCD_voidSetup	8	static
APP.c:897:6:UART_voidSetup	8	static
APP.c:916:13:progressBar	24	static
APP.c:928:13:DeletingBar	24	static
APP.c:950:13:AddinggBar	24	static
APP.c:966:13:LCD_voidMainScreen	8	static
APP.c:979:13:LCD_voidAdminOptions	8	static
APP.c:993:13:LCD_voidStatusOptions	8	static
APP.c:1011:13:LCD_AddDriver	8	static
APP.c:1021:13:LCD_voidDeleteDriver	8	static
APP.c:1036:13:LCD_voidDeletingOptions	8	static
APP.c:1058:13:keypad_voidSetup	8	static
APP.c:1076:6:_7Segnent_voidSetup	8	static
APP.c:1104:13:EXTI_voidSetup	8	static
APP.c:1135:6:ECU3_Dashboard_APP_SETUP	8	static
APP.c:1167:6:ECU3_Dashboard_APP_LOOP	8	static
APP.c:1284:13:ECU1_Callback	40	static
APP.c:1412:13:ECU3_Callback	40	static
APP.c:1545:13:Tiner_voidCallback	4	static
