APP.c:195:6:xDelay	24	static
APP.c:210:13:System_voidFillAdminsData	4	static
APP.c:248:11:System_u8ValidateAdminData	40	static
APP.c:336:13:System_voidAddNewUser	24	static
APP.c:433:4:compTwoStrings	24	static
APP.c:451:13:SPI_voidSetup	8	static
APP.c:475:13:LCD_voidSetup	8	static
APP.c:496:6:UART_voidSetup	8	static
APP.c:515:13:progressBar	24	static
APP.c:527:13:DeletingBar	24	static
APP.c:542:13:AddinggBar	24	static
APP.c:558:13:LCD_voidMainScreen	8	static
APP.c:571:13:LCD_voidAdminOptions	8	static
APP.c:585:13:LCD_voidStatusOptions	8	static
APP.c:603:13:LCD_voidValidateDriverID	8	static
APP.c:616:13:LCD_AddDriver	8	static
APP.c:626:13:LCD_voidDeleteDriver	8	static
APP.c:639:13:keypad_voidSetup	8	static
APP.c:657:6:ECU3_Dashboard_APP_SETUP	8	static
APP.c:682:6:ECU3_Dashboard_APP_LOOP	8	static
