APP.c:204:6:xDelay	24	static
APP.c:215:13:ECU1_Callback	40	static
APP.c:341:13:ECU3_Callback	40	static
APP.c:475:13:System_voidFillAdminsData	4	static
APP.c:512:13:System_voidFillDriverssData	4	static
APP.c:553:11:System_u8ValidateAdminData	40	static
APP.c:641:13:System_voidAddNewUser	24	static
APP.c:742:13:System_VoidDeleteUser	48	static
APP.c:883:4:compTwoStrings	24	static
APP.c:901:13:SPI_voidSetup	8	static
APP.c:929:13:LCD_voidSetup	8	static
APP.c:949:6:UART_voidSetup	8	static
APP.c:968:13:progressBar	24	static
APP.c:980:13:DeletingBar	24	static
APP.c:995:13:AddinggBar	24	static
APP.c:1011:13:LCD_voidMainScreen	8	static
APP.c:1024:13:LCD_voidAdminOptions	8	static
APP.c:1038:13:LCD_voidStatusOptions	8	static
APP.c:1058:13:LCD_AddDriver	8	static
APP.c:1068:13:LCD_voidDeleteDriver	8	static
APP.c:1078:13:LCD_voidDeletingOptions	8	static
APP.c:1095:13:keypad_voidSetup	8	static
APP.c:1109:6:_7Segnent_voidSetup	8	static
APP.c:1130:13:EXTI_voidSetup	8	static
APP.c:1161:6:ECU3_Dashboard_APP_SETUP	8	static
APP.c:1190:6:ECU3_Dashboard_APP_LOOP	8	static
