USART_program.c:71:6:USART_voidInit	24	static
USART_program.c:119:6:USART_voidSendDataSynch	16	static
USART_program.c:143:6:USART_voidSendDataAsynch	16	static
USART_program.c:162:6:USART_voidReceiveDataSynch	16	static
USART_program.c:257:6:USART_voidReceiveDataAsynch	16	static
USART_program.c:263:6:USART_voidBuadRateCalc	56	static
USART_program.c:284:6:USART__VoidGPIO_SetPins	16	static
USART_program.c:453:6:USART1_IRQHandler	8	static
USART_program.c:481:6:USART2_IRQHandler	8	static
USART_program.c:508:6:USART3_IRQHandler	8	static
USART_program.c:537:6:USART_voidGetDMA_PeripheralAddress	24	static
USART_program.c:552:6:USART_voidSendStringWithFixedSizeSynch	24	static
USART_program.c:560:6:USART_voidSendStringWithDelimiterSynch	24	static
