
Allocating common symbols
Common symbol       size              file

pointerToState_PS   0x4               pressureSensor.o
alarm_state         0x1               alarm.o
pointerToState_MALGO
                    0x4               mainAlgo.o
pointerToState_ALARM
                    0x4               alarm.o
alarmManger_state   0x1               alarmManger.o
pressureSensor_state
                    0x1               main.o
mainAlgo_state      0x1               main.o
pointerToState_ALMANG
                    0x4               alarmManger.o

Memory Configuration

Name             Origin             Length             Attributes
FLASH            0x08000000         0x00008000         xr
SRAM             0x20000000         0x00002800         xrw
*default*        0x00000000         0xffffffff

Linker script and memory map

                0x00001000                _Stack_Size = 0x1000

.text           0x08000000      0x42c
                0x08000000                . = ALIGN (0x4)
                0x08000000                _TEXT_S_ = .
 *(.vectors*)
 .vectors       0x08000000       0x44 c_startup.o
                0x08000000                vectors
 *(.text*)
 .text          0x08000044       0x90 alarm.o
                0x08000044                alarmInit
                0x08000060                ST_alarmState_compartor
                0x08000080                ST_alarmState_alarmOFF
                0x0800009c                ST_alarmState_alarmON
                0x080000b8                Alarm_COM
 .text          0x080000d4       0xb0 alarmManger.o
                0x080000d4                alarmMangerInit
                0x080000f0                ST_alarmManger_sendAlarmOFF
                0x08000120                ST_alarmManger_sendAlarmON
                0x0800013c                ST_alarmManger_waiting
                0x08000168                HighPressure_COM
 .text          0x08000184       0x90 c_startup.o
                0x08000184                RESEVERD_Handler
                0x08000184                HardFault_Handler
                0x08000184                SysTick_Handler
                0x08000184                IRQ0_Handler
                0x08000184                PendSV_Handler
                0x08000184                NMI_Handler
                0x08000184                SVcall_Handler
                0x08000184                UsageFault_Handler
                0x08000184                BusFault_Handler
                0x08000184                defaultHandler
                0x08000184                DebugReserved_Handler
                0x08000184                MMFault_Handler
                0x08000190                resetHandler
 .text          0x08000214       0xc4 driver.o
                0x08000214                Delay
                0x08000234                getPressureVal
                0x0800024c                Set_Alarm_actuator
                0x08000288                GPIO_INITIALIZATION
 .text          0x080002d8       0x64 main.o
                0x080002d8                setup
                0x080002f0                main
 .text          0x0800033c       0x5c mainAlgo.o
                0x0800033c                mainAlgoInit
                0x08000358                ST_mainAlgo_pressureCompartor
                0x0800037c                PressureValue_COM
 .text          0x08000398       0x94 pressureSensor.o
                0x08000398                pressureSensorInit
                0x080003b4                ST_PS_readingSensor
                0x080003dc                ST_PS_SendReading
                0x08000400                ST_PS_waiting
                0x0800042c                _E_TEXT_SEC = .
                0x0800042c                . = ALIGN (0x4)

.glue_7         0x0800042c        0x0
 .glue_7        0x0800042c        0x0 linker stubs

.glue_7t        0x0800042c        0x0
 .glue_7t       0x0800042c        0x0 linker stubs

.vfp11_veneer   0x0800042c        0x0
 .vfp11_veneer  0x0800042c        0x0 linker stubs

.v4_bx          0x0800042c        0x0
 .v4_bx         0x0800042c        0x0 linker stubs

.iplt           0x0800042c        0x0
 .iplt          0x0800042c        0x0 alarm.o

.rel.dyn        0x0800042c        0x0
 .rel.iplt      0x0800042c        0x0 alarm.o

.data           0x20000000        0x0 load address 0x0800042c
                0x20000000                . = ALIGN (0x4)
                0x20000000                _S_DATA_SEC = .
 *(.data*)
 .data          0x20000000        0x0 alarm.o
 .data          0x20000000        0x0 alarmManger.o
 .data          0x20000000        0x0 c_startup.o
 .data          0x20000000        0x0 driver.o
 .data          0x20000000        0x0 main.o
 .data          0x20000000        0x0 mainAlgo.o
 .data          0x20000000        0x0 pressureSensor.o
 *(.rodata*)
                0x20000000                _E_DATA_SEC = .
                0x20000000                . = ALIGN (0x4)

.igot.plt       0x20000000        0x0 load address 0x0800042c
 .igot.plt      0x20000000        0x0 alarm.o

.bss            0x20000000       0x2c load address 0x0800042c
                0x20000000                . = ALIGN (0x4)
                0x20000000                _S_BSS_SEC = .
 *(.bss)
 .bss           0x20000000        0x4 alarm.o
 .bss           0x20000004        0x4 alarmManger.o
 .bss           0x20000008        0x0 c_startup.o
 .bss           0x20000008        0x0 driver.o
 .bss           0x20000008        0x0 main.o
 .bss           0x20000008        0x4 mainAlgo.o
 .bss           0x2000000c        0x4 pressureSensor.o
                0x20000010                _E_BSS_SEC = .
                0x20000010                . = ALIGN (0x4)
 COMMON         0x20000010        0x8 alarm.o
                0x20000010                alarm_state
                0x20000014                pointerToState_ALARM
 COMMON         0x20000018        0x8 alarmManger.o
                0x20000018                alarmManger_state
                0x2000001c                pointerToState_ALMANG
 COMMON         0x20000020        0x2 main.o
                0x20000020                pressureSensor_state
                0x20000021                mainAlgo_state
 *fill*         0x20000022        0x2 
 COMMON         0x20000024        0x4 mainAlgo.o
                0x20000024                pointerToState_MALGO
 COMMON         0x20000028        0x4 pressureSensor.o
                0x20000028                pointerToState_PS
                0x2000102c                . = (. + _Stack_Size)
                0x2000102c                _STACK_TOP = .
                0x2000102c                . = ALIGN (0x4)
LOAD alarm.o
LOAD alarmManger.o
LOAD c_startup.o
LOAD driver.o
LOAD main.o
LOAD mainAlgo.o
LOAD pressureSensor.o
OUTPUT(pressureDetect.elf elf32-littlearm)

.comment        0x00000000       0x7e
 .comment       0x00000000       0x7e alarm.o
                                 0x7f (size before relaxing)
 .comment       0x0000007e       0x7f alarmManger.o
 .comment       0x0000007e       0x7f c_startup.o
 .comment       0x0000007e       0x7f driver.o
 .comment       0x0000007e       0x7f main.o
 .comment       0x0000007e       0x7f mainAlgo.o
 .comment       0x0000007e       0x7f pressureSensor.o

.ARM.attributes
                0x00000000       0x33
 .ARM.attributes
                0x00000000       0x33 alarm.o
 .ARM.attributes
                0x00000033       0x33 alarmManger.o
 .ARM.attributes
                0x00000066       0x33 c_startup.o
 .ARM.attributes
                0x00000099       0x33 driver.o
 .ARM.attributes
                0x000000cc       0x33 main.o
 .ARM.attributes
                0x000000ff       0x33 mainAlgo.o
 .ARM.attributes
                0x00000132       0x33 pressureSensor.o
