Archive member included to satisfy reference by file (symbol)

c:/program files (x86)/atmel/studio/7.0/toolchain/avr8/avr8-gnu-toolchain/bin/../lib/gcc/avr/5.4.0/../../../../avr/lib/avr5\libm.a(addsf3.o)
                              ServoMotor.o (__addsf3)
c:/program files (x86)/atmel/studio/7.0/toolchain/avr8/avr8-gnu-toolchain/bin/../lib/gcc/avr/5.4.0/../../../../avr/lib/avr5\libm.a(addsf3x.o)
                              c:/program files (x86)/atmel/studio/7.0/toolchain/avr8/avr8-gnu-toolchain/bin/../lib/gcc/avr/5.4.0/../../../../avr/lib/avr5\libm.a(addsf3.o) (__addsf3x)
c:/program files (x86)/atmel/studio/7.0/toolchain/avr8/avr8-gnu-toolchain/bin/../lib/gcc/avr/5.4.0/../../../../avr/lib/avr5\libm.a(cmpsf2.o)
                              LCD.o (__ltsf2)
c:/program files (x86)/atmel/studio/7.0/toolchain/avr8/avr8-gnu-toolchain/bin/../lib/gcc/avr/5.4.0/../../../../avr/lib/avr5\libm.a(divsf3.o)
                              main.o (__divsf3)
c:/program files (x86)/atmel/studio/7.0/toolchain/avr8/avr8-gnu-toolchain/bin/../lib/gcc/avr/5.4.0/../../../../avr/lib/avr5\libm.a(divsf3x.o)
                              c:/program files (x86)/atmel/studio/7.0/toolchain/avr8/avr8-gnu-toolchain/bin/../lib/gcc/avr/5.4.0/../../../../avr/lib/avr5\libm.a(divsf3.o) (__divsf3x)
c:/program files (x86)/atmel/studio/7.0/toolchain/avr8/avr8-gnu-toolchain/bin/../lib/gcc/avr/5.4.0/../../../../avr/lib/avr5\libm.a(fixsfsi.o)
                              main.o (__fixsfsi)
c:/program files (x86)/atmel/studio/7.0/toolchain/avr8/avr8-gnu-toolchain/bin/../lib/gcc/avr/5.4.0/../../../../avr/lib/avr5\libm.a(fixunssfsi.o)
                              LCD.o (__fixunssfsi)
c:/program files (x86)/atmel/studio/7.0/toolchain/avr8/avr8-gnu-toolchain/bin/../lib/gcc/avr/5.4.0/../../../../avr/lib/avr5\libm.a(floatsisf.o)
                              main.o (__floatunsisf)
c:/program files (x86)/atmel/studio/7.0/toolchain/avr8/avr8-gnu-toolchain/bin/../lib/gcc/avr/5.4.0/../../../../avr/lib/avr5\libm.a(fp_cmp.o)
                              c:/program files (x86)/atmel/studio/7.0/toolchain/avr8/avr8-gnu-toolchain/bin/../lib/gcc/avr/5.4.0/../../../../avr/lib/avr5\libm.a(cmpsf2.o) (__fp_cmp)
c:/program files (x86)/atmel/studio/7.0/toolchain/avr8/avr8-gnu-toolchain/bin/../lib/gcc/avr/5.4.0/../../../../avr/lib/avr5\libm.a(fp_inf.o)
                              c:/program files (x86)/atmel/studio/7.0/toolchain/avr8/avr8-gnu-toolchain/bin/../lib/gcc/avr/5.4.0/../../../../avr/lib/avr5\libm.a(addsf3x.o) (__fp_inf)
c:/program files (x86)/atmel/studio/7.0/toolchain/avr8/avr8-gnu-toolchain/bin/../lib/gcc/avr/5.4.0/../../../../avr/lib/avr5\libm.a(fp_nan.o)
                              c:/program files (x86)/atmel/studio/7.0/toolchain/avr8/avr8-gnu-toolchain/bin/../lib/gcc/avr/5.4.0/../../../../avr/lib/avr5\libm.a(addsf3x.o) (__fp_nan)
c:/program files (x86)/atmel/studio/7.0/toolchain/avr8/avr8-gnu-toolchain/bin/../lib/gcc/avr/5.4.0/../../../../avr/lib/avr5\libm.a(fp_pscA.o)
                              c:/program files (x86)/atmel/studio/7.0/toolchain/avr8/avr8-gnu-toolchain/bin/../lib/gcc/avr/5.4.0/../../../../avr/lib/avr5\libm.a(addsf3x.o) (__fp_pscA)
c:/program files (x86)/atmel/studio/7.0/toolchain/avr8/avr8-gnu-toolchain/bin/../lib/gcc/avr/5.4.0/../../../../avr/lib/avr5\libm.a(fp_pscB.o)
                              c:/program files (x86)/atmel/studio/7.0/toolchain/avr8/avr8-gnu-toolchain/bin/../lib/gcc/avr/5.4.0/../../../../avr/lib/avr5\libm.a(addsf3x.o) (__fp_pscB)
c:/program files (x86)/atmel/studio/7.0/toolchain/avr8/avr8-gnu-toolchain/bin/../lib/gcc/avr/5.4.0/../../../../avr/lib/avr5\libm.a(fp_round.o)
                              c:/program files (x86)/atmel/studio/7.0/toolchain/avr8/avr8-gnu-toolchain/bin/../lib/gcc/avr/5.4.0/../../../../avr/lib/avr5\libm.a(addsf3.o) (__fp_round)
c:/program files (x86)/atmel/studio/7.0/toolchain/avr8/avr8-gnu-toolchain/bin/../lib/gcc/avr/5.4.0/../../../../avr/lib/avr5\libm.a(fp_split3.o)
                              c:/program files (x86)/atmel/studio/7.0/toolchain/avr8/avr8-gnu-toolchain/bin/../lib/gcc/avr/5.4.0/../../../../avr/lib/avr5\libm.a(addsf3x.o) (__fp_split3)
c:/program files (x86)/atmel/studio/7.0/toolchain/avr8/avr8-gnu-toolchain/bin/../lib/gcc/avr/5.4.0/../../../../avr/lib/avr5\libm.a(fp_zero.o)
                              c:/program files (x86)/atmel/studio/7.0/toolchain/avr8/avr8-gnu-toolchain/bin/../lib/gcc/avr/5.4.0/../../../../avr/lib/avr5\libm.a(addsf3x.o) (__fp_zero)
c:/program files (x86)/atmel/studio/7.0/toolchain/avr8/avr8-gnu-toolchain/bin/../lib/gcc/avr/5.4.0/../../../../avr/lib/avr5\libm.a(gesf2.o)
                              LCD.o (__gtsf2)
c:/program files (x86)/atmel/studio/7.0/toolchain/avr8/avr8-gnu-toolchain/bin/../lib/gcc/avr/5.4.0/../../../../avr/lib/avr5\libm.a(mulsf3.o)
                              LCD.o (__mulsf3)
c:/program files (x86)/atmel/studio/7.0/toolchain/avr8/avr8-gnu-toolchain/bin/../lib/gcc/avr/5.4.0/../../../../avr/lib/avr5\libm.a(mulsf3x.o)
                              c:/program files (x86)/atmel/studio/7.0/toolchain/avr8/avr8-gnu-toolchain/bin/../lib/gcc/avr/5.4.0/../../../../avr/lib/avr5\libm.a(mulsf3.o) (__mulsf3x)
c:/program files (x86)/atmel/studio/7.0/toolchain/avr8/avr8-gnu-toolchain/bin/../lib/gcc/avr/5.4.0/avr5\libgcc.a(_mulsi3.o)
                              PWM_Program.o (__mulsi3)
c:/program files (x86)/atmel/studio/7.0/toolchain/avr8/avr8-gnu-toolchain/bin/../lib/gcc/avr/5.4.0/avr5\libgcc.a(_divmodhi4.o)
                              KeyPad.o (__divmodhi4)
c:/program files (x86)/atmel/studio/7.0/toolchain/avr8/avr8-gnu-toolchain/bin/../lib/gcc/avr/5.4.0/avr5\libgcc.a(_udivmodsi4.o)
                              PWM_Program.o (__udivmodsi4)
c:/program files (x86)/atmel/studio/7.0/toolchain/avr8/avr8-gnu-toolchain/bin/../lib/gcc/avr/5.4.0/avr5\libgcc.a(_exit.o)
                              C:/Program Files (x86)/Atmel/Studio/7.0/Packs/atmel/ATmega_DFP/1.7.374/gcc/dev/atmega16/avr5/crtatmega16.o (exit)
c:/program files (x86)/atmel/studio/7.0/toolchain/avr8/avr8-gnu-toolchain/bin/../lib/gcc/avr/5.4.0/avr5\libgcc.a(_tablejump2.o)
                              PWM_Program.o (__tablejump2__)
c:/program files (x86)/atmel/studio/7.0/toolchain/avr8/avr8-gnu-toolchain/bin/../lib/gcc/avr/5.4.0/avr5\libgcc.a(_copy_data.o)
                              L293D.o (__do_copy_data)
c:/program files (x86)/atmel/studio/7.0/toolchain/avr8/avr8-gnu-toolchain/bin/../lib/gcc/avr/5.4.0/avr5\libgcc.a(_clear_bss.o)
                              ADC_Program.o (__do_clear_bss)
c:/program files (x86)/atmel/studio/7.0/toolchain/avr8/avr8-gnu-toolchain/bin/../lib/gcc/avr/5.4.0/avr5\libgcc.a(_umulhisi3.o)
                              PWM_Program.o (__umulhisi3)
c:/program files (x86)/atmel/studio/7.0/toolchain/avr8/avr8-gnu-toolchain/bin/../lib/gcc/avr/5.4.0/avr5\libgcc.a(_muluhisi3.o)
                              c:/program files (x86)/atmel/studio/7.0/toolchain/avr8/avr8-gnu-toolchain/bin/../lib/gcc/avr/5.4.0/avr5\libgcc.a(_mulsi3.o) (__muluhisi3)
c:/program files (x86)/atmel/studio/7.0/toolchain/avr8/avr8-gnu-toolchain/bin/../lib/gcc/avr/5.4.0/avr5\libgcc.a(_udivmodhi4.o)
                              c:/program files (x86)/atmel/studio/7.0/toolchain/avr8/avr8-gnu-toolchain/bin/../lib/gcc/avr/5.4.0/avr5\libgcc.a(_divmodhi4.o) (__udivmodhi4)
c:/program files (x86)/atmel/studio/7.0/toolchain/avr8/avr8-gnu-toolchain/bin/../lib/gcc/avr/5.4.0/../../../../avr/lib/avr5\libc.a(itoa.o)
                              main.o (itoa)
c:/program files (x86)/atmel/studio/7.0/toolchain/avr8/avr8-gnu-toolchain/bin/../lib/gcc/avr/5.4.0/../../../../avr/lib/avr5\libc.a(itoa_ncheck.o)
                              c:/program files (x86)/atmel/studio/7.0/toolchain/avr8/avr8-gnu-toolchain/bin/../lib/gcc/avr/5.4.0/../../../../avr/lib/avr5\libc.a(itoa.o) (__itoa_ncheck)
c:/program files (x86)/atmel/studio/7.0/toolchain/avr8/avr8-gnu-toolchain/bin/../lib/gcc/avr/5.4.0/../../../../avr/lib/avr5\libc.a(utoa_ncheck.o)
                              c:/program files (x86)/atmel/studio/7.0/toolchain/avr8/avr8-gnu-toolchain/bin/../lib/gcc/avr/5.4.0/../../../../avr/lib/avr5\libc.a(itoa_ncheck.o) (__utoa_common)
c:/program files (x86)/atmel/studio/7.0/toolchain/avr8/avr8-gnu-toolchain/bin/../lib/gcc/avr/5.4.0/../../../../avr/lib/avr5\libc.a(strrev.o)
                              c:/program files (x86)/atmel/studio/7.0/toolchain/avr8/avr8-gnu-toolchain/bin/../lib/gcc/avr/5.4.0/../../../../avr/lib/avr5\libc.a(utoa_ncheck.o) (strrev)

Allocating common symbols
Common symbol       size              file

TIMER1_IC_Callback  0x2               TIMERS_Program.o
TIMER1_OV_CallBack  0x2               TIMERS_Program.o
Global_ptr_customConfig
                    0x2               max7221.o
TIMER2_OV_CallBack  0x2               TIMERS_Program.o
temp                0x4               main.o
TIMER0_CTC_CallBack_Single
                    0x2               TIMERS_Program.o
TIMER0_OV_CallBack  0x2               TIMERS_Program.o
buffer              0xa               main.o
TIMER0_CTC_CallBack_Periodic
                    0x2               TIMERS_Program.o

Discarded input sections

 .data          0x00000000        0x0 C:/Program Files (x86)/Atmel/Studio/7.0/Packs/atmel/ATmega_DFP/1.7.374/gcc/dev/atmega16/avr5/crtatmega16.o
 .bss           0x00000000        0x0 C:/Program Files (x86)/Atmel/Studio/7.0/Packs/atmel/ATmega_DFP/1.7.374/gcc/dev/atmega16/avr5/crtatmega16.o
 .text          0x00000000        0x0 ADC_Program.o
 .data          0x00000000        0x0 ADC_Program.o
 .bss           0x00000000        0x0 ADC_Program.o
 .text.ADC_voidDisable
                0x00000000       0x22 ADC_Program.o
 .text.ADC_voidStartConvertionSynch
                0x00000000       0x94 ADC_Program.o
 .text.ADC_u8IsConversionComplete
                0x00000000       0x28 ADC_Program.o
 .text          0x00000000        0x0 ATMEGA_EEPROM_Program.o
 .data          0x00000000        0x0 ATMEGA_EEPROM_Program.o
 .bss           0x00000000        0x0 ATMEGA_EEPROM_Program.o
 .text.intEPPROM_Init
                0x00000000       0x10 ATMEGA_EEPROM_Program.o
 .text.intEPPROM_WriteByte
                0x00000000       0xa8 ATMEGA_EEPROM_Program.o
 .text.intEPPROM_ReadByte
                0x00000000       0x88 ATMEGA_EEPROM_Program.o
 .text.intEPPROM_ReadWord
                0x00000000       0x6a ATMEGA_EEPROM_Program.o
 .text.intEPPROM_WriteWord
                0x00000000       0x6e ATMEGA_EEPROM_Program.o
 .text.intEPPROM_ReadDword
                0x00000000       0x8e ATMEGA_EEPROM_Program.o
 .text.intEPPROM_WriteDword
                0x00000000       0x9a ATMEGA_EEPROM_Program.o
 .text.intEPPROM_ReadBlock
                0x00000000       0x7e ATMEGA_EEPROM_Program.o
 .text.intEPPROM_WriteBlock
                0x00000000       0x80 ATMEGA_EEPROM_Program.o
 .text.intEPPROM_UpdateByte
                0x00000000       0x2e ATMEGA_EEPROM_Program.o
 .debug_info    0x00000000      0x3ac ATMEGA_EEPROM_Program.o
 .debug_abbrev  0x00000000       0xe6 ATMEGA_EEPROM_Program.o
 .debug_loc     0x00000000      0x2bd ATMEGA_EEPROM_Program.o
 .debug_aranges
                0x00000000       0x68 ATMEGA_EEPROM_Program.o
 .debug_ranges  0x00000000       0x58 ATMEGA_EEPROM_Program.o
 .debug_line    0x00000000      0x33e ATMEGA_EEPROM_Program.o
 .debug_str     0x00000000      0x2ca ATMEGA_EEPROM_Program.o
 .comment       0x00000000       0x31 ATMEGA_EEPROM_Program.o
 .debug_frame   0x00000000      0x154 ATMEGA_EEPROM_Program.o
 .text          0x00000000        0x0 EXT_INT_program.o
 .data          0x00000000        0x0 EXT_INT_program.o
 .bss           0x00000000        0x0 EXT_INT_program.o
 .text.EXTINT_voidInit
                0x00000000       0x7c EXT_INT_program.o
 .text.EXTINT_voidEnable
                0x00000000       0x6a EXT_INT_program.o
 .text.EXTINT_voidMode
                0x00000000      0x234 EXT_INT_program.o
 .text.EXTINT_voidDisable
                0x00000000       0x6a EXT_INT_program.o
 .text          0x00000000        0x0 GPIO_program.o
 .data          0x00000000        0x0 GPIO_program.o
 .bss           0x00000000        0x0 GPIO_program.o
 .text.GPIO_voidInit
                0x00000000       0x70 GPIO_program.o
 .text.GPIO_u8GetPinValue
                0x00000000       0xd4 GPIO_program.o
 .text.GPIO_voidSetPortDirection
                0x00000000      0x172 GPIO_program.o
 .text.GPIO_voidSetPortValue
                0x00000000       0xde GPIO_program.o
 .text.GPIO_voidTogglePin
                0x00000000       0xf0 GPIO_program.o
 .text.GPIO_voidSPI_MasterInit
                0x00000000       0x38 GPIO_program.o
 .text.GPIO_voidSPI_SlaveInit
                0x00000000       0x38 GPIO_program.o
 .text          0x00000000        0x0 KeyPad.o
 .data          0x00000000        0x0 KeyPad.o
 .bss           0x00000000        0x0 KeyPad.o
 .text.HAL_KeyPadInit
                0x00000000      0x110 KeyPad.o
 .text.HAL_KeyPadGetPressedKey
                0x00000000      0x1b4 KeyPad.o
 .text.map      0x00000000       0x7e KeyPad.o
 .debug_info    0x00000000      0x243 KeyPad.o
 .debug_abbrev  0x00000000       0xdb KeyPad.o
 .debug_loc     0x00000000       0xe3 KeyPad.o
 .debug_aranges
                0x00000000       0x30 KeyPad.o
 .debug_ranges  0x00000000       0x20 KeyPad.o
 .debug_line    0x00000000      0x23f KeyPad.o
 .debug_str     0x00000000      0x282 KeyPad.o
 .comment       0x00000000       0x31 KeyPad.o
 .debug_frame   0x00000000       0x7c KeyPad.o
 .text          0x00000000        0x0 L293D.o
 .data          0x00000000        0x0 L293D.o
 .bss           0x00000000        0x0 L293D.o
 .data.__Internal_L293_config_TIMER2__
                0x00000000        0x3 L293D.o
 .data.__Internal_L293_config_TIMER0__
                0x00000000        0x3 L293D.o
 .bss.__Internal_L293_config__
                0x00000000        0x2 L293D.o
 .text.L293D_staticVoidInitPointers
                0x00000000       0x4e L293D.o
 .text.L293D_voidInit
                0x00000000       0xce L293D.o
 .text.L293D_voidSetSpeed
                0x00000000       0x44 L293D.o
 .text.L293D_voidSetDirection
                0x00000000       0xa4 L293D.o
 .text.L293D_voidToggleDirection
                0x00000000       0x56 L293D.o
 .debug_info    0x00000000      0x3a4 L293D.o
 .debug_abbrev  0x00000000       0xca L293D.o
 .debug_loc     0x00000000      0x168 L293D.o
 .debug_aranges
                0x00000000       0x40 L293D.o
 .debug_ranges  0x00000000       0x30 L293D.o
 .debug_line    0x00000000      0x181 L293D.o
 .debug_str     0x00000000      0x6d4 L293D.o
 .comment       0x00000000       0x31 L293D.o
 .debug_frame   0x00000000       0xb4 L293D.o
 .text          0x00000000        0x0 LCD.o
 .data          0x00000000        0x0 LCD.o
 .bss           0x00000000        0x0 LCD.o
 .text.LCD_voidSendStringAt
                0x00000000       0x2e LCD.o
 .text.LCD_voidSetCursorType
                0x00000000       0x2a LCD.o
 .text.LCD_voidSetDisplayState
                0x00000000       0x40 LCD.o
 .text.LCD_voidClear
                0x00000000      0x124 LCD.o
 .text.LCD_voidStoreCustomChar
                0x00000000       0x8a LCD.o
 .text.LCD_voidDispCustomChar
                0x00000000       0x2a LCD.o
 .text          0x00000000        0x0 main.o
 .data          0x00000000        0x0 main.o
 .bss           0x00000000        0x0 main.o
 .text          0x00000000        0x0 max7221.o
 .data          0x00000000        0x0 max7221.o
 .bss           0x00000000        0x0 max7221.o
 .data.MAX7221_PRIV_SPI
                0x00000000        0x6 max7221.o
 .text.MAX7221_Init
                0x00000000       0x60 max7221.o
 .text.MAX7221_SendData
                0x00000000       0x4c max7221.o
 .text.MAX7221_DispState
                0x00000000       0x34 max7221.o
 .text.MAX7221_Disp_Intensity
                0x00000000       0x24 max7221.o
 .text.max7221_sendADD_DATA
                0x00000000       0x3a max7221.o
 .debug_info    0x00000000      0x355 max7221.o
 .debug_abbrev  0x00000000       0xd9 max7221.o
 .debug_loc     0x00000000      0x168 max7221.o
 .debug_aranges
                0x00000000       0x40 max7221.o
 .debug_ranges  0x00000000       0x30 max7221.o
 .debug_line    0x00000000      0x15b max7221.o
 .debug_str     0x00000000      0x4d4 max7221.o
 .comment       0x00000000       0x31 max7221.o
 .debug_frame   0x00000000       0xb4 max7221.o
 COMMON         0x00000000        0x2 max7221.o
 .text          0x00000000        0x0 PWM_Program.o
 .data          0x00000000        0x0 PWM_Program.o
 .bss           0x00000000        0x0 PWM_Program.o
 .bss.TIMER0_Prescaler
                0x00000000        0x2 PWM_Program.o
 .bss.TIMER1_Prescaler
                0x00000000        0x2 PWM_Program.o
 .bss.TIMER2_Prescaler
                0x00000000        0x2 PWM_Program.o
 .bss.UsrPWMPointer
                0x00000000        0x2 PWM_Program.o
 .text.PWM_voidInit
                0x00000000      0x2ee PWM_Program.o
 .progmem.gcc_sw_table.PWM_voidInit
                0x00000000       0x10 PWM_Program.o
 .text.PWM_voidSetOCPin
                0x00000000       0x80 PWM_Program.o
 .text.PWM_voidSetDuty
                0x00000000       0xde PWM_Program.o
 .rodata        0x00000000       0x18 PWM_Program.o
 .text.PWM_voidGeneratePWM
                0x00000000      0x55e PWM_Program.o
 .text.PWM_voidPhaseFrequencyCorrectSetValues
                0x00000000       0xc2 PWM_Program.o
 .text.GetNearestVal
                0x00000000       0x92 PWM_Program.o
 .debug_info    0x00000000      0x48e PWM_Program.o
 .debug_abbrev  0x00000000      0x180 PWM_Program.o
 .debug_loc     0x00000000      0x1e1 PWM_Program.o
 .debug_aranges
                0x00000000       0x48 PWM_Program.o
 .debug_ranges  0x00000000       0x38 PWM_Program.o
 .debug_line    0x00000000      0x45a PWM_Program.o
 .debug_str     0x00000000      0x688 PWM_Program.o
 .comment       0x00000000       0x31 PWM_Program.o
 .debug_frame   0x00000000       0xe8 PWM_Program.o
 .text          0x00000000        0x0 ServoMotor.o
 .data          0x00000000        0x0 ServoMotor.o
 .bss           0x00000000        0x0 ServoMotor.o
 .data.__InternalDriverServoMotor__
                0x00000000        0x3 ServoMotor.o
 .text.Servo_voidInit
                0x00000000       0x4a ServoMotor.o
 .text.Servo_voidWrite
                0x00000000      0x126 ServoMotor.o
 .debug_info    0x00000000      0x2b6 ServoMotor.o
 .debug_abbrev  0x00000000       0xc1 ServoMotor.o
 .debug_loc     0x00000000       0x8f ServoMotor.o
 .debug_aranges
                0x00000000       0x28 ServoMotor.o
 .debug_ranges  0x00000000       0x18 ServoMotor.o
 .debug_line    0x00000000       0xf8 ServoMotor.o
 .debug_str     0x00000000      0x5cd ServoMotor.o
 .comment       0x00000000       0x31 ServoMotor.o
 .debug_frame   0x00000000       0x54 ServoMotor.o
 .text          0x00000000        0x0 SPI_Program.o
 .data          0x00000000        0x0 SPI_Program.o
 .bss           0x00000000        0x0 SPI_Program.o
 .text.MCAL_SPI_voidInit
                0x00000000       0xbe SPI_Program.o
 .text.MCAL_SPI_voidByteExchangeAsynch
                0x00000000       0x5c SPI_Program.o
 .text.MCAL_SPI_voidSendByteAsynch
                0x00000000       0x42 SPI_Program.o
 .text.MCAL_SPI_voidReceiveByteAsynch
                0x00000000       0x4c SPI_Program.o
 .text.MCAL_SPI_voidSendByteSynch
                0x00000000       0x5c SPI_Program.o
 .text.MCAL_SPI_voidReceiveByteSynch
                0x00000000       0x4c SPI_Program.o
 .text.MCAL_SPI_voidEnableInterrupt
                0x00000000       0x56 SPI_Program.o
 .text.MCAL_SPI_voidDisableInterrupt
                0x00000000       0x36 SPI_Program.o
 .text          0x00000000        0x0 TIMERS_Program.o
 .data          0x00000000        0x0 TIMERS_Program.o
 .bss           0x00000000        0x0 TIMERS_Program.o
 .bss.GLOBAL_ptrToTimer0UserConf
                0x00000000        0x2 TIMERS_Program.o
 .bss.Timer0Prescaler
                0x00000000        0x2 TIMERS_Program.o
 .bss.GLOBAL_ptrToTimer1UserConf
                0x00000000        0x2 TIMERS_Program.o
 .bss.Timer1Prescaler
                0x00000000        0x2 TIMERS_Program.o
 .bss.Timer2Prescaler
                0x00000000        0x2 TIMERS_Program.o
 .text.Timer_voidInitTimer0
                0x00000000       0xca TIMERS_Program.o
 .text.Timer_voidInitTimer2
                0x00000000      0x1aa TIMERS_Program.o
 .progmem.gcc_sw_table.Timer_voidInitTimer2
                0x00000000       0x10 TIMERS_Program.o
 .text.Timer_voidInitTimer1
                0x00000000       0xac TIMERS_Program.o
 .text.Timer_voidStartTimer
                0x00000000      0x11e TIMERS_Program.o
 .text.Timer_u8GetCounterTimer
                0x00000000       0xc4 TIMERS_Program.o
 .text.Timer_u8SetCounterTimer
                0x00000000       0xce TIMERS_Program.o
 .text.Timer_voidSetBusyWait_ms
                0x00000000      0x38a TIMERS_Program.o
 .text.Timer_voidSetBusyWait_us
                0x00000000      0x380 TIMERS_Program.o
 .text.Timer_voidSetOVInterrupState
                0x00000000       0xd0 TIMERS_Program.o
 .text.Timer_voidSetOverflowCallback
                0x00000000       0x6a TIMERS_Program.o
 .text.Timer_voidSetCompareValue
                0x00000000       0x5a TIMERS_Program.o
 .text.Timer_voidSetCompareMatchCallback
                0x00000000       0x54 TIMERS_Program.o
 .text.Timer_voidSetCompMatchInterrupState
                0x00000000       0x6a TIMERS_Program.o
 .text.Timer_voidSetIntervalSingleMS
                0x00000000      0x15c TIMERS_Program.o
 .text.Timer_voidSetIntervalPeriodicMS
                0x00000000      0x15a TIMERS_Program.o
 .text.Timer_voidOutputPinMode
                0x00000000       0x60 TIMERS_Program.o
 .text.Timer_voidGenerateSignal
                0x00000000      0x228 TIMERS_Program.o
 .text.Timer_voidInputCaptureTicksSynch
                0x00000000      0x10c TIMERS_Program.o
 .text.Timer_voidInputCaptureInterrupt
                0x00000000       0x7e TIMERS_Program.o
 .text.Timer_voidGetFlagsRegStatus
                0x00000000       0x2a TIMERS_Program.o
 .text.Timer_u16GetBestFitValue
                0x00000000      0x11e TIMERS_Program.o
 .text          0x00000000        0x0 USART_Program.o
 .data          0x00000000        0x0 USART_Program.o
 .bss           0x00000000        0x0 USART_Program.o
 .bss.Global_uartcfg
                0x00000000        0x2 USART_Program.o
 .text.MCAL_USART_init
                0x00000000      0x18c USART_Program.o
 .text.MCAL_USART_TxByteSynch
                0x00000000       0x3e USART_Program.o
 .text.MCAL_USART_TxSynch
                0x00000000      0x10c USART_Program.o
 .text.MCAL_USART_RxByteSynch
                0x00000000       0x38 USART_Program.o
 .text.MCAL_USART_RxSynch
                0x00000000       0xde USART_Program.o
 .text.MCAL_USART_TxChar
                0x00000000       0x1c USART_Program.o
 .text.MCAL_USART_SendString
                0x00000000       0x54 USART_Program.o
 .text.MCAL_u8PrivateEffectiveData
                0x00000000       0x66 USART_Program.o
 .text.MCAL_USART_TxByteAsynch
                0x00000000       0x48 USART_Program.o
 .text.MCAL_USART_RxByteAsynch
                0x00000000       0x38 USART_Program.o
 .text.MCAL_voidDisableTxInterrupt
                0x00000000       0x22 USART_Program.o
 .text.MCAL_voidDisableRxInterrupt
                0x00000000       0x22 USART_Program.o
 .text.MCAL_USART_GetFlagState
                0x00000000      0x13c USART_Program.o
 .text          0x00000000        0x0 WDT_Program.o
 .data          0x00000000        0x0 WDT_Program.o
 .bss           0x00000000        0x0 WDT_Program.o
 .text.WDT_voidStart
                0x00000000       0x42 WDT_Program.o
 .text.WDT_voidStop
                0x00000000       0x2a WDT_Program.o
 .debug_info    0x00000000       0xd0 WDT_Program.o
 .debug_abbrev  0x00000000       0x94 WDT_Program.o
 .debug_loc     0x00000000       0x83 WDT_Program.o
 .debug_aranges
                0x00000000       0x28 WDT_Program.o
 .debug_ranges  0x00000000       0x18 WDT_Program.o
 .debug_line    0x00000000       0x9b WDT_Program.o
 .debug_str     0x00000000      0x211 WDT_Program.o
 .comment       0x00000000       0x31 WDT_Program.o
 .debug_frame   0x00000000       0x54 WDT_Program.o
 .text          0x00000000        0x0 _7Segment.o
 .data          0x00000000        0x0 _7Segment.o
 .bss           0x00000000        0x0 _7Segment.o
 .data.arr_ofFunctions
                0x00000000       0x14 _7Segment.o
 .text.HAL_7SegmentInit
                0x00000000      0x148 _7Segment.o
 .text.HAL_7SegmentWriteNumber
                0x00000000       0x66 _7Segment.o
 .text._7sevenSegmentErrorChecking
                0x00000000       0x52 _7Segment.o
 .text._7SegZero
                0x00000000      0x1a0 _7Segment.o
 .text._7SegOne
                0x00000000      0x1d2 _7Segment.o
 .text._7SegTwo
                0x00000000      0x1b4 _7Segment.o
 .text._7SegThree
                0x00000000      0x1be _7Segment.o
 .text._7SegFour
                0x00000000      0x1be _7Segment.o
 .text._7SegFive
                0x00000000      0x1be _7Segment.o
 .text._7SegSix
                0x00000000      0x1b4 _7Segment.o
 .text._7SegSeven
                0x00000000      0x1dc _7Segment.o
 .text._7SegEight
                0x00000000      0x1a0 _7Segment.o
 .text._7SegNine
                0x00000000      0x1b4 _7Segment.o
 .debug_info    0x00000000      0x466 _7Segment.o
 .debug_abbrev  0x00000000      0x12d _7Segment.o
 .debug_loc     0x00000000      0x3a8 _7Segment.o
 .debug_aranges
                0x00000000       0x80 _7Segment.o
 .debug_ranges  0x00000000       0x70 _7Segment.o
 .debug_line    0x00000000      0x5d3 _7Segment.o
 .debug_str     0x00000000      0x3e2 _7Segment.o
 .comment       0x00000000       0x31 _7Segment.o
 .debug_frame   0x00000000      0x1b4 _7Segment.o
 .text          0x00000000        0x0 c:/program files (x86)/atmel/studio/7.0/toolchain/avr8/avr8-gnu-toolchain/bin/../lib/gcc/avr/5.4.0/../../../../avr/lib/avr5\libm.a(addsf3.o)
 .data          0x00000000        0x0 c:/program files (x86)/atmel/studio/7.0/toolchain/avr8/avr8-gnu-toolchain/bin/../lib/gcc/avr/5.4.0/../../../../avr/lib/avr5\libm.a(addsf3.o)
 .bss           0x00000000        0x0 c:/program files (x86)/atmel/studio/7.0/toolchain/avr8/avr8-gnu-toolchain/bin/../lib/gcc/avr/5.4.0/../../../../avr/lib/avr5\libm.a(addsf3.o)
 .text.avr-libc.fplib
                0x00000000        0xe c:/program files (x86)/atmel/studio/7.0/toolchain/avr8/avr8-gnu-toolchain/bin/../lib/gcc/avr/5.4.0/../../../../avr/lib/avr5\libm.a(addsf3.o)
 .text          0x00000000        0x0 c:/program files (x86)/atmel/studio/7.0/toolchain/avr8/avr8-gnu-toolchain/bin/../lib/gcc/avr/5.4.0/../../../../avr/lib/avr5\libm.a(addsf3x.o)
 .data          0x00000000        0x0 c:/program files (x86)/atmel/studio/7.0/toolchain/avr8/avr8-gnu-toolchain/bin/../lib/gcc/avr/5.4.0/../../../../avr/lib/avr5\libm.a(addsf3x.o)
 .bss           0x00000000        0x0 c:/program files (x86)/atmel/studio/7.0/toolchain/avr8/avr8-gnu-toolchain/bin/../lib/gcc/avr/5.4.0/../../../../avr/lib/avr5\libm.a(addsf3x.o)
 .text.avr-libc.fplib
                0x00000000       0xcc c:/program files (x86)/atmel/studio/7.0/toolchain/avr8/avr8-gnu-toolchain/bin/../lib/gcc/avr/5.4.0/../../../../avr/lib/avr5\libm.a(addsf3x.o)
 .text          0x00000000        0x0 c:/program files (x86)/atmel/studio/7.0/toolchain/avr8/avr8-gnu-toolchain/bin/../lib/gcc/avr/5.4.0/../../../../avr/lib/avr5\libm.a(cmpsf2.o)
 .data          0x00000000        0x0 c:/program files (x86)/atmel/studio/7.0/toolchain/avr8/avr8-gnu-toolchain/bin/../lib/gcc/avr/5.4.0/../../../../avr/lib/avr5\libm.a(cmpsf2.o)
 .bss           0x00000000        0x0 c:/program files (x86)/atmel/studio/7.0/toolchain/avr8/avr8-gnu-toolchain/bin/../lib/gcc/avr/5.4.0/../../../../avr/lib/avr5\libm.a(cmpsf2.o)
 .text          0x00000000        0x0 c:/program files (x86)/atmel/studio/7.0/toolchain/avr8/avr8-gnu-toolchain/bin/../lib/gcc/avr/5.4.0/../../../../avr/lib/avr5\libm.a(divsf3.o)
 .data          0x00000000        0x0 c:/program files (x86)/atmel/studio/7.0/toolchain/avr8/avr8-gnu-toolchain/bin/../lib/gcc/avr/5.4.0/../../../../avr/lib/avr5\libm.a(divsf3.o)
 .bss           0x00000000        0x0 c:/program files (x86)/atmel/studio/7.0/toolchain/avr8/avr8-gnu-toolchain/bin/../lib/gcc/avr/5.4.0/../../../../avr/lib/avr5\libm.a(divsf3.o)
 .text          0x00000000        0x0 c:/program files (x86)/atmel/studio/7.0/toolchain/avr8/avr8-gnu-toolchain/bin/../lib/gcc/avr/5.4.0/../../../../avr/lib/avr5\libm.a(divsf3x.o)
 .data          0x00000000        0x0 c:/program files (x86)/atmel/studio/7.0/toolchain/avr8/avr8-gnu-toolchain/bin/../lib/gcc/avr/5.4.0/../../../../avr/lib/avr5\libm.a(divsf3x.o)
 .bss           0x00000000        0x0 c:/program files (x86)/atmel/studio/7.0/toolchain/avr8/avr8-gnu-toolchain/bin/../lib/gcc/avr/5.4.0/../../../../avr/lib/avr5\libm.a(divsf3x.o)
 .text          0x00000000        0x0 c:/program files (x86)/atmel/studio/7.0/toolchain/avr8/avr8-gnu-toolchain/bin/../lib/gcc/avr/5.4.0/../../../../avr/lib/avr5\libm.a(fixsfsi.o)
 .data          0x00000000        0x0 c:/program files (x86)/atmel/studio/7.0/toolchain/avr8/avr8-gnu-toolchain/bin/../lib/gcc/avr/5.4.0/../../../../avr/lib/avr5\libm.a(fixsfsi.o)
 .bss           0x00000000        0x0 c:/program files (x86)/atmel/studio/7.0/toolchain/avr8/avr8-gnu-toolchain/bin/../lib/gcc/avr/5.4.0/../../../../avr/lib/avr5\libm.a(fixsfsi.o)
 .text          0x00000000        0x0 c:/program files (x86)/atmel/studio/7.0/toolchain/avr8/avr8-gnu-toolchain/bin/../lib/gcc/avr/5.4.0/../../../../avr/lib/avr5\libm.a(fixunssfsi.o)
 .data          0x00000000        0x0 c:/program files (x86)/atmel/studio/7.0/toolchain/avr8/avr8-gnu-toolchain/bin/../lib/gcc/avr/5.4.0/../../../../avr/lib/avr5\libm.a(fixunssfsi.o)
 .bss           0x00000000        0x0 c:/program files (x86)/atmel/studio/7.0/toolchain/avr8/avr8-gnu-toolchain/bin/../lib/gcc/avr/5.4.0/../../../../avr/lib/avr5\libm.a(fixunssfsi.o)
 .text          0x00000000        0x0 c:/program files (x86)/atmel/studio/7.0/toolchain/avr8/avr8-gnu-toolchain/bin/../lib/gcc/avr/5.4.0/../../../../avr/lib/avr5\libm.a(floatsisf.o)
 .data          0x00000000        0x0 c:/program files (x86)/atmel/studio/7.0/toolchain/avr8/avr8-gnu-toolchain/bin/../lib/gcc/avr/5.4.0/../../../../avr/lib/avr5\libm.a(floatsisf.o)
 .bss           0x00000000        0x0 c:/program files (x86)/atmel/studio/7.0/toolchain/avr8/avr8-gnu-toolchain/bin/../lib/gcc/avr/5.4.0/../../../../avr/lib/avr5\libm.a(floatsisf.o)
 .text          0x00000000        0x0 c:/program files (x86)/atmel/studio/7.0/toolchain/avr8/avr8-gnu-toolchain/bin/../lib/gcc/avr/5.4.0/../../../../avr/lib/avr5\libm.a(fp_cmp.o)
 .data          0x00000000        0x0 c:/program files (x86)/atmel/studio/7.0/toolchain/avr8/avr8-gnu-toolchain/bin/../lib/gcc/avr/5.4.0/../../../../avr/lib/avr5\libm.a(fp_cmp.o)
 .bss           0x00000000        0x0 c:/program files (x86)/atmel/studio/7.0/toolchain/avr8/avr8-gnu-toolchain/bin/../lib/gcc/avr/5.4.0/../../../../avr/lib/avr5\libm.a(fp_cmp.o)
 .text          0x00000000        0x0 c:/program files (x86)/atmel/studio/7.0/toolchain/avr8/avr8-gnu-toolchain/bin/../lib/gcc/avr/5.4.0/../../../../avr/lib/avr5\libm.a(fp_inf.o)
 .data          0x00000000        0x0 c:/program files (x86)/atmel/studio/7.0/toolchain/avr8/avr8-gnu-toolchain/bin/../lib/gcc/avr/5.4.0/../../../../avr/lib/avr5\libm.a(fp_inf.o)
 .bss           0x00000000        0x0 c:/program files (x86)/atmel/studio/7.0/toolchain/avr8/avr8-gnu-toolchain/bin/../lib/gcc/avr/5.4.0/../../../../avr/lib/avr5\libm.a(fp_inf.o)
 .text          0x00000000        0x0 c:/program files (x86)/atmel/studio/7.0/toolchain/avr8/avr8-gnu-toolchain/bin/../lib/gcc/avr/5.4.0/../../../../avr/lib/avr5\libm.a(fp_nan.o)
 .data          0x00000000        0x0 c:/program files (x86)/atmel/studio/7.0/toolchain/avr8/avr8-gnu-toolchain/bin/../lib/gcc/avr/5.4.0/../../../../avr/lib/avr5\libm.a(fp_nan.o)
 .bss           0x00000000        0x0 c:/program files (x86)/atmel/studio/7.0/toolchain/avr8/avr8-gnu-toolchain/bin/../lib/gcc/avr/5.4.0/../../../../avr/lib/avr5\libm.a(fp_nan.o)
 .text          0x00000000        0x0 c:/program files (x86)/atmel/studio/7.0/toolchain/avr8/avr8-gnu-toolchain/bin/../lib/gcc/avr/5.4.0/../../../../avr/lib/avr5\libm.a(fp_pscA.o)
 .data          0x00000000        0x0 c:/program files (x86)/atmel/studio/7.0/toolchain/avr8/avr8-gnu-toolchain/bin/../lib/gcc/avr/5.4.0/../../../../avr/lib/avr5\libm.a(fp_pscA.o)
 .bss           0x00000000        0x0 c:/program files (x86)/atmel/studio/7.0/toolchain/avr8/avr8-gnu-toolchain/bin/../lib/gcc/avr/5.4.0/../../../../avr/lib/avr5\libm.a(fp_pscA.o)
 .text          0x00000000        0x0 c:/program files (x86)/atmel/studio/7.0/toolchain/avr8/avr8-gnu-toolchain/bin/../lib/gcc/avr/5.4.0/../../../../avr/lib/avr5\libm.a(fp_pscB.o)
 .data          0x00000000        0x0 c:/program files (x86)/atmel/studio/7.0/toolchain/avr8/avr8-gnu-toolchain/bin/../lib/gcc/avr/5.4.0/../../../../avr/lib/avr5\libm.a(fp_pscB.o)
 .bss           0x00000000        0x0 c:/program files (x86)/atmel/studio/7.0/toolchain/avr8/avr8-gnu-toolchain/bin/../lib/gcc/avr/5.4.0/../../../../avr/lib/avr5\libm.a(fp_pscB.o)
 .text          0x00000000        0x0 c:/program files (x86)/atmel/studio/7.0/toolchain/avr8/avr8-gnu-toolchain/bin/../lib/gcc/avr/5.4.0/../../../../avr/lib/avr5\libm.a(fp_round.o)
 .data          0x00000000        0x0 c:/program files (x86)/atmel/studio/7.0/toolchain/avr8/avr8-gnu-toolchain/bin/../lib/gcc/avr/5.4.0/../../../../avr/lib/avr5\libm.a(fp_round.o)
 .bss           0x00000000        0x0 c:/program files (x86)/atmel/studio/7.0/toolchain/avr8/avr8-gnu-toolchain/bin/../lib/gcc/avr/5.4.0/../../../../avr/lib/avr5\libm.a(fp_round.o)
 .text          0x00000000        0x0 c:/program files (x86)/atmel/studio/7.0/toolchain/avr8/avr8-gnu-toolchain/bin/../lib/gcc/avr/5.4.0/../../../../avr/lib/avr5\libm.a(fp_split3.o)
 .data          0x00000000        0x0 c:/program files (x86)/atmel/studio/7.0/toolchain/avr8/avr8-gnu-toolchain/bin/../lib/gcc/avr/5.4.0/../../../../avr/lib/avr5\libm.a(fp_split3.o)
 .bss           0x00000000        0x0 c:/program files (x86)/atmel/studio/7.0/toolchain/avr8/avr8-gnu-toolchain/bin/../lib/gcc/avr/5.4.0/../../../../avr/lib/avr5\libm.a(fp_split3.o)
 .text          0x00000000        0x0 c:/program files (x86)/atmel/studio/7.0/toolchain/avr8/avr8-gnu-toolchain/bin/../lib/gcc/avr/5.4.0/../../../../avr/lib/avr5\libm.a(fp_zero.o)
 .data          0x00000000        0x0 c:/program files (x86)/atmel/studio/7.0/toolchain/avr8/avr8-gnu-toolchain/bin/../lib/gcc/avr/5.4.0/../../../../avr/lib/avr5\libm.a(fp_zero.o)
 .bss           0x00000000        0x0 c:/program files (x86)/atmel/studio/7.0/toolchain/avr8/avr8-gnu-toolchain/bin/../lib/gcc/avr/5.4.0/../../../../avr/lib/avr5\libm.a(fp_zero.o)
 .text          0x00000000        0x0 c:/program files (x86)/atmel/studio/7.0/toolchain/avr8/avr8-gnu-toolchain/bin/../lib/gcc/avr/5.4.0/../../../../avr/lib/avr5\libm.a(gesf2.o)
 .data          0x00000000        0x0 c:/program files (x86)/atmel/studio/7.0/toolchain/avr8/avr8-gnu-toolchain/bin/../lib/gcc/avr/5.4.0/../../../../avr/lib/avr5\libm.a(gesf2.o)
 .bss           0x00000000        0x0 c:/program files (x86)/atmel/studio/7.0/toolchain/avr8/avr8-gnu-toolchain/bin/../lib/gcc/avr/5.4.0/../../../../avr/lib/avr5\libm.a(gesf2.o)
 .text          0x00000000        0x0 c:/program files (x86)/atmel/studio/7.0/toolchain/avr8/avr8-gnu-toolchain/bin/../lib/gcc/avr/5.4.0/../../../../avr/lib/avr5\libm.a(mulsf3.o)
 .data          0x00000000        0x0 c:/program files (x86)/atmel/studio/7.0/toolchain/avr8/avr8-gnu-toolchain/bin/../lib/gcc/avr/5.4.0/../../../../avr/lib/avr5\libm.a(mulsf3.o)
 .bss           0x00000000        0x0 c:/program files (x86)/atmel/studio/7.0/toolchain/avr8/avr8-gnu-toolchain/bin/../lib/gcc/avr/5.4.0/../../../../avr/lib/avr5\libm.a(mulsf3.o)
 .text          0x00000000        0x0 c:/program files (x86)/atmel/studio/7.0/toolchain/avr8/avr8-gnu-toolchain/bin/../lib/gcc/avr/5.4.0/../../../../avr/lib/avr5\libm.a(mulsf3x.o)
 .data          0x00000000        0x0 c:/program files (x86)/atmel/studio/7.0/toolchain/avr8/avr8-gnu-toolchain/bin/../lib/gcc/avr/5.4.0/../../../../avr/lib/avr5\libm.a(mulsf3x.o)
 .bss           0x00000000        0x0 c:/program files (x86)/atmel/studio/7.0/toolchain/avr8/avr8-gnu-toolchain/bin/../lib/gcc/avr/5.4.0/../../../../avr/lib/avr5\libm.a(mulsf3x.o)
 .text          0x00000000        0x0 c:/program files (x86)/atmel/studio/7.0/toolchain/avr8/avr8-gnu-toolchain/bin/../lib/gcc/avr/5.4.0/avr5\libgcc.a(_mulsi3.o)
 .data          0x00000000        0x0 c:/program files (x86)/atmel/studio/7.0/toolchain/avr8/avr8-gnu-toolchain/bin/../lib/gcc/avr/5.4.0/avr5\libgcc.a(_mulsi3.o)
 .bss           0x00000000        0x0 c:/program files (x86)/atmel/studio/7.0/toolchain/avr8/avr8-gnu-toolchain/bin/../lib/gcc/avr/5.4.0/avr5\libgcc.a(_mulsi3.o)
 .text.libgcc.mul
                0x00000000       0x20 c:/program files (x86)/atmel/studio/7.0/toolchain/avr8/avr8-gnu-toolchain/bin/../lib/gcc/avr/5.4.0/avr5\libgcc.a(_mulsi3.o)
 .text.libgcc.div
                0x00000000        0x0 c:/program files (x86)/atmel/studio/7.0/toolchain/avr8/avr8-gnu-toolchain/bin/../lib/gcc/avr/5.4.0/avr5\libgcc.a(_mulsi3.o)
 .text.libgcc   0x00000000        0x0 c:/program files (x86)/atmel/studio/7.0/toolchain/avr8/avr8-gnu-toolchain/bin/../lib/gcc/avr/5.4.0/avr5\libgcc.a(_mulsi3.o)
 .text.libgcc.prologue
                0x00000000        0x0 c:/program files (x86)/atmel/studio/7.0/toolchain/avr8/avr8-gnu-toolchain/bin/../lib/gcc/avr/5.4.0/avr5\libgcc.a(_mulsi3.o)
 .text.libgcc.builtins
                0x00000000        0x0 c:/program files (x86)/atmel/studio/7.0/toolchain/avr8/avr8-gnu-toolchain/bin/../lib/gcc/avr/5.4.0/avr5\libgcc.a(_mulsi3.o)
 .text.libgcc.fmul
                0x00000000        0x0 c:/program files (x86)/atmel/studio/7.0/toolchain/avr8/avr8-gnu-toolchain/bin/../lib/gcc/avr/5.4.0/avr5\libgcc.a(_mulsi3.o)
 .text.libgcc.fixed
                0x00000000        0x0 c:/program files (x86)/atmel/studio/7.0/toolchain/avr8/avr8-gnu-toolchain/bin/../lib/gcc/avr/5.4.0/avr5\libgcc.a(_mulsi3.o)
 .text          0x00000000        0x0 c:/program files (x86)/atmel/studio/7.0/toolchain/avr8/avr8-gnu-toolchain/bin/../lib/gcc/avr/5.4.0/avr5\libgcc.a(_divmodhi4.o)
 .data          0x00000000        0x0 c:/program files (x86)/atmel/studio/7.0/toolchain/avr8/avr8-gnu-toolchain/bin/../lib/gcc/avr/5.4.0/avr5\libgcc.a(_divmodhi4.o)
 .bss           0x00000000        0x0 c:/program files (x86)/atmel/studio/7.0/toolchain/avr8/avr8-gnu-toolchain/bin/../lib/gcc/avr/5.4.0/avr5\libgcc.a(_divmodhi4.o)
 .text.libgcc.mul
                0x00000000        0x0 c:/program files (x86)/atmel/studio/7.0/toolchain/avr8/avr8-gnu-toolchain/bin/../lib/gcc/avr/5.4.0/avr5\libgcc.a(_divmodhi4.o)
 .text.libgcc.div
                0x00000000       0x28 c:/program files (x86)/atmel/studio/7.0/toolchain/avr8/avr8-gnu-toolchain/bin/../lib/gcc/avr/5.4.0/avr5\libgcc.a(_divmodhi4.o)
 .text.libgcc   0x00000000        0x0 c:/program files (x86)/atmel/studio/7.0/toolchain/avr8/avr8-gnu-toolchain/bin/../lib/gcc/avr/5.4.0/avr5\libgcc.a(_divmodhi4.o)
 .text.libgcc.prologue
                0x00000000        0x0 c:/program files (x86)/atmel/studio/7.0/toolchain/avr8/avr8-gnu-toolchain/bin/../lib/gcc/avr/5.4.0/avr5\libgcc.a(_divmodhi4.o)
 .text.libgcc.builtins
                0x00000000        0x0 c:/program files (x86)/atmel/studio/7.0/toolchain/avr8/avr8-gnu-toolchain/bin/../lib/gcc/avr/5.4.0/avr5\libgcc.a(_divmodhi4.o)
 .text.libgcc.fmul
                0x00000000        0x0 c:/program files (x86)/atmel/studio/7.0/toolchain/avr8/avr8-gnu-toolchain/bin/../lib/gcc/avr/5.4.0/avr5\libgcc.a(_divmodhi4.o)
 .text.libgcc.fixed
                0x00000000        0x0 c:/program files (x86)/atmel/studio/7.0/toolchain/avr8/avr8-gnu-toolchain/bin/../lib/gcc/avr/5.4.0/avr5\libgcc.a(_divmodhi4.o)
 .text          0x00000000        0x0 c:/program files (x86)/atmel/studio/7.0/toolchain/avr8/avr8-gnu-toolchain/bin/../lib/gcc/avr/5.4.0/avr5\libgcc.a(_udivmodsi4.o)
 .data          0x00000000        0x0 c:/program files (x86)/atmel/studio/7.0/toolchain/avr8/avr8-gnu-toolchain/bin/../lib/gcc/avr/5.4.0/avr5\libgcc.a(_udivmodsi4.o)
 .bss           0x00000000        0x0 c:/program files (x86)/atmel/studio/7.0/toolchain/avr8/avr8-gnu-toolchain/bin/../lib/gcc/avr/5.4.0/avr5\libgcc.a(_udivmodsi4.o)
 .text.libgcc.mul
                0x00000000        0x0 c:/program files (x86)/atmel/studio/7.0/toolchain/avr8/avr8-gnu-toolchain/bin/../lib/gcc/avr/5.4.0/avr5\libgcc.a(_udivmodsi4.o)
 .text.libgcc.div
                0x00000000       0x44 c:/program files (x86)/atmel/studio/7.0/toolchain/avr8/avr8-gnu-toolchain/bin/../lib/gcc/avr/5.4.0/avr5\libgcc.a(_udivmodsi4.o)
 .text.libgcc   0x00000000        0x0 c:/program files (x86)/atmel/studio/7.0/toolchain/avr8/avr8-gnu-toolchain/bin/../lib/gcc/avr/5.4.0/avr5\libgcc.a(_udivmodsi4.o)
 .text.libgcc.prologue
                0x00000000        0x0 c:/program files (x86)/atmel/studio/7.0/toolchain/avr8/avr8-gnu-toolchain/bin/../lib/gcc/avr/5.4.0/avr5\libgcc.a(_udivmodsi4.o)
 .text.libgcc.builtins
                0x00000000        0x0 c:/program files (x86)/atmel/studio/7.0/toolchain/avr8/avr8-gnu-toolchain/bin/../lib/gcc/avr/5.4.0/avr5\libgcc.a(_udivmodsi4.o)
 .text.libgcc.fmul
                0x00000000        0x0 c:/program files (x86)/atmel/studio/7.0/toolchain/avr8/avr8-gnu-toolchain/bin/../lib/gcc/avr/5.4.0/avr5\libgcc.a(_udivmodsi4.o)
 .text.libgcc.fixed
                0x00000000        0x0 c:/program files (x86)/atmel/studio/7.0/toolchain/avr8/avr8-gnu-toolchain/bin/../lib/gcc/avr/5.4.0/avr5\libgcc.a(_udivmodsi4.o)
 .text          0x00000000        0x0 c:/program files (x86)/atmel/studio/7.0/toolchain/avr8/avr8-gnu-toolchain/bin/../lib/gcc/avr/5.4.0/avr5\libgcc.a(_exit.o)
 .data          0x00000000        0x0 c:/program files (x86)/atmel/studio/7.0/toolchain/avr8/avr8-gnu-toolchain/bin/../lib/gcc/avr/5.4.0/avr5\libgcc.a(_exit.o)
 .bss           0x00000000        0x0 c:/program files (x86)/atmel/studio/7.0/toolchain/avr8/avr8-gnu-toolchain/bin/../lib/gcc/avr/5.4.0/avr5\libgcc.a(_exit.o)
 .text.libgcc.mul
                0x00000000        0x0 c:/program files (x86)/atmel/studio/7.0/toolchain/avr8/avr8-gnu-toolchain/bin/../lib/gcc/avr/5.4.0/avr5\libgcc.a(_exit.o)
 .text.libgcc.div
                0x00000000        0x0 c:/program files (x86)/atmel/studio/7.0/toolchain/avr8/avr8-gnu-toolchain/bin/../lib/gcc/avr/5.4.0/avr5\libgcc.a(_exit.o)
 .text.libgcc   0x00000000        0x0 c:/program files (x86)/atmel/studio/7.0/toolchain/avr8/avr8-gnu-toolchain/bin/../lib/gcc/avr/5.4.0/avr5\libgcc.a(_exit.o)
 .text.libgcc.prologue
                0x00000000        0x0 c:/program files (x86)/atmel/studio/7.0/toolchain/avr8/avr8-gnu-toolchain/bin/../lib/gcc/avr/5.4.0/avr5\libgcc.a(_exit.o)
 .text.libgcc.builtins
                0x00000000        0x0 c:/program files (x86)/atmel/studio/7.0/toolchain/avr8/avr8-gnu-toolchain/bin/../lib/gcc/avr/5.4.0/avr5\libgcc.a(_exit.o)
 .text.libgcc.fmul
                0x00000000        0x0 c:/program files (x86)/atmel/studio/7.0/toolchain/avr8/avr8-gnu-toolchain/bin/../lib/gcc/avr/5.4.0/avr5\libgcc.a(_exit.o)
 .text.libgcc.fixed
                0x00000000        0x0 c:/program files (x86)/atmel/studio/7.0/toolchain/avr8/avr8-gnu-toolchain/bin/../lib/gcc/avr/5.4.0/avr5\libgcc.a(_exit.o)
 .text          0x00000000        0x0 c:/program files (x86)/atmel/studio/7.0/toolchain/avr8/avr8-gnu-toolchain/bin/../lib/gcc/avr/5.4.0/avr5\libgcc.a(_tablejump2.o)
 .data          0x00000000        0x0 c:/program files (x86)/atmel/studio/7.0/toolchain/avr8/avr8-gnu-toolchain/bin/../lib/gcc/avr/5.4.0/avr5\libgcc.a(_tablejump2.o)
 .bss           0x00000000        0x0 c:/program files (x86)/atmel/studio/7.0/toolchain/avr8/avr8-gnu-toolchain/bin/../lib/gcc/avr/5.4.0/avr5\libgcc.a(_tablejump2.o)
 .text.libgcc.mul
                0x00000000        0x0 c:/program files (x86)/atmel/studio/7.0/toolchain/avr8/avr8-gnu-toolchain/bin/../lib/gcc/avr/5.4.0/avr5\libgcc.a(_tablejump2.o)
 .text.libgcc.div
                0x00000000        0x0 c:/program files (x86)/atmel/studio/7.0/toolchain/avr8/avr8-gnu-toolchain/bin/../lib/gcc/avr/5.4.0/avr5\libgcc.a(_tablejump2.o)
 .text.libgcc   0x00000000        0xc c:/program files (x86)/atmel/studio/7.0/toolchain/avr8/avr8-gnu-toolchain/bin/../lib/gcc/avr/5.4.0/avr5\libgcc.a(_tablejump2.o)
 .text.libgcc.prologue
                0x00000000        0x0 c:/program files (x86)/atmel/studio/7.0/toolchain/avr8/avr8-gnu-toolchain/bin/../lib/gcc/avr/5.4.0/avr5\libgcc.a(_tablejump2.o)
 .text.libgcc.builtins
                0x00000000        0x0 c:/program files (x86)/atmel/studio/7.0/toolchain/avr8/avr8-gnu-toolchain/bin/../lib/gcc/avr/5.4.0/avr5\libgcc.a(_tablejump2.o)
 .text.libgcc.fmul
                0x00000000        0x0 c:/program files (x86)/atmel/studio/7.0/toolchain/avr8/avr8-gnu-toolchain/bin/../lib/gcc/avr/5.4.0/avr5\libgcc.a(_tablejump2.o)
 .text.libgcc.fixed
                0x00000000        0x0 c:/program files (x86)/atmel/studio/7.0/toolchain/avr8/avr8-gnu-toolchain/bin/../lib/gcc/avr/5.4.0/avr5\libgcc.a(_tablejump2.o)
 .text          0x00000000        0x0 c:/program files (x86)/atmel/studio/7.0/toolchain/avr8/avr8-gnu-toolchain/bin/../lib/gcc/avr/5.4.0/avr5\libgcc.a(_copy_data.o)
 .data          0x00000000        0x0 c:/program files (x86)/atmel/studio/7.0/toolchain/avr8/avr8-gnu-toolchain/bin/../lib/gcc/avr/5.4.0/avr5\libgcc.a(_copy_data.o)
 .bss           0x00000000        0x0 c:/program files (x86)/atmel/studio/7.0/toolchain/avr8/avr8-gnu-toolchain/bin/../lib/gcc/avr/5.4.0/avr5\libgcc.a(_copy_data.o)
 .text.libgcc.mul
                0x00000000        0x0 c:/program files (x86)/atmel/studio/7.0/toolchain/avr8/avr8-gnu-toolchain/bin/../lib/gcc/avr/5.4.0/avr5\libgcc.a(_copy_data.o)
 .text.libgcc.div
                0x00000000        0x0 c:/program files (x86)/atmel/studio/7.0/toolchain/avr8/avr8-gnu-toolchain/bin/../lib/gcc/avr/5.4.0/avr5\libgcc.a(_copy_data.o)
 .text.libgcc   0x00000000        0x0 c:/program files (x86)/atmel/studio/7.0/toolchain/avr8/avr8-gnu-toolchain/bin/../lib/gcc/avr/5.4.0/avr5\libgcc.a(_copy_data.o)
 .text.libgcc.prologue
                0x00000000        0x0 c:/program files (x86)/atmel/studio/7.0/toolchain/avr8/avr8-gnu-toolchain/bin/../lib/gcc/avr/5.4.0/avr5\libgcc.a(_copy_data.o)
 .text.libgcc.builtins
                0x00000000        0x0 c:/program files (x86)/atmel/studio/7.0/toolchain/avr8/avr8-gnu-toolchain/bin/../lib/gcc/avr/5.4.0/avr5\libgcc.a(_copy_data.o)
 .text.libgcc.fmul
                0x00000000        0x0 c:/program files (x86)/atmel/studio/7.0/toolchain/avr8/avr8-gnu-toolchain/bin/../lib/gcc/avr/5.4.0/avr5\libgcc.a(_copy_data.o)
 .text.libgcc.fixed
                0x00000000        0x0 c:/program files (x86)/atmel/studio/7.0/toolchain/avr8/avr8-gnu-toolchain/bin/../lib/gcc/avr/5.4.0/avr5\libgcc.a(_copy_data.o)
 .text          0x00000000        0x0 c:/program files (x86)/atmel/studio/7.0/toolchain/avr8/avr8-gnu-toolchain/bin/../lib/gcc/avr/5.4.0/avr5\libgcc.a(_clear_bss.o)
 .data          0x00000000        0x0 c:/program files (x86)/atmel/studio/7.0/toolchain/avr8/avr8-gnu-toolchain/bin/../lib/gcc/avr/5.4.0/avr5\libgcc.a(_clear_bss.o)
 .bss           0x00000000        0x0 c:/program files (x86)/atmel/studio/7.0/toolchain/avr8/avr8-gnu-toolchain/bin/../lib/gcc/avr/5.4.0/avr5\libgcc.a(_clear_bss.o)
 .text.libgcc.mul
                0x00000000        0x0 c:/program files (x86)/atmel/studio/7.0/toolchain/avr8/avr8-gnu-toolchain/bin/../lib/gcc/avr/5.4.0/avr5\libgcc.a(_clear_bss.o)
 .text.libgcc.div
                0x00000000        0x0 c:/program files (x86)/atmel/studio/7.0/toolchain/avr8/avr8-gnu-toolchain/bin/../lib/gcc/avr/5.4.0/avr5\libgcc.a(_clear_bss.o)
 .text.libgcc   0x00000000        0x0 c:/program files (x86)/atmel/studio/7.0/toolchain/avr8/avr8-gnu-toolchain/bin/../lib/gcc/avr/5.4.0/avr5\libgcc.a(_clear_bss.o)
 .text.libgcc.prologue
                0x00000000        0x0 c:/program files (x86)/atmel/studio/7.0/toolchain/avr8/avr8-gnu-toolchain/bin/../lib/gcc/avr/5.4.0/avr5\libgcc.a(_clear_bss.o)
 .text.libgcc.builtins
                0x00000000        0x0 c:/program files (x86)/atmel/studio/7.0/toolchain/avr8/avr8-gnu-toolchain/bin/../lib/gcc/avr/5.4.0/avr5\libgcc.a(_clear_bss.o)
 .text.libgcc.fmul
                0x00000000        0x0 c:/program files (x86)/atmel/studio/7.0/toolchain/avr8/avr8-gnu-toolchain/bin/../lib/gcc/avr/5.4.0/avr5\libgcc.a(_clear_bss.o)
 .text.libgcc.fixed
                0x00000000        0x0 c:/program files (x86)/atmel/studio/7.0/toolchain/avr8/avr8-gnu-toolchain/bin/../lib/gcc/avr/5.4.0/avr5\libgcc.a(_clear_bss.o)
 .text          0x00000000        0x0 c:/program files (x86)/atmel/studio/7.0/toolchain/avr8/avr8-gnu-toolchain/bin/../lib/gcc/avr/5.4.0/avr5\libgcc.a(_umulhisi3.o)
 .data          0x00000000        0x0 c:/program files (x86)/atmel/studio/7.0/toolchain/avr8/avr8-gnu-toolchain/bin/../lib/gcc/avr/5.4.0/avr5\libgcc.a(_umulhisi3.o)
 .bss           0x00000000        0x0 c:/program files (x86)/atmel/studio/7.0/toolchain/avr8/avr8-gnu-toolchain/bin/../lib/gcc/avr/5.4.0/avr5\libgcc.a(_umulhisi3.o)
 .text.libgcc.mul
                0x00000000       0x1e c:/program files (x86)/atmel/studio/7.0/toolchain/avr8/avr8-gnu-toolchain/bin/../lib/gcc/avr/5.4.0/avr5\libgcc.a(_umulhisi3.o)
 .text.libgcc.div
                0x00000000        0x0 c:/program files (x86)/atmel/studio/7.0/toolchain/avr8/avr8-gnu-toolchain/bin/../lib/gcc/avr/5.4.0/avr5\libgcc.a(_umulhisi3.o)
 .text.libgcc   0x00000000        0x0 c:/program files (x86)/atmel/studio/7.0/toolchain/avr8/avr8-gnu-toolchain/bin/../lib/gcc/avr/5.4.0/avr5\libgcc.a(_umulhisi3.o)
 .text.libgcc.prologue
                0x00000000        0x0 c:/program files (x86)/atmel/studio/7.0/toolchain/avr8/avr8-gnu-toolchain/bin/../lib/gcc/avr/5.4.0/avr5\libgcc.a(_umulhisi3.o)
 .text.libgcc.builtins
                0x00000000        0x0 c:/program files (x86)/atmel/studio/7.0/toolchain/avr8/avr8-gnu-toolchain/bin/../lib/gcc/avr/5.4.0/avr5\libgcc.a(_umulhisi3.o)
 .text.libgcc.fmul
                0x00000000        0x0 c:/program files (x86)/atmel/studio/7.0/toolchain/avr8/avr8-gnu-toolchain/bin/../lib/gcc/avr/5.4.0/avr5\libgcc.a(_umulhisi3.o)
 .text.libgcc.fixed
                0x00000000        0x0 c:/program files (x86)/atmel/studio/7.0/toolchain/avr8/avr8-gnu-toolchain/bin/../lib/gcc/avr/5.4.0/avr5\libgcc.a(_umulhisi3.o)
 .text          0x00000000        0x0 c:/program files (x86)/atmel/studio/7.0/toolchain/avr8/avr8-gnu-toolchain/bin/../lib/gcc/avr/5.4.0/avr5\libgcc.a(_muluhisi3.o)
 .data          0x00000000        0x0 c:/program files (x86)/atmel/studio/7.0/toolchain/avr8/avr8-gnu-toolchain/bin/../lib/gcc/avr/5.4.0/avr5\libgcc.a(_muluhisi3.o)
 .bss           0x00000000        0x0 c:/program files (x86)/atmel/studio/7.0/toolchain/avr8/avr8-gnu-toolchain/bin/../lib/gcc/avr/5.4.0/avr5\libgcc.a(_muluhisi3.o)
 .text.libgcc.mul
                0x00000000       0x16 c:/program files (x86)/atmel/studio/7.0/toolchain/avr8/avr8-gnu-toolchain/bin/../lib/gcc/avr/5.4.0/avr5\libgcc.a(_muluhisi3.o)
 .text.libgcc.div
                0x00000000        0x0 c:/program files (x86)/atmel/studio/7.0/toolchain/avr8/avr8-gnu-toolchain/bin/../lib/gcc/avr/5.4.0/avr5\libgcc.a(_muluhisi3.o)
 .text.libgcc   0x00000000        0x0 c:/program files (x86)/atmel/studio/7.0/toolchain/avr8/avr8-gnu-toolchain/bin/../lib/gcc/avr/5.4.0/avr5\libgcc.a(_muluhisi3.o)
 .text.libgcc.prologue
                0x00000000        0x0 c:/program files (x86)/atmel/studio/7.0/toolchain/avr8/avr8-gnu-toolchain/bin/../lib/gcc/avr/5.4.0/avr5\libgcc.a(_muluhisi3.o)
 .text.libgcc.builtins
                0x00000000        0x0 c:/program files (x86)/atmel/studio/7.0/toolchain/avr8/avr8-gnu-toolchain/bin/../lib/gcc/avr/5.4.0/avr5\libgcc.a(_muluhisi3.o)
 .text.libgcc.fmul
                0x00000000        0x0 c:/program files (x86)/atmel/studio/7.0/toolchain/avr8/avr8-gnu-toolchain/bin/../lib/gcc/avr/5.4.0/avr5\libgcc.a(_muluhisi3.o)
 .text.libgcc.fixed
                0x00000000        0x0 c:/program files (x86)/atmel/studio/7.0/toolchain/avr8/avr8-gnu-toolchain/bin/../lib/gcc/avr/5.4.0/avr5\libgcc.a(_muluhisi3.o)
 .text          0x00000000        0x0 c:/program files (x86)/atmel/studio/7.0/toolchain/avr8/avr8-gnu-toolchain/bin/../lib/gcc/avr/5.4.0/avr5\libgcc.a(_udivmodhi4.o)
 .data          0x00000000        0x0 c:/program files (x86)/atmel/studio/7.0/toolchain/avr8/avr8-gnu-toolchain/bin/../lib/gcc/avr/5.4.0/avr5\libgcc.a(_udivmodhi4.o)
 .bss           0x00000000        0x0 c:/program files (x86)/atmel/studio/7.0/toolchain/avr8/avr8-gnu-toolchain/bin/../lib/gcc/avr/5.4.0/avr5\libgcc.a(_udivmodhi4.o)
 .text.libgcc.mul
                0x00000000        0x0 c:/program files (x86)/atmel/studio/7.0/toolchain/avr8/avr8-gnu-toolchain/bin/../lib/gcc/avr/5.4.0/avr5\libgcc.a(_udivmodhi4.o)
 .text.libgcc.div
                0x00000000       0x28 c:/program files (x86)/atmel/studio/7.0/toolchain/avr8/avr8-gnu-toolchain/bin/../lib/gcc/avr/5.4.0/avr5\libgcc.a(_udivmodhi4.o)
 .text.libgcc   0x00000000        0x0 c:/program files (x86)/atmel/studio/7.0/toolchain/avr8/avr8-gnu-toolchain/bin/../lib/gcc/avr/5.4.0/avr5\libgcc.a(_udivmodhi4.o)
 .text.libgcc.prologue
                0x00000000        0x0 c:/program files (x86)/atmel/studio/7.0/toolchain/avr8/avr8-gnu-toolchain/bin/../lib/gcc/avr/5.4.0/avr5\libgcc.a(_udivmodhi4.o)
 .text.libgcc.builtins
                0x00000000        0x0 c:/program files (x86)/atmel/studio/7.0/toolchain/avr8/avr8-gnu-toolchain/bin/../lib/gcc/avr/5.4.0/avr5\libgcc.a(_udivmodhi4.o)
 .text.libgcc.fmul
                0x00000000        0x0 c:/program files (x86)/atmel/studio/7.0/toolchain/avr8/avr8-gnu-toolchain/bin/../lib/gcc/avr/5.4.0/avr5\libgcc.a(_udivmodhi4.o)
 .text.libgcc.fixed
                0x00000000        0x0 c:/program files (x86)/atmel/studio/7.0/toolchain/avr8/avr8-gnu-toolchain/bin/../lib/gcc/avr/5.4.0/avr5\libgcc.a(_udivmodhi4.o)
 .text          0x00000000        0x0 c:/program files (x86)/atmel/studio/7.0/toolchain/avr8/avr8-gnu-toolchain/bin/../lib/gcc/avr/5.4.0/../../../../avr/lib/avr5\libc.a(itoa.o)
 .data          0x00000000        0x0 c:/program files (x86)/atmel/studio/7.0/toolchain/avr8/avr8-gnu-toolchain/bin/../lib/gcc/avr/5.4.0/../../../../avr/lib/avr5\libc.a(itoa.o)
 .bss           0x00000000        0x0 c:/program files (x86)/atmel/studio/7.0/toolchain/avr8/avr8-gnu-toolchain/bin/../lib/gcc/avr/5.4.0/../../../../avr/lib/avr5\libc.a(itoa.o)
 .text          0x00000000        0x0 c:/program files (x86)/atmel/studio/7.0/toolchain/avr8/avr8-gnu-toolchain/bin/../lib/gcc/avr/5.4.0/../../../../avr/lib/avr5\libc.a(itoa_ncheck.o)
 .data          0x00000000        0x0 c:/program files (x86)/atmel/studio/7.0/toolchain/avr8/avr8-gnu-toolchain/bin/../lib/gcc/avr/5.4.0/../../../../avr/lib/avr5\libc.a(itoa_ncheck.o)
 .bss           0x00000000        0x0 c:/program files (x86)/atmel/studio/7.0/toolchain/avr8/avr8-gnu-toolchain/bin/../lib/gcc/avr/5.4.0/../../../../avr/lib/avr5\libc.a(itoa_ncheck.o)
 .text          0x00000000        0x0 c:/program files (x86)/atmel/studio/7.0/toolchain/avr8/avr8-gnu-toolchain/bin/../lib/gcc/avr/5.4.0/../../../../avr/lib/avr5\libc.a(utoa_ncheck.o)
 .data          0x00000000        0x0 c:/program files (x86)/atmel/studio/7.0/toolchain/avr8/avr8-gnu-toolchain/bin/../lib/gcc/avr/5.4.0/../../../../avr/lib/avr5\libc.a(utoa_ncheck.o)
 .bss           0x00000000        0x0 c:/program files (x86)/atmel/studio/7.0/toolchain/avr8/avr8-gnu-toolchain/bin/../lib/gcc/avr/5.4.0/../../../../avr/lib/avr5\libc.a(utoa_ncheck.o)
 .text          0x00000000        0x0 c:/program files (x86)/atmel/studio/7.0/toolchain/avr8/avr8-gnu-toolchain/bin/../lib/gcc/avr/5.4.0/../../../../avr/lib/avr5\libc.a(strrev.o)
 .data          0x00000000        0x0 c:/program files (x86)/atmel/studio/7.0/toolchain/avr8/avr8-gnu-toolchain/bin/../lib/gcc/avr/5.4.0/../../../../avr/lib/avr5\libc.a(strrev.o)
 .bss           0x00000000        0x0 c:/program files (x86)/atmel/studio/7.0/toolchain/avr8/avr8-gnu-toolchain/bin/../lib/gcc/avr/5.4.0/../../../../avr/lib/avr5\libc.a(strrev.o)

Memory Configuration

Name             Origin             Length             Attributes
text             0x00000000         0x00004000         xr
data             0x00800060         0x00000400         rw !x
eeprom           0x00810000         0x00000200         rw !x
fuse             0x00820000         0x00000002         rw !x
lock             0x00830000         0x00000400         rw !x
signature        0x00840000         0x00000400         rw !x
user_signatures  0x00850000         0x00000400         rw !x
*default*        0x00000000         0xffffffff

Linker script and memory map

LOAD C:/Program Files (x86)/Atmel/Studio/7.0/Packs/atmel/ATmega_DFP/1.7.374/gcc/dev/atmega16/avr5/crtatmega16.o
LOAD ADC_Program.o
LOAD ATMEGA_EEPROM_Program.o
LOAD EXT_INT_program.o
LOAD GPIO_program.o
LOAD KeyPad.o
LOAD L293D.o
LOAD LCD.o
LOAD main.o
LOAD max7221.o
LOAD PWM_Program.o
LOAD ServoMotor.o
LOAD SPI_Program.o
LOAD TIMERS_Program.o
LOAD USART_Program.o
LOAD WDT_Program.o
LOAD _7Segment.o
START GROUP
LOAD c:/program files (x86)/atmel/studio/7.0/toolchain/avr8/avr8-gnu-toolchain/bin/../lib/gcc/avr/5.4.0/../../../../avr/lib/avr5\libm.a
END GROUP
START GROUP
LOAD c:/program files (x86)/atmel/studio/7.0/toolchain/avr8/avr8-gnu-toolchain/bin/../lib/gcc/avr/5.4.0/avr5\libgcc.a
LOAD c:/program files (x86)/atmel/studio/7.0/toolchain/avr8/avr8-gnu-toolchain/bin/../lib/gcc/avr/5.4.0/../../../../avr/lib/avr5\libm.a
LOAD c:/program files (x86)/atmel/studio/7.0/toolchain/avr8/avr8-gnu-toolchain/bin/../lib/gcc/avr/5.4.0/../../../../avr/lib/avr5\libc.a
LOAD C:/Program Files (x86)/Atmel/Studio/7.0/Packs/atmel/ATmega_DFP/1.7.374/gcc/dev/atmega16/avr5\libatmega16.a
END GROUP
                0x00000000                __TEXT_REGION_ORIGIN__ = DEFINED (__TEXT_REGION_ORIGIN__)?__TEXT_REGION_ORIGIN__:0x0
                [0x00800060]                __DATA_REGION_ORIGIN__ = DEFINED (__DATA_REGION_ORIGIN__)?__DATA_REGION_ORIGIN__:0x800060
                [0x00004000]                __TEXT_REGION_LENGTH__ = DEFINED (__TEXT_REGION_LENGTH__)?__TEXT_REGION_LENGTH__:0x20000
                [0x00000400]                __DATA_REGION_LENGTH__ = DEFINED (__DATA_REGION_LENGTH__)?__DATA_REGION_LENGTH__:0xffa0
                [0x00000200]                __EEPROM_REGION_LENGTH__ = DEFINED (__EEPROM_REGION_LENGTH__)?__EEPROM_REGION_LENGTH__:0x10000
                [0x00000002]                __FUSE_REGION_LENGTH__ = DEFINED (__FUSE_REGION_LENGTH__)?__FUSE_REGION_LENGTH__:0x400
                0x00000400                __LOCK_REGION_LENGTH__ = DEFINED (__LOCK_REGION_LENGTH__)?__LOCK_REGION_LENGTH__:0x400
                0x00000400                __SIGNATURE_REGION_LENGTH__ = DEFINED (__SIGNATURE_REGION_LENGTH__)?__SIGNATURE_REGION_LENGTH__:0x400
                0x00000400                __USER_SIGNATURE_REGION_LENGTH__ = DEFINED (__USER_SIGNATURE_REGION_LENGTH__)?__USER_SIGNATURE_REGION_LENGTH__:0x400

.hash
 *(.hash)

.dynsym
 *(.dynsym)

.dynstr
 *(.dynstr)

.gnu.version
 *(.gnu.version)

.gnu.version_d
 *(.gnu.version_d)

.gnu.version_r
 *(.gnu.version_r)

.rel.init
 *(.rel.init)

.rela.init
 *(.rela.init)

.rel.text
 *(.rel.text)
 *(.rel.text.*)
 *(.rel.gnu.linkonce.t*)

.rela.text
 *(.rela.text)
 *(.rela.text.*)
 *(.rela.gnu.linkonce.t*)

.rel.fini
 *(.rel.fini)

.rela.fini
 *(.rela.fini)

.rel.rodata
 *(.rel.rodata)
 *(.rel.rodata.*)
 *(.rel.gnu.linkonce.r*)

.rela.rodata
 *(.rela.rodata)
 *(.rela.rodata.*)
 *(.rela.gnu.linkonce.r*)

.rel.data
 *(.rel.data)
 *(.rel.data.*)
 *(.rel.gnu.linkonce.d*)

.rela.data
 *(.rela.data)
 *(.rela.data.*)
 *(.rela.gnu.linkonce.d*)

.rel.ctors
 *(.rel.ctors)

.rela.ctors
 *(.rela.ctors)

.rel.dtors
 *(.rel.dtors)

.rela.dtors
 *(.rela.dtors)

.rel.got
 *(.rel.got)

.rela.got
 *(.rela.got)

.rel.bss
 *(.rel.bss)

.rela.bss
 *(.rela.bss)

.rel.plt
 *(.rel.plt)

.rela.plt
 *(.rela.plt)

.text           0x00000000     0x24e6
 *(.vectors)
 .vectors       0x00000000       0x54 C:/Program Files (x86)/Atmel/Studio/7.0/Packs/atmel/ATmega_DFP/1.7.374/gcc/dev/atmega16/avr5/crtatmega16.o
                0x00000000                __vector_default
                0x00000000                __vectors
 *(.vectors)
 *(.progmem.gcc*)
                0x00000054                . = ALIGN (0x2)
                0x00000054                __trampolines_start = .
 *(.trampolines)
 .trampolines   0x00000054        0x0 linker stubs
 *(.trampolines*)
                0x00000054                __trampolines_end = .
 *libprintf_flt.a:*(.progmem.data)
 *libc.a:*(.progmem.data)
 *(.progmem*)
                0x00000054                . = ALIGN (0x2)
 *(.jumptables)
 *(.jumptables*)
 *(.lowtext)
 *(.lowtext*)
                0x00000054                __ctors_start = .
 *(.ctors)
                0x00000054                __ctors_end = .
                0x00000054                __dtors_start = .
 *(.dtors)
                0x00000054                __dtors_end = .
 SORT(*)(.ctors)
 SORT(*)(.dtors)
 *(.init0)
 .init0         0x00000054        0x0 C:/Program Files (x86)/Atmel/Studio/7.0/Packs/atmel/ATmega_DFP/1.7.374/gcc/dev/atmega16/avr5/crtatmega16.o
                0x00000054                __init
 *(.init0)
 *(.init1)
 *(.init1)
 *(.init2)
 .init2         0x00000054        0xc C:/Program Files (x86)/Atmel/Studio/7.0/Packs/atmel/ATmega_DFP/1.7.374/gcc/dev/atmega16/avr5/crtatmega16.o
 *(.init2)
 *(.init3)
 *(.init3)
 *(.init4)
 .init4         0x00000060       0x16 c:/program files (x86)/atmel/studio/7.0/toolchain/avr8/avr8-gnu-toolchain/bin/../lib/gcc/avr/5.4.0/avr5\libgcc.a(_copy_data.o)
                0x00000060                __do_copy_data
 .init4         0x00000076       0x10 c:/program files (x86)/atmel/studio/7.0/toolchain/avr8/avr8-gnu-toolchain/bin/../lib/gcc/avr/5.4.0/avr5\libgcc.a(_clear_bss.o)
                0x00000076                __do_clear_bss
 *(.init4)
 *(.init5)
 *(.init5)
 *(.init6)
 *(.init6)
 *(.init7)
 *(.init7)
 *(.init8)
 *(.init8)
 *(.init9)
 .init9         0x00000086        0x8 C:/Program Files (x86)/Atmel/Studio/7.0/Packs/atmel/ATmega_DFP/1.7.374/gcc/dev/atmega16/avr5/crtatmega16.o
 *(.init9)
 *(.text)
 .text          0x0000008e        0x4 C:/Program Files (x86)/Atmel/Studio/7.0/Packs/atmel/ATmega_DFP/1.7.374/gcc/dev/atmega16/avr5/crtatmega16.o
                0x0000008e                __vector_12
                0x0000008e                __bad_interrupt
                0x0000008e                __vector_6
                0x0000008e                __vector_3
                0x0000008e                __vector_17
                0x0000008e                __vector_7
                0x0000008e                __vector_15
                0x0000008e                __vector_16
                0x0000008e                __vector_20
                0x00000092                . = ALIGN (0x2)
 *(.text.*)
 .text.ADC_voidInit
                0x00000092       0xac ADC_Program.o
                0x00000092                ADC_voidInit
 .text.ADC_voidEnable
                0x0000013e       0x22 ADC_Program.o
                0x0000013e                ADC_voidEnable
 .text.ADC_voidSetInterruptStates
                0x00000160       0x3c ADC_Program.o
                0x00000160                ADC_voidSetInterruptStates
 .text.ADC_voidSetIRQ_CallBack
                0x0000019c       0x26 ADC_Program.o
                0x0000019c                ADC_voidSetIRQ_CallBack
 .text.ADC_voidReadVal
                0x000001c2       0x40 ADC_Program.o
                0x000001c2                ADC_voidReadVal
 .text.ADC_voidStartConvertionAsynch
                0x00000202       0x4c ADC_Program.o
                0x00000202                ADC_voidStartConvertionAsynch
 .text.__vector_14
                0x0000024e       0x62 ADC_Program.o
                0x0000024e                __vector_14
 .text.EXTINT_voidGlobalIntEnable
                0x000002b0       0x22 EXT_INT_program.o
                0x000002b0                EXTINT_voidGlobalIntEnable
 .text.__vector_1
                0x000002d2       0x62 EXT_INT_program.o
                0x000002d2                __vector_1
 .text.__vector_2
                0x00000334       0x62 EXT_INT_program.o
                0x00000334                __vector_2
 .text.__vector_18
                0x00000396       0x62 EXT_INT_program.o
                0x00000396                __vector_18
 .text.GPIO_voidSetPinDirection
                0x000003f8      0x412 GPIO_program.o
                0x000003f8                GPIO_voidSetPinDirection
 .text.GPIO_voidSetPinValue
                0x0000080a      0x1f2 GPIO_program.o
                0x0000080a                GPIO_voidSetPinValue
 .text.LCD_voidInit
                0x000009fc      0x230 LCD.o
                0x000009fc                LCD_voidInit
 .text.LCD_voidSendChar
                0x00000c2c      0x638 LCD.o
                0x00000c2c                LCD_voidSendChar
 .text.LCD_voidSendString
                0x00001264       0x64 LCD.o
                0x00001264                LCD_voidSendString
 .text.LCD_voidGotoXY
                0x000012c8       0x68 LCD.o
                0x000012c8                LCD_voidGotoXY
 .text.LCD_voidWriteCmd
                0x00001330      0x638 LCD.o
 .text.main     0x00001968      0x21e main.o
                0x00001968                main
 .text.xxx      0x00001b86       0xaa main.o
                0x00001b86                xxx
 .text.__vector_10
                0x00001c30       0x62 SPI_Program.o
                0x00001c30                __vector_10
 .text.Timer_voidStopTimer
                0x00001c92       0x90 TIMERS_Program.o
                0x00001c92                Timer_voidStopTimer
 .text.__vector_19
                0x00001d22      0x13a TIMERS_Program.o
                0x00001d22                __vector_19
 .text.__vector_9
                0x00001e5c       0x6c TIMERS_Program.o
                0x00001e5c                __vector_9
 .text.__vector_8
                0x00001ec8       0x6c TIMERS_Program.o
                0x00001ec8                __vector_8
 .text.__vector_4
                0x00001f34       0x6c TIMERS_Program.o
                0x00001f34                __vector_4
 .text.__vector_5
                0x00001fa0       0x6c TIMERS_Program.o
                0x00001fa0                __vector_5
 .text.__vector_11
                0x0000200c       0x52 USART_Program.o
                0x0000200c                __vector_11
 .text.__vector_13
                0x0000205e       0x62 USART_Program.o
                0x0000205e                __vector_13
 .text.avr-libc.fplib
                0x000020c0        0xa c:/program files (x86)/atmel/studio/7.0/toolchain/avr8/avr8-gnu-toolchain/bin/../lib/gcc/avr/5.4.0/../../../../avr/lib/avr5\libm.a(cmpsf2.o)
                0x000020c0                __nesf2
                0x000020c0                __eqsf2
                0x000020c0                __cmpsf2
                0x000020c0                __ltsf2
                0x000020c0                __lesf2
 .text.avr-libc.fplib
                0x000020ca        0x8 c:/program files (x86)/atmel/studio/7.0/toolchain/avr8/avr8-gnu-toolchain/bin/../lib/gcc/avr/5.4.0/../../../../avr/lib/avr5\libm.a(divsf3.o)
                0x000020ca                __divsf3
 .text.avr-libc.fplib
                0x000020d2       0xdc c:/program files (x86)/atmel/studio/7.0/toolchain/avr8/avr8-gnu-toolchain/bin/../lib/gcc/avr/5.4.0/../../../../avr/lib/avr5\libm.a(divsf3x.o)
                0x000020f2                __divsf3x
                0x000020f8                __divsf3_pse
 .text.avr-libc.fplib
                0x000021ae        0xe c:/program files (x86)/atmel/studio/7.0/toolchain/avr8/avr8-gnu-toolchain/bin/../lib/gcc/avr/5.4.0/../../../../avr/lib/avr5\libm.a(fixsfsi.o)
                0x000021ae                __fixsfsi
 .text.avr-libc.fplib
                0x000021bc       0x5e c:/program files (x86)/atmel/studio/7.0/toolchain/avr8/avr8-gnu-toolchain/bin/../lib/gcc/avr/5.4.0/../../../../avr/lib/avr5\libm.a(fixunssfsi.o)
                0x000021bc                __fixunssfsi
 .text.avr-libc.fplib
                0x0000221a       0x7a c:/program files (x86)/atmel/studio/7.0/toolchain/avr8/avr8-gnu-toolchain/bin/../lib/gcc/avr/5.4.0/../../../../avr/lib/avr5\libm.a(floatsisf.o)
                0x0000221a                __floatunsisf
                0x0000221e                __floatsisf
 .text.avr-libc.fplib
                0x00002294       0x48 c:/program files (x86)/atmel/studio/7.0/toolchain/avr8/avr8-gnu-toolchain/bin/../lib/gcc/avr/5.4.0/../../../../avr/lib/avr5\libm.a(fp_cmp.o)
                0x00002294                __fp_cmp
 .text.avr-libc.fplib
                0x000022dc        0xc c:/program files (x86)/atmel/studio/7.0/toolchain/avr8/avr8-gnu-toolchain/bin/../lib/gcc/avr/5.4.0/../../../../avr/lib/avr5\libm.a(fp_inf.o)
                0x000022dc                __fp_inf
 .text.avr-libc.fplib
                0x000022e8        0x6 c:/program files (x86)/atmel/studio/7.0/toolchain/avr8/avr8-gnu-toolchain/bin/../lib/gcc/avr/5.4.0/../../../../avr/lib/avr5\libm.a(fp_nan.o)
                0x000022e8                __fp_nan
 .text.avr-libc.fplib
                0x000022ee        0xe c:/program files (x86)/atmel/studio/7.0/toolchain/avr8/avr8-gnu-toolchain/bin/../lib/gcc/avr/5.4.0/../../../../avr/lib/avr5\libm.a(fp_pscA.o)
                0x000022ee                __fp_pscA
 .text.avr-libc.fplib
                0x000022fc        0xe c:/program files (x86)/atmel/studio/7.0/toolchain/avr8/avr8-gnu-toolchain/bin/../lib/gcc/avr/5.4.0/../../../../avr/lib/avr5\libm.a(fp_pscB.o)
                0x000022fc                __fp_pscB
 .text.avr-libc.fplib
                0x0000230a       0x22 c:/program files (x86)/atmel/studio/7.0/toolchain/avr8/avr8-gnu-toolchain/bin/../lib/gcc/avr/5.4.0/../../../../avr/lib/avr5\libm.a(fp_round.o)
                0x0000230a                __fp_round
 .text.avr-libc.fplib
                0x0000232c       0x44 c:/program files (x86)/atmel/studio/7.0/toolchain/avr8/avr8-gnu-toolchain/bin/../lib/gcc/avr/5.4.0/../../../../avr/lib/avr5\libm.a(fp_split3.o)
                0x0000232c                __fp_split3
                0x0000233c                __fp_splitA
 .text.avr-libc.fplib
                0x00002370        0xe c:/program files (x86)/atmel/studio/7.0/toolchain/avr8/avr8-gnu-toolchain/bin/../lib/gcc/avr/5.4.0/../../../../avr/lib/avr5\libm.a(fp_zero.o)
                0x00002370                __fp_zero
                0x00002372                __fp_szero
 .text.avr-libc.fplib
                0x0000237e        0xa c:/program files (x86)/atmel/studio/7.0/toolchain/avr8/avr8-gnu-toolchain/bin/../lib/gcc/avr/5.4.0/../../../../avr/lib/avr5\libm.a(gesf2.o)
                0x0000237e                __gesf2
                0x0000237e                __gtsf2
 .text.avr-libc.fplib
                0x00002388        0x8 c:/program files (x86)/atmel/studio/7.0/toolchain/avr8/avr8-gnu-toolchain/bin/../lib/gcc/avr/5.4.0/../../../../avr/lib/avr5\libm.a(mulsf3.o)
                0x00002388                __mulsf3
 .text.avr-libc.fplib
                0x00002390       0xd2 c:/program files (x86)/atmel/studio/7.0/toolchain/avr8/avr8-gnu-toolchain/bin/../lib/gcc/avr/5.4.0/../../../../avr/lib/avr5\libm.a(mulsf3x.o)
                0x000023ae                __mulsf3x
                0x000023b4                __mulsf3_pse
 .text.avr-libc
                0x00002462       0x16 c:/program files (x86)/atmel/studio/7.0/toolchain/avr8/avr8-gnu-toolchain/bin/../lib/gcc/avr/5.4.0/../../../../avr/lib/avr5\libc.a(itoa.o)
                0x00002462                __itoa
                0x00002462                itoa
 .text.avr-libc
                0x00002478       0x16 c:/program files (x86)/atmel/studio/7.0/toolchain/avr8/avr8-gnu-toolchain/bin/../lib/gcc/avr/5.4.0/../../../../avr/lib/avr5\libc.a(itoa_ncheck.o)
                0x00002478                __itoa_ncheck
 .text.avr-libc
                0x0000248e       0x34 c:/program files (x86)/atmel/studio/7.0/toolchain/avr8/avr8-gnu-toolchain/bin/../lib/gcc/avr/5.4.0/../../../../avr/lib/avr5\libc.a(utoa_ncheck.o)
                0x0000248e                __utoa_ncheck
                0x00002490                __utoa_common
 .text.avr-libc
                0x000024c2       0x20 c:/program files (x86)/atmel/studio/7.0/toolchain/avr8/avr8-gnu-toolchain/bin/../lib/gcc/avr/5.4.0/../../../../avr/lib/avr5\libc.a(strrev.o)
                0x000024c2                strrev
                0x000024e2                . = ALIGN (0x2)
 *(.fini9)
 .fini9         0x000024e2        0x0 c:/program files (x86)/atmel/studio/7.0/toolchain/avr8/avr8-gnu-toolchain/bin/../lib/gcc/avr/5.4.0/avr5\libgcc.a(_exit.o)
                0x000024e2                _exit
                0x000024e2                exit
 *(.fini9)
 *(.fini8)
 *(.fini8)
 *(.fini7)
 *(.fini7)
 *(.fini6)
 *(.fini6)
 *(.fini5)
 *(.fini5)
 *(.fini4)
 *(.fini4)
 *(.fini3)
 *(.fini3)
 *(.fini2)
 *(.fini2)
 *(.fini1)
 *(.fini1)
 *(.fini0)
 .fini0         0x000024e2        0x4 c:/program files (x86)/atmel/studio/7.0/toolchain/avr8/avr8-gnu-toolchain/bin/../lib/gcc/avr/5.4.0/avr5\libgcc.a(_exit.o)
 *(.fini0)
                0x000024e6                _etext = .

.data           0x00800060       0x2c load address 0x000024e6
                0x00800060                PROVIDE (__data_start, .)
 *(.data)
 *(.data*)
 .data.myADC    0x00800060        0x4 main.o
                0x00800060                myADC
 .data.arr      0x00800064        0xc main.o
                0x00800064                arr
 .data.myLCD    0x00800070        0x4 main.o
                0x00800070                myLCD
 *(.gnu.linkonce.d*)
 *(.rodata)
 .rodata        0x00800074       0x18 main.o
 *(.rodata*)
 *(.gnu.linkonce.r*)
                0x0080008c                . = ALIGN (0x2)
                0x0080008c                _edata = .
                0x0080008c                PROVIDE (__data_end, .)

.bss            0x0080008c       0x3a
                0x0080008c                PROVIDE (__bss_start, .)
 *(.bss)
 *(.bss*)
 .bss.__CMPLT_CONVERSION_ADC__
                0x0080008c        0x2 ADC_Program.o
                0x0080008c                __CMPLT_CONVERSION_ADC__
 .bss.Callback_INT0
                0x0080008e        0x2 EXT_INT_program.o
 .bss.Callback_INT1
                0x00800090        0x2 EXT_INT_program.o
 .bss.Callback_INT2
                0x00800092        0x2 EXT_INT_program.o
 .bss.convVal   0x00800094        0x2 main.o
                0x00800094                convVal
 .bss.Global_ExchangeComplate
                0x00800096        0x2 SPI_Program.o
 .bss.Global_u8Timer0Interval
                0x00800098        0x1 TIMERS_Program.o
 .bss.Global_u16NumberOfOverflowsInCTC
                0x00800099        0x2 TIMERS_Program.o
 .bss.Global_u8PWM_State
                0x0080009b        0x1 TIMERS_Program.o
 .bss.Global_u8PWM_Ton
                0x0080009c        0x4 TIMERS_Program.o
 .bss.Global_u8PWM_Toff
                0x008000a0        0x4 TIMERS_Program.o
 .bss.GLOBAL_ptrToTimer2UserConf
                0x008000a4        0x2 TIMERS_Program.o
 .bss.copy_u16NumberofOverflows.2006
                0x008000a6        0x2 TIMERS_Program.o
 .bss.Global_TxComplate
                0x008000a8        0x2 USART_Program.o
 .bss.Global_u8Rx
                0x008000aa        0x2 USART_Program.o
 *(COMMON)
 COMMON         0x008000ac        0xe main.o
                0x008000ac                temp
                0x008000b0                buffer
 COMMON         0x008000ba        0xc TIMERS_Program.o
                0x008000ba                TIMER1_IC_Callback
                0x008000bc                TIMER1_OV_CallBack
                0x008000be                TIMER2_OV_CallBack
                0x008000c0                TIMER0_CTC_CallBack_Single
                0x008000c2                TIMER0_OV_CallBack
                0x008000c4                TIMER0_CTC_CallBack_Periodic
                0x008000c6                PROVIDE (__bss_end, .)
                0x000024e6                __data_load_start = LOADADDR (.data)
                0x00002512                __data_load_end = (__data_load_start + SIZEOF (.data))

.noinit         0x008000c6        0x0
                [!provide]                PROVIDE (__noinit_start, .)
 *(.noinit*)
                [!provide]                PROVIDE (__noinit_end, .)
                0x008000c6                _end = .
                [!provide]                PROVIDE (__heap_start, .)

.eeprom         0x00810000        0x0
 *(.eeprom*)
                0x00810000                __eeprom_end = .

.fuse
 *(.fuse)
 *(.lfuse)
 *(.hfuse)
 *(.efuse)

.lock
 *(.lock*)

.signature
 *(.signature*)

.user_signatures
 *(.user_signatures*)

.stab
 *(.stab)

.stabstr
 *(.stabstr)

.stab.excl
 *(.stab.excl)

.stab.exclstr
 *(.stab.exclstr)

.stab.index
 *(.stab.index)

.stab.indexstr
 *(.stab.indexstr)

.comment        0x00000000       0x30
 *(.comment)
 .comment       0x00000000       0x30 ADC_Program.o
                                 0x31 (size before relaxing)
 .comment       0x00000030       0x31 EXT_INT_program.o
 .comment       0x00000030       0x31 GPIO_program.o
 .comment       0x00000030       0x31 LCD.o
 .comment       0x00000030       0x31 main.o
 .comment       0x00000030       0x31 SPI_Program.o
 .comment       0x00000030       0x31 TIMERS_Program.o
 .comment       0x00000030       0x31 USART_Program.o

.note.gnu.avr.deviceinfo
                0x00000000       0x3c
 .note.gnu.avr.deviceinfo
                0x00000000       0x3c C:/Program Files (x86)/Atmel/Studio/7.0/Packs/atmel/ATmega_DFP/1.7.374/gcc/dev/atmega16/avr5/crtatmega16.o

.note.gnu.build-id
 *(.note.gnu.build-id)

.debug
 *(.debug)

.line
 *(.line)

.debug_srcinfo
 *(.debug_srcinfo)

.debug_sfnames
 *(.debug_sfnames)

.debug_aranges  0x00000000      0x398
 *(.debug_aranges)
 .debug_aranges
                0x00000000       0x68 ADC_Program.o
 .debug_aranges
                0x00000068       0x58 EXT_INT_program.o
 .debug_aranges
                0x000000c0       0x60 GPIO_program.o
 .debug_aranges
                0x00000120       0x70 LCD.o
 .debug_aranges
                0x00000190       0x28 main.o
 .debug_aranges
                0x000001b8       0x60 SPI_Program.o
 .debug_aranges
                0x00000218       0xf0 TIMERS_Program.o
 .debug_aranges
                0x00000308       0x90 USART_Program.o

.debug_pubnames
 *(.debug_pubnames)

.debug_info     0x00000000     0x2c2b
 *(.debug_info .gnu.linkonce.wi.*)
 .debug_info    0x00000000      0x52e C:/Program Files (x86)/Atmel/Studio/7.0/Packs/atmel/ATmega_DFP/1.7.374/gcc/dev/atmega16/avr5/crtatmega16.o
 .debug_info    0x0000052e      0x391 ADC_Program.o
 .debug_info    0x000008bf      0x189 EXT_INT_program.o
 .debug_info    0x00000a48      0x20a GPIO_program.o
 .debug_info    0x00000c52      0x7f5 LCD.o
 .debug_info    0x00001447      0x3ff main.o
 .debug_info    0x00001846      0x320 SPI_Program.o
 .debug_info    0x00001b66      0xba4 TIMERS_Program.o
 .debug_info    0x0000270a      0x521 USART_Program.o

.debug_abbrev   0x00000000      0xeac
 *(.debug_abbrev)
 .debug_abbrev  0x00000000      0x4e7 C:/Program Files (x86)/Atmel/Studio/7.0/Packs/atmel/ATmega_DFP/1.7.374/gcc/dev/atmega16/avr5/crtatmega16.o
 .debug_abbrev  0x000004e7      0x13a ADC_Program.o
 .debug_abbrev  0x00000621       0xa6 EXT_INT_program.o
 .debug_abbrev  0x000006c7       0xd9 GPIO_program.o
 .debug_abbrev  0x000007a0      0x1ec LCD.o
 .debug_abbrev  0x0000098c      0x169 main.o
 .debug_abbrev  0x00000af5       0xe7 SPI_Program.o
 .debug_abbrev  0x00000bdc      0x167 TIMERS_Program.o
 .debug_abbrev  0x00000d43      0x169 USART_Program.o

.debug_line     0x00000000     0x28aa
 *(.debug_line .debug_line.* .debug_line_end)
 .debug_line    0x00000000      0x116 C:/Program Files (x86)/Atmel/Studio/7.0/Packs/atmel/ATmega_DFP/1.7.374/gcc/dev/atmega16/avr5/crtatmega16.o
 .debug_line    0x00000116      0x20f ADC_Program.o
 .debug_line    0x00000325      0x2dd EXT_INT_program.o
 .debug_line    0x00000602      0x641 GPIO_program.o
 .debug_line    0x00000c43      0x6ca LCD.o
 .debug_line    0x0000130d      0x248 main.o
 .debug_line    0x00001555      0x24d SPI_Program.o
 .debug_line    0x000017a2      0xc5f TIMERS_Program.o
 .debug_line    0x00002401      0x4a9 USART_Program.o

.debug_frame    0x00000000      0xf2c
 *(.debug_frame)
 .debug_frame   0x00000000      0x198 ADC_Program.o
 .debug_frame   0x00000198      0x1e0 EXT_INT_program.o
 .debug_frame   0x00000378      0x134 GPIO_program.o
 .debug_frame   0x000004ac      0x174 LCD.o
 .debug_frame   0x00000620       0x54 main.o
 .debug_frame   0x00000674      0x178 SPI_Program.o
 .debug_frame   0x000007ec      0x4d4 TIMERS_Program.o
 .debug_frame   0x00000cc0      0x26c USART_Program.o

.debug_str      0x00000000     0x1d7f
 *(.debug_str)
 .debug_str     0x00000000      0x1af C:/Program Files (x86)/Atmel/Studio/7.0/Packs/atmel/ATmega_DFP/1.7.374/gcc/dev/atmega16/avr5/crtatmega16.o
 .debug_str     0x000001af      0x47f ADC_Program.o
                                0x49e (size before relaxing)
 .debug_str     0x0000062e       0xfc EXT_INT_program.o
                                0x21b (size before relaxing)
 .debug_str     0x0000072a      0x139 GPIO_program.o
                                0x258 (size before relaxing)
 .debug_str     0x00000863      0x227 LCD.o
                                0x366 (size before relaxing)
 .debug_str     0x00000a8a       0x93 main.o
                                0x41f (size before relaxing)
 .debug_str     0x00000b1d      0x34f SPI_Program.o
                                0x479 (size before relaxing)
 .debug_str     0x00000e6c      0xaad TIMERS_Program.o
                                0xc01 (size before relaxing)
 .debug_str     0x00001919      0x466 USART_Program.o
                                0x58a (size before relaxing)

.debug_loc      0x00000000     0x20b2
 *(.debug_loc)
 .debug_loc     0x00000000      0x352 ADC_Program.o
 .debug_loc     0x00000352      0x421 EXT_INT_program.o
 .debug_loc     0x00000773      0x261 GPIO_program.o
 .debug_loc     0x000009d4      0x313 LCD.o
 .debug_loc     0x00000ce7       0x82 main.o
 .debug_loc     0x00000d69      0x317 SPI_Program.o
 .debug_loc     0x00001080      0xaf8 TIMERS_Program.o
 .debug_loc     0x00001b78      0x53a USART_Program.o

.debug_macinfo
 *(.debug_macinfo)

.debug_weaknames
 *(.debug_weaknames)

.debug_funcnames
 *(.debug_funcnames)

.debug_typenames
 *(.debug_typenames)

.debug_varnames
 *(.debug_varnames)

.debug_pubtypes
 *(.debug_pubtypes)

.debug_ranges   0x00000000      0x360
 *(.debug_ranges)
 .debug_ranges  0x00000000       0x58 ADC_Program.o
 .debug_ranges  0x00000058       0x48 EXT_INT_program.o
 .debug_ranges  0x000000a0       0x50 GPIO_program.o
 .debug_ranges  0x000000f0       0xa8 LCD.o
 .debug_ranges  0x00000198       0x18 main.o
 .debug_ranges  0x000001b0       0x50 SPI_Program.o
 .debug_ranges  0x00000200       0xe0 TIMERS_Program.o
 .debug_ranges  0x000002e0       0x80 USART_Program.o

.debug_macro
 *(.debug_macro)
OUTPUT(chkDrivers.elf elf32-avr)
LOAD linker stubs
