APP.c:201:6:xDelay	24	static
APP.c:216:13:System_voidFillAdminsData	4	static
APP.c:254:11:System_u8ValidateAdminData	40	static
APP.c:342:13:System_voidAddNewUser	24	static
APP.c:443:13:System_VoidDeleteUser	48	static
APP.c:584:4:compTwoStrings	24	static
APP.c:602:13:SPI_voidSetup	8	static
APP.c:626:13:LCD_voidSetup	8	static
APP.c:647:6:UART_voidSetup	8	static
APP.c:666:13:progressBar	24	static
APP.c:678:13:DeletingBar	24	static
APP.c:693:13:AddinggBar	24	static
APP.c:709:13:LCD_voidMainScreen	8	static
APP.c:722:13:LCD_voidAdminOptions	8	static
APP.c:736:13:LCD_voidStatusOptions	8	static
APP.c:756:13:LCD_AddDriver	8	static
APP.c:766:13:LCD_voidDeleteDriver	8	static
APP.c:776:13:LCD_voidDeletingOptions	8	static
APP.c:793:13:keypad_voidSetup	8	static
APP.c:811:6:ECU3_Dashboard_APP_SETUP	8	static
APP.c:836:6:ECU3_Dashboard_APP_LOOP	8	static
