Archive member included to satisfy reference by file (symbol)

c:/st/stm32cubeide_1.4.0/stm32cubeide/plugins/com.st.stm32cube.ide.mcu.externaltools.gnu-tools-for-stm32.7-2018-q2-update.win32_1.4.0.202007081208/tools/bin/../lib/gcc/arm-none-eabi/7.3.1/../../../../arm-none-eabi/lib/thumb/v7-m\libc_nano.a(lib_a-exit.o)
                              c:/st/stm32cubeide_1.4.0/stm32cubeide/plugins/com.st.stm32cube.ide.mcu.externaltools.gnu-tools-for-stm32.7-2018-q2-update.win32_1.4.0.202007081208/tools/bin/../lib/gcc/arm-none-eabi/7.3.1/../../../../arm-none-eabi/lib/thumb/v7-m/crt0.o (exit)
c:/st/stm32cubeide_1.4.0/stm32cubeide/plugins/com.st.stm32cube.ide.mcu.externaltools.gnu-tools-for-stm32.7-2018-q2-update.win32_1.4.0.202007081208/tools/bin/../lib/gcc/arm-none-eabi/7.3.1/../../../../arm-none-eabi/lib/thumb/v7-m\libc_nano.a(lib_a-impure.o)
                              c:/st/stm32cubeide_1.4.0/stm32cubeide/plugins/com.st.stm32cube.ide.mcu.externaltools.gnu-tools-for-stm32.7-2018-q2-update.win32_1.4.0.202007081208/tools/bin/../lib/gcc/arm-none-eabi/7.3.1/../../../../arm-none-eabi/lib/thumb/v7-m\libc_nano.a(lib_a-exit.o) (_global_impure_ptr)
c:/st/stm32cubeide_1.4.0/stm32cubeide/plugins/com.st.stm32cube.ide.mcu.externaltools.gnu-tools-for-stm32.7-2018-q2-update.win32_1.4.0.202007081208/tools/bin/../lib/gcc/arm-none-eabi/7.3.1/../../../../arm-none-eabi/lib/thumb/v7-m\libc_nano.a(lib_a-init.o)
                              c:/st/stm32cubeide_1.4.0/stm32cubeide/plugins/com.st.stm32cube.ide.mcu.externaltools.gnu-tools-for-stm32.7-2018-q2-update.win32_1.4.0.202007081208/tools/bin/../lib/gcc/arm-none-eabi/7.3.1/../../../../arm-none-eabi/lib/thumb/v7-m/crt0.o (__libc_init_array)
c:/st/stm32cubeide_1.4.0/stm32cubeide/plugins/com.st.stm32cube.ide.mcu.externaltools.gnu-tools-for-stm32.7-2018-q2-update.win32_1.4.0.202007081208/tools/bin/../lib/gcc/arm-none-eabi/7.3.1/../../../../arm-none-eabi/lib/thumb/v7-m\libc_nano.a(lib_a-memcpy-stub.o)
                              freeRTOS/queue.o (memcpy)
c:/st/stm32cubeide_1.4.0/stm32cubeide/plugins/com.st.stm32cube.ide.mcu.externaltools.gnu-tools-for-stm32.7-2018-q2-update.win32_1.4.0.202007081208/tools/bin/../lib/gcc/arm-none-eabi/7.3.1/../../../../arm-none-eabi/lib/thumb/v7-m\libc_nano.a(lib_a-memset.o)
                              c:/st/stm32cubeide_1.4.0/stm32cubeide/plugins/com.st.stm32cube.ide.mcu.externaltools.gnu-tools-for-stm32.7-2018-q2-update.win32_1.4.0.202007081208/tools/bin/../lib/gcc/arm-none-eabi/7.3.1/../../../../arm-none-eabi/lib/thumb/v7-m/crt0.o (memset)
c:/st/stm32cubeide_1.4.0/stm32cubeide/plugins/com.st.stm32cube.ide.mcu.externaltools.gnu-tools-for-stm32.7-2018-q2-update.win32_1.4.0.202007081208/tools/bin/../lib/gcc/arm-none-eabi/7.3.1/thumb/v7-m\libgcc.a(_arm_addsubdf3.o)
                              STM32F103_DRIVER/02-MCAL/10-USART/USART_program.o (__aeabi_ui2d)
c:/st/stm32cubeide_1.4.0/stm32cubeide/plugins/com.st.stm32cube.ide.mcu.externaltools.gnu-tools-for-stm32.7-2018-q2-update.win32_1.4.0.202007081208/tools/bin/../lib/gcc/arm-none-eabi/7.3.1/thumb/v7-m\libgcc.a(_arm_muldivdf3.o)
                              STM32F103_DRIVER/02-MCAL/10-USART/USART_program.o (__aeabi_dmul)
c:/st/stm32cubeide_1.4.0/stm32cubeide/plugins/com.st.stm32cube.ide.mcu.externaltools.gnu-tools-for-stm32.7-2018-q2-update.win32_1.4.0.202007081208/tools/bin/../lib/gcc/arm-none-eabi/7.3.1/thumb/v7-m\libgcc.a(_arm_fixunsdfsi.o)
                              STM32F103_DRIVER/02-MCAL/10-USART/USART_program.o (__aeabi_d2uiz)
c:/st/stm32cubeide_1.4.0/stm32cubeide/plugins/com.st.stm32cube.ide.mcu.externaltools.gnu-tools-for-stm32.7-2018-q2-update.win32_1.4.0.202007081208/tools/bin/../lib/gcc/arm-none-eabi/7.3.1/../../../../arm-none-eabi/lib/thumb/v7-m\libnosys.a(_exit.o)
                              c:/st/stm32cubeide_1.4.0/stm32cubeide/plugins/com.st.stm32cube.ide.mcu.externaltools.gnu-tools-for-stm32.7-2018-q2-update.win32_1.4.0.202007081208/tools/bin/../lib/gcc/arm-none-eabi/7.3.1/../../../../arm-none-eabi/lib/thumb/v7-m\libc_nano.a(lib_a-exit.o) (_exit)

Allocating common symbols
Common symbol       size              file

BTN_prevState       0x1               Src/main.o
BTN_currentState    0x1               Src/main.o

Discarded input sections

 .text          0x0000000000000000        0x0 c:/st/stm32cubeide_1.4.0/stm32cubeide/plugins/com.st.stm32cube.ide.mcu.externaltools.gnu-tools-for-stm32.7-2018-q2-update.win32_1.4.0.202007081208/tools/bin/../lib/gcc/arm-none-eabi/7.3.1/thumb/v7-m/crti.o
 .data          0x0000000000000000        0x0 c:/st/stm32cubeide_1.4.0/stm32cubeide/plugins/com.st.stm32cube.ide.mcu.externaltools.gnu-tools-for-stm32.7-2018-q2-update.win32_1.4.0.202007081208/tools/bin/../lib/gcc/arm-none-eabi/7.3.1/thumb/v7-m/crti.o
[...]
Memory Configuration

Name             Origin             Length             Attributes
RAM              0x0000000020000000 0x0000000000002800 xrw
ROM              0x0000000008000000 0x0000000000008000 xr
*default*        0x0000000000000000 0xffffffffffffffff

Linker script and memory map

LOAD c:/st/stm32cubeide_1.4.0/stm32cubeide/plugins/com.st.stm32cube.ide.mcu.externaltools.gnu-tools-for-stm32.7-2018-q2-update.win32_1.4.0.202007081208/tools/bin/../lib/gcc/arm-none-eabi/7.3.1/thumb/v7-m/crti.o
LOAD c:/st/stm32cubeide_1.4.0/stm32cubeide/plugins/com.st.stm32cube.ide.mcu.externaltools.gnu-tools-for-stm32.7-2018-q2-update.win32_1.4.0.202007081208/tools/bin/../lib/gcc/arm-none-eabi/7.3.1/thumb/v7-m/crtbegin.o
LOAD c:/st/stm32cubeide_1.4.0/stm32cubeide/plugins/com.st.stm32cube.ide.mcu.externaltools.gnu-tools-for-stm32.7-2018-q2-update.win32_1.4.0.202007081208/tools/bin/../lib/gcc/arm-none-eabi/7.3.1/../../../../arm-none-eabi/lib/thumb/v7-m/crt0.o
LOAD STM32F103_DRIVER/02-MCAL/01-RCC/RCC_program.o
LOAD STM32F103_DRIVER/02-MCAL/02-GPIO/GPIO_program.o
LOAD STM32F103_DRIVER/02-MCAL/10-USART/USART_program.o
LOAD Src/main.o
LOAD Startup/startup_stm32f103t6ux.o
LOAD freeRTOS/croutine.o
LOAD freeRTOS/event_groups.o
LOAD freeRTOS/list.o
LOAD freeRTOS/queue.o
LOAD freeRTOS/stream_buffer.o
LOAD freeRTOS/tasks.o
LOAD freeRTOS/timers.o
LOAD freeRTOS/portable/GCC/ARM_CM3/port.o
LOAD freeRTOS/portable/MemMang/heap_4.o
START GROUP
LOAD c:/st/stm32cubeide_1.4.0/stm32cubeide/plugins/com.st.stm32cube.ide.mcu.externaltools.gnu-tools-for-stm32.7-2018-q2-update.win32_1.4.0.202007081208/tools/bin/../lib/gcc/arm-none-eabi/7.3.1/../../../../arm-none-eabi/lib/thumb/v7-m\libc_nano.a
LOAD c:/st/stm32cubeide_1.4.0/stm32cubeide/plugins/com.st.stm32cube.ide.mcu.externaltools.gnu-tools-for-stm32.7-2018-q2-update.win32_1.4.0.202007081208/tools/bin/../lib/gcc/arm-none-eabi/7.3.1/../../../../arm-none-eabi/lib/thumb/v7-m\libm.a
END GROUP
START GROUP
LOAD c:/st/stm32cubeide_1.4.0/stm32cubeide/plugins/com.st.stm32cube.ide.mcu.externaltools.gnu-tools-for-stm32.7-2018-q2-update.win32_1.4.0.202007081208/tools/bin/../lib/gcc/arm-none-eabi/7.3.1/thumb/v7-m\libgcc.a
LOAD c:/st/stm32cubeide_1.4.0/stm32cubeide/plugins/com.st.stm32cube.ide.mcu.externaltools.gnu-tools-for-stm32.7-2018-q2-update.win32_1.4.0.202007081208/tools/bin/../lib/gcc/arm-none-eabi/7.3.1/../../../../arm-none-eabi/lib/thumb/v7-m\libc_nano.a
END GROUP
START GROUP
LOAD c:/st/stm32cubeide_1.4.0/stm32cubeide/plugins/com.st.stm32cube.ide.mcu.externaltools.gnu-tools-for-stm32.7-2018-q2-update.win32_1.4.0.202007081208/tools/bin/../lib/gcc/arm-none-eabi/7.3.1/thumb/v7-m\libgcc.a
LOAD c:/st/stm32cubeide_1.4.0/stm32cubeide/plugins/com.st.stm32cube.ide.mcu.externaltools.gnu-tools-for-stm32.7-2018-q2-update.win32_1.4.0.202007081208/tools/bin/../lib/gcc/arm-none-eabi/7.3.1/../../../../arm-none-eabi/lib/thumb/v7-m\libc_nano.a
LOAD c:/st/stm32cubeide_1.4.0/stm32cubeide/plugins/com.st.stm32cube.ide.mcu.externaltools.gnu-tools-for-stm32.7-2018-q2-update.win32_1.4.0.202007081208/tools/bin/../lib/gcc/arm-none-eabi/7.3.1/../../../../arm-none-eabi/lib/thumb/v7-m\libnosys.a
END GROUP
START GROUP
LOAD c:/st/stm32cubeide_1.4.0/stm32cubeide/plugins/com.st.stm32cube.ide.mcu.externaltools.gnu-tools-for-stm32.7-2018-q2-update.win32_1.4.0.202007081208/tools/bin/../lib/gcc/arm-none-eabi/7.3.1/thumb/v7-m\libgcc.a
LOAD c:/st/stm32cubeide_1.4.0/stm32cubeide/plugins/com.st.stm32cube.ide.mcu.externaltools.gnu-tools-for-stm32.7-2018-q2-update.win32_1.4.0.202007081208/tools/bin/../lib/gcc/arm-none-eabi/7.3.1/../../../../arm-none-eabi/lib/thumb/v7-m\libc_nano.a
LOAD c:/st/stm32cubeide_1.4.0/stm32cubeide/plugins/com.st.stm32cube.ide.mcu.externaltools.gnu-tools-for-stm32.7-2018-q2-update.win32_1.4.0.202007081208/tools/bin/../lib/gcc/arm-none-eabi/7.3.1/../../../../arm-none-eabi/lib/thumb/v7-m\libnosys.a
END GROUP
LOAD c:/st/stm32cubeide_1.4.0/stm32cubeide/plugins/com.st.stm32cube.ide.mcu.externaltools.gnu-tools-for-stm32.7-2018-q2-update.win32_1.4.0.202007081208/tools/bin/../lib/gcc/arm-none-eabi/7.3.1/thumb/v7-m/crtend.o
LOAD c:/st/stm32cubeide_1.4.0/stm32cubeide/plugins/com.st.stm32cube.ide.mcu.externaltools.gnu-tools-for-stm32.7-2018-q2-update.win32_1.4.0.202007081208/tools/bin/../lib/gcc/arm-none-eabi/7.3.1/thumb/v7-m/crtn.o
                0x0000000020002800                _estack = (ORIGIN (RAM) + LENGTH (RAM))
                0x0000000000000200                _Min_Heap_Size = 0x200
                0x0000000000000400                _Min_Stack_Size = 0x400

.isr_vector     0x0000000008000000      0x130
                0x0000000008000000                . = ALIGN (0x4)
 *(.isr_vector)
 .isr_vector    0x0000000008000000      0x130 Startup/startup_stm32f103t6ux.o
                0x0000000008000000                g_pfnVectors
                0x0000000008000130                . = ALIGN (0x4)

.text           0x0000000008000130     0x2014
                0x0000000008000130                . = ALIGN (0x4)
 *(.text)
 .text          0x0000000008000130       0x40 c:/st/stm32cubeide_1.4.0/stm32cubeide/plugins/com.st.stm32cube.ide.mcu.externaltools.gnu-tools-for-stm32.7-2018-q2-update.win32_1.4.0.202007081208/tools/bin/../lib/gcc/arm-none-eabi/7.3.1/thumb/v7-m/crtbegin.o
 *(.text*)
 .text.RCC_voidEnableClock
                0x0000000008000170       0x80 STM32F103_DRIVER/02-MCAL/01-RCC/RCC_program.o
                0x0000000008000170                RCC_voidEnableClock
 .text.RCC_voidInitSysClocks
                0x00000000080001f0       0x9c STM32F103_DRIVER/02-MCAL/01-RCC/RCC_program.o
                0x00000000080001f0                RCC_voidInitSysClocks
 .text.GPIO_voidSetPinDirection
                0x000000000800028c      0x18c STM32F103_DRIVER/02-MCAL/02-GPIO/GPIO_program.o
                0x000000000800028c                GPIO_voidSetPinDirection
 .text.GPIO_voidSetPinValue
                0x0000000008000418       0xac STM32F103_DRIVER/02-MCAL/02-GPIO/GPIO_program.o
                0x0000000008000418                GPIO_voidSetPinValue
 .text.GPIO_u8GetPinValue
                0x00000000080004c4       0x78 STM32F103_DRIVER/02-MCAL/02-GPIO/GPIO_program.o
                0x00000000080004c4                GPIO_u8GetPinValue
 .text.USART1_IRQHandler
                0x000000000800053c       0x38 STM32F103_DRIVER/02-MCAL/10-USART/USART_program.o
                0x000000000800053c                USART1_IRQHandler
 .text.USART2_IRQHandler
                0x0000000008000574       0x38 STM32F103_DRIVER/02-MCAL/10-USART/USART_program.o
                0x0000000008000574                USART2_IRQHandler
 .text.USART3_IRQHandler
                0x00000000080005ac       0x3c STM32F103_DRIVER/02-MCAL/10-USART/USART_program.o
                0x00000000080005ac                USART3_IRQHandler
 .text.main     0x00000000080005e8       0x64 Src/main.o
                0x00000000080005e8                main
 .text.LED_Control
                0x000000000800064c       0x4c Src/main.o
                0x000000000800064c                LED_Control
 .text.ButtonStates
                0x0000000008000698       0x60 Src/main.o
                0x0000000008000698                ButtonStates
 .text.Reset_Handler
                0x00000000080006f8       0x50 Startup/startup_stm32f103t6ux.o
                0x00000000080006f8                Reset_Handler
 .text.Default_Handler
                0x0000000008000748        0x2 Startup/startup_stm32f103t6ux.o
                0x0000000008000748                EXTI2_IRQHandler
                0x0000000008000748                TIM8_TRG_COM_IRQHandler
                0x0000000008000748                TIM8_CC_IRQHandler
                0x0000000008000748                DebugMon_Handler
                0x0000000008000748                TIM1_CC_IRQHandler
                0x0000000008000748                HardFault_Handler
                0x0000000008000748                TIM6_IRQHandler
                0x0000000008000748                PVD_IRQHandler
                0x0000000008000748                SDIO_IRQHandler
                0x0000000008000748                NMI_Handler
                0x0000000008000748                EXTI3_IRQHandler
                0x0000000008000748                USB_HP_CAN_TX_IRQHandler
                0x0000000008000748                EXTI0_IRQHandler
                0x0000000008000748                I2C2_EV_IRQHandler
                0x0000000008000748                UsageFault_Handler
                0x0000000008000748                ADC1_2_IRQHandler
                0x0000000008000748                SPI1_IRQHandler
                0x0000000008000748                CAN_SCE_IRQHandler
                0x0000000008000748                TAMPER_IRQHandler
                0x0000000008000748                TIM8_UP_IRQHandler
                0x0000000008000748                DMA2_Channel2_IRQHandler
                0x0000000008000748                DMA1_Channel4_IRQHandler
                0x0000000008000748                RTC_IRQHandler
                0x0000000008000748                DMA1_Channel7_IRQHandler
                0x0000000008000748                UART5_IRQHandler
                0x0000000008000748                ADC3_IRQHandler
                0x0000000008000748                TIM4_IRQHandler
                0x0000000008000748                CAN_RX1_IRQHandler
                0x0000000008000748                DMA2_Channel1_IRQHandler
                0x0000000008000748                I2C1_EV_IRQHandler
                0x0000000008000748                DMA1_Channel6_IRQHandler
                0x0000000008000748                UART4_IRQHandler
                0x0000000008000748                TIM3_IRQHandler
                0x0000000008000748                RCC_IRQHandler
                0x0000000008000748                TIM1_TRG_COM_IRQHandler
                0x0000000008000748                DMA1_Channel1_IRQHandler
                0x0000000008000748                Default_Handler
                0x0000000008000748                EXTI15_10_IRQHandler
                0x0000000008000748                TIM7_IRQHandler
                0x0000000008000748                TIM5_IRQHandler
                0x0000000008000748                EXTI9_5_IRQHandler
                0x0000000008000748                SPI2_IRQHandler
                0x0000000008000748                USB_LP_CAN_RX0_IRQHandler
                0x0000000008000748                MemManage_Handler
                0x0000000008000748                DMA1_Channel5_IRQHandler
                0x0000000008000748                EXTI4_IRQHandler
                0x0000000008000748                DMA1_Channel3_IRQHandler
                0x0000000008000748                FSMC_IRQHandler
                0x0000000008000748                TIM1_UP_IRQHandler
                0x0000000008000748                WWDG_IRQHandler
                0x0000000008000748                TIM2_IRQHandler
                0x0000000008000748                TIM1_BRK_IRQHandler
                0x0000000008000748                EXTI1_IRQHandler
                0x0000000008000748                RTCAlarm_IRQHandler
                0x0000000008000748                DMA2_Channel4_5_IRQHandler
                0x0000000008000748                I2C2_ER_IRQHandler
                0x0000000008000748                DMA1_Channel2_IRQHandler
                0x0000000008000748                TIM8_BRK_IRQHandler
                0x0000000008000748                FLASH_IRQHandler
                0x0000000008000748                BusFault_Handler
                0x0000000008000748                SPI3_IRQHandler
                0x0000000008000748                I2C1_ER_IRQHandler
                0x0000000008000748                DMA2_Channel3_IRQHandler
 .text.vListInitialise
                0x000000000800074a       0x3e freeRTOS/list.o
                0x000000000800074a                vListInitialise
 .text.vListInitialiseItem
                0x0000000008000788       0x18 freeRTOS/list.o
                0x0000000008000788                vListInitialiseItem
 .text.vListInsert
                0x00000000080007a0       0x70 freeRTOS/list.o
                0x00000000080007a0                vListInsert
 .text.uxListRemove
                0x0000000008000810       0x52 freeRTOS/list.o
                0x0000000008000810                uxListRemove
 *fill*         0x0000000008000862        0x2 
 .text.xQueueGenericReset
                0x0000000008000864       0xf4 freeRTOS/queue.o
                0x0000000008000864                xQueueGenericReset
 .text.xQueueGenericCreate
                0x0000000008000958       0x8a freeRTOS/queue.o
                0x0000000008000958                xQueueGenericCreate
 .text.prvInitialiseNewQueue
                0x00000000080009e2       0x3e freeRTOS/queue.o
 .text.xQueueGenericSend
                0x0000000008000a20      0x154 freeRTOS/queue.o
                0x0000000008000a20                xQueueGenericSend
 .text.xQueueSemaphoreTake
                0x0000000008000b74      0x13c freeRTOS/queue.o
                0x0000000008000b74                xQueueSemaphoreTake
 .text.prvCopyDataToQueue
                0x0000000008000cb0       0xb8 freeRTOS/queue.o
 .text.prvUnlockQueue
                0x0000000008000d68       0xa4 freeRTOS/queue.o
 .text.prvIsQueueEmpty
                0x0000000008000e0c       0x2c freeRTOS/queue.o
 .text.prvIsQueueFull
                0x0000000008000e38       0x30 freeRTOS/queue.o
 .text.xTaskCreate
                0x0000000008000e68       0x82 freeRTOS/tasks.o
                0x0000000008000e68                xTaskCreate
 .text.prvInitialiseNewTask
                0x0000000008000eea       0xf0 freeRTOS/tasks.o
 *fill*         0x0000000008000fda        0x2 
 .text.prvAddNewTaskToReadyList
                0x0000000008000fdc      0x124 freeRTOS/tasks.o
 .text.vTaskDelay
                0x0000000008001100       0x48 freeRTOS/tasks.o
                0x0000000008001100                vTaskDelay
 .text.vTaskStartScheduler
                0x0000000008001148       0x74 freeRTOS/tasks.o
                0x0000000008001148                vTaskStartScheduler
 .text.vTaskSuspendAll
                0x00000000080011bc       0x1c freeRTOS/tasks.o
                0x00000000080011bc                vTaskSuspendAll
 .text.xTaskResumeAll
                0x00000000080011d8      0x1d8 freeRTOS/tasks.o
                0x00000000080011d8                xTaskResumeAll
 .text.xTaskIncrementTick
                0x00000000080013b0      0x20c freeRTOS/tasks.o
                0x00000000080013b0                xTaskIncrementTick
 .text.vTaskSwitchContext
                0x00000000080015bc       0x8c freeRTOS/tasks.o
                0x00000000080015bc                vTaskSwitchContext
 .text.vTaskPlaceOnEventList
                0x0000000008001648       0x2c freeRTOS/tasks.o
                0x0000000008001648                vTaskPlaceOnEventList
 .text.xTaskRemoveFromEventList
                0x0000000008001674      0x190 freeRTOS/tasks.o
                0x0000000008001674                xTaskRemoveFromEventList
 .text.vTaskInternalSetTimeOutState
                0x0000000008001804       0x2c freeRTOS/tasks.o
                0x0000000008001804                vTaskInternalSetTimeOutState
 .text.xTaskCheckForTimeOut
                0x0000000008001830       0x94 freeRTOS/tasks.o
                0x0000000008001830                xTaskCheckForTimeOut
 .text.vTaskMissedYield
                0x00000000080018c4       0x18 freeRTOS/tasks.o
                0x00000000080018c4                vTaskMissedYield
 .text.prvIdleTask
                0x00000000080018dc       0x30 freeRTOS/tasks.o
 .text.prvInitialiseTaskLists
                0x000000000800190c       0x80 freeRTOS/tasks.o
 .text.prvCheckTasksWaitingTermination
                0x000000000800198c       0x58 freeRTOS/tasks.o
 .text.prvDeleteTCB
                0x00000000080019e4       0x20 freeRTOS/tasks.o
 .text.prvResetNextTaskUnblockTime
                0x0000000008001a04       0x34 freeRTOS/tasks.o
 .text.prvAddCurrentTaskToDelayedList
                0x0000000008001a38      0x100 freeRTOS/tasks.o
 .text.pxPortInitialiseStack
                0x0000000008001b38       0x58 freeRTOS/portable/GCC/ARM_CM3/port.o
                0x0000000008001b38                pxPortInitialiseStack
 .text.prvTaskExitError
                0x0000000008001b90       0x2e freeRTOS/portable/GCC/ARM_CM3/port.o
 *fill*         0x0000000008001bbe        0x2 
 .text.SVC_Handler
                0x0000000008001bc0       0x28 freeRTOS/portable/GCC/ARM_CM3/port.o
                0x0000000008001bc0                SVC_Handler
 .text.prvPortStartFirstTask
                0x0000000008001be8       0x24 freeRTOS/portable/GCC/ARM_CM3/port.o
 .text.xPortStartScheduler
                0x0000000008001c0c       0x40 freeRTOS/portable/GCC/ARM_CM3/port.o
                0x0000000008001c0c                xPortStartScheduler
 .text.vPortEnterCritical
                0x0000000008001c4c       0x30 freeRTOS/portable/GCC/ARM_CM3/port.o
                0x0000000008001c4c                vPortEnterCritical
 .text.vPortExitCritical
                0x0000000008001c7c       0x30 freeRTOS/portable/GCC/ARM_CM3/port.o
                0x0000000008001c7c                vPortExitCritical
 *fill*         0x0000000008001cac        0x4 
 .text.PendSV_Handler
                0x0000000008001cb0       0x48 freeRTOS/portable/GCC/ARM_CM3/port.o
                0x0000000008001cb0                PendSV_Handler
 .text.SysTick_Handler
                0x0000000008001cf8       0x40 freeRTOS/portable/GCC/ARM_CM3/port.o
                0x0000000008001cf8                SysTick_Handler
 .text.vPortSetupTimerInterrupt
                0x0000000008001d38       0x34 freeRTOS/portable/GCC/ARM_CM3/port.o
                0x0000000008001d38                vPortSetupTimerInterrupt
 .text.pvPortMalloc
                0x0000000008001d6c      0x15c freeRTOS/portable/MemMang/heap_4.o
                0x0000000008001d6c                pvPortMalloc
 .text.vPortFree
                0x0000000008001ec8       0x80 freeRTOS/portable/MemMang/heap_4.o
                0x0000000008001ec8                vPortFree
 .text.prvHeapInit
                0x0000000008001f48       0xc4 freeRTOS/portable/MemMang/heap_4.o
 .text.prvInsertBlockIntoFreeList
                0x000000000800200c       0xb0 freeRTOS/portable/MemMang/heap_4.o
 .text.__libc_init_array
                0x00000000080020bc       0x48 c:/st/stm32cubeide_1.4.0/stm32cubeide/plugins/com.st.stm32cube.ide.mcu.externaltools.gnu-tools-for-stm32.7-2018-q2-update.win32_1.4.0.202007081208/tools/bin/../lib/gcc/arm-none-eabi/7.3.1/../../../../arm-none-eabi/lib/thumb/v7-m\libc_nano.a(lib_a-init.o)
                0x00000000080020bc                __libc_init_array
 .text.memcpy   0x0000000008002104       0x16 c:/st/stm32cubeide_1.4.0/stm32cubeide/plugins/com.st.stm32cube.ide.mcu.externaltools.gnu-tools-for-stm32.7-2018-q2-update.win32_1.4.0.202007081208/tools/bin/../lib/gcc/arm-none-eabi/7.3.1/../../../../arm-none-eabi/lib/thumb/v7-m\libc_nano.a(lib_a-memcpy-stub.o)
                0x0000000008002104                memcpy
 .text.memset   0x000000000800211a       0x10 c:/st/stm32cubeide_1.4.0/stm32cubeide/plugins/com.st.stm32cube.ide.mcu.externaltools.gnu-tools-for-stm32.7-2018-q2-update.win32_1.4.0.202007081208/tools/bin/../lib/gcc/arm-none-eabi/7.3.1/../../../../arm-none-eabi/lib/thumb/v7-m\libc_nano.a(lib_a-memset.o)
                0x000000000800211a                memset
 *(.glue_7)
 .glue_7        0x000000000800212a        0x0 linker stubs
 *(.glue_7t)
 .glue_7t       0x000000000800212a        0x0 linker stubs
 *(.eh_frame)
 *fill*         0x000000000800212a        0x2 
 .eh_frame      0x000000000800212c        0x0 c:/st/stm32cubeide_1.4.0/stm32cubeide/plugins/com.st.stm32cube.ide.mcu.externaltools.gnu-tools-for-stm32.7-2018-q2-update.win32_1.4.0.202007081208/tools/bin/../lib/gcc/arm-none-eabi/7.3.1/thumb/v7-m/crtbegin.o
 *(.init)
 .init          0x000000000800212c        0x4 c:/st/stm32cubeide_1.4.0/stm32cubeide/plugins/com.st.stm32cube.ide.mcu.externaltools.gnu-tools-for-stm32.7-2018-q2-update.win32_1.4.0.202007081208/tools/bin/../lib/gcc/arm-none-eabi/7.3.1/thumb/v7-m/crti.o
                0x000000000800212c                _init
 .init          0x0000000008002130        0x8 c:/st/stm32cubeide_1.4.0/stm32cubeide/plugins/com.st.stm32cube.ide.mcu.externaltools.gnu-tools-for-stm32.7-2018-q2-update.win32_1.4.0.202007081208/tools/bin/../lib/gcc/arm-none-eabi/7.3.1/thumb/v7-m/crtn.o
 *(.fini)
 .fini          0x0000000008002138        0x4 c:/st/stm32cubeide_1.4.0/stm32cubeide/plugins/com.st.stm32cube.ide.mcu.externaltools.gnu-tools-for-stm32.7-2018-q2-update.win32_1.4.0.202007081208/tools/bin/../lib/gcc/arm-none-eabi/7.3.1/thumb/v7-m/crti.o
                0x0000000008002138                _fini
 .fini          0x000000000800213c        0x8 c:/st/stm32cubeide_1.4.0/stm32cubeide/plugins/com.st.stm32cube.ide.mcu.externaltools.gnu-tools-for-stm32.7-2018-q2-update.win32_1.4.0.202007081208/tools/bin/../lib/gcc/arm-none-eabi/7.3.1/thumb/v7-m/crtn.o
                0x0000000008002144                . = ALIGN (0x4)
                0x0000000008002144                _etext = .

.vfp11_veneer   0x0000000008002144        0x0
 .vfp11_veneer  0x0000000008002144        0x0 linker stubs

.v4_bx          0x0000000008002144        0x0
 .v4_bx         0x0000000008002144        0x0 linker stubs

.iplt           0x0000000008002144        0x0
 .iplt          0x0000000008002144        0x0 c:/st/stm32cubeide_1.4.0/stm32cubeide/plugins/com.st.stm32cube.ide.mcu.externaltools.gnu-tools-for-stm32.7-2018-q2-update.win32_1.4.0.202007081208/tools/bin/../lib/gcc/arm-none-eabi/7.3.1/thumb/v7-m/crtbegin.o

.rodata         0x0000000008002144       0x1c
                0x0000000008002144                . = ALIGN (0x4)
 *(.rodata)
 .rodata        0x0000000008002144       0x13 Src/main.o
 *fill*         0x0000000008002157        0x1 
 .rodata        0x0000000008002158        0x5 freeRTOS/tasks.o
 *(.rodata*)
                0x0000000008002160                . = ALIGN (0x4)
 *fill*         0x000000000800215d        0x3 

.rel.dyn        0x0000000008002160        0x0
 .rel.iplt      0x0000000008002160        0x0 c:/st/stm32cubeide_1.4.0/stm32cubeide/plugins/com.st.stm32cube.ide.mcu.externaltools.gnu-tools-for-stm32.7-2018-q2-update.win32_1.4.0.202007081208/tools/bin/../lib/gcc/arm-none-eabi/7.3.1/thumb/v7-m/crtbegin.o

.ARM.extab      0x0000000008002160        0x0
                0x0000000008002160                . = ALIGN (0x4)
 *(.ARM.extab* .gnu.linkonce.armextab.*)
                0x0000000008002160                . = ALIGN (0x4)

.ARM            0x0000000008002160        0x0
                0x0000000008002160                . = ALIGN (0x4)
                0x0000000008002160                __exidx_start = .
 *(.ARM.exidx*)
                0x0000000008002160                __exidx_end = .
                0x0000000008002160                . = ALIGN (0x4)

.preinit_array  0x0000000008002160        0x0
                0x0000000008002160                . = ALIGN (0x4)
                0x0000000008002160                PROVIDE (__preinit_array_start = .)
 *(.preinit_array*)
                0x0000000008002160                PROVIDE (__preinit_array_end = .)
                0x0000000008002160                . = ALIGN (0x4)

.init_array     0x0000000008002160        0x4
                0x0000000008002160                . = ALIGN (0x4)
                0x0000000008002160                PROVIDE (__init_array_start = .)
 *(SORT_BY_NAME(.init_array.*))
 *(.init_array*)
 .init_array    0x0000000008002160        0x4 c:/st/stm32cubeide_1.4.0/stm32cubeide/plugins/com.st.stm32cube.ide.mcu.externaltools.gnu-tools-for-stm32.7-2018-q2-update.win32_1.4.0.202007081208/tools/bin/../lib/gcc/arm-none-eabi/7.3.1/thumb/v7-m/crtbegin.o
                0x0000000008002164                PROVIDE (__init_array_end = .)
                0x0000000008002164                . = ALIGN (0x4)

.fini_array     0x0000000008002164        0x4
                0x0000000008002164                . = ALIGN (0x4)
                [!provide]                        PROVIDE (__fini_array_start = .)
 *(SORT_BY_NAME(.fini_array.*))
 *(.fini_array*)
 .fini_array    0x0000000008002164        0x4 c:/st/stm32cubeide_1.4.0/stm32cubeide/plugins/com.st.stm32cube.ide.mcu.externaltools.gnu-tools-for-stm32.7-2018-q2-update.win32_1.4.0.202007081208/tools/bin/../lib/gcc/arm-none-eabi/7.3.1/thumb/v7-m/crtbegin.o
                [!provide]                        PROVIDE (__fini_array_end = .)
                0x0000000008002168                . = ALIGN (0x4)
                0x0000000008002168                _sidata = LOADADDR (.data)

.data           0x0000000020000000        0x8 load address 0x0000000008002168
                0x0000000020000000                . = ALIGN (0x4)
                0x0000000020000000                _sdata = .
 *(.data)
 *(.data*)
 .data.uxTopUsedPriority
                0x0000000020000000        0x4 freeRTOS/tasks.o
                0x0000000020000000                uxTopUsedPriority
 .data.uxCriticalNesting
                0x0000000020000004        0x4 freeRTOS/portable/GCC/ARM_CM3/port.o
                0x0000000020000008                . = ALIGN (0x4)
                0x0000000020000008                _edata = .

.igot.plt       0x0000000020000008        0x0 load address 0x0000000008002170
 .igot.plt      0x0000000020000008        0x0 c:/st/stm32cubeide_1.4.0/stm32cubeide/plugins/com.st.stm32cube.ide.mcu.externaltools.gnu-tools-for-stm32.7-2018-q2-update.win32_1.4.0.202007081208/tools/bin/../lib/gcc/arm-none-eabi/7.3.1/thumb/v7-m/crtbegin.o
                0x0000000020000008                . = ALIGN (0x4)

.bss            0x0000000020000008     0x215c load address 0x0000000008002170
                0x0000000020000008                _sbss = .
                0x0000000020000008                __bss_start__ = _sbss
 *(.bss)
 .bss           0x0000000020000008       0x1c c:/st/stm32cubeide_1.4.0/stm32cubeide/plugins/com.st.stm32cube.ide.mcu.externaltools.gnu-tools-for-stm32.7-2018-q2-update.win32_1.4.0.202007081208/tools/bin/../lib/gcc/arm-none-eabi/7.3.1/thumb/v7-m/crtbegin.o
 *(.bss*)
 .bss.Global_USART_Config
                0x0000000020000024        0xc STM32F103_DRIVER/02-MCAL/10-USART/USART_program.o
 .bss.LEDHandler
                0x0000000020000030        0x4 Src/main.o
                0x0000000020000030                LEDHandler
 .bss.ButtonHandler
                0x0000000020000034        0x4 Src/main.o
                0x0000000020000034                ButtonHandler
 .bss.xSemaphore
                0x0000000020000038        0x4 Src/main.o
                0x0000000020000038                xSemaphore
 .bss.pxCurrentTCB
                0x000000002000003c        0x4 freeRTOS/tasks.o
                0x000000002000003c                pxCurrentTCB
 .bss.pxReadyTasksLists
                0x0000000020000040       0x64 freeRTOS/tasks.o
 .bss.xDelayedTaskList1
                0x00000000200000a4       0x14 freeRTOS/tasks.o
 .bss.xDelayedTaskList2
                0x00000000200000b8       0x14 freeRTOS/tasks.o
 .bss.pxDelayedTaskList
                0x00000000200000cc        0x4 freeRTOS/tasks.o
 .bss.pxOverflowDelayedTaskList
                0x00000000200000d0        0x4 freeRTOS/tasks.o
 .bss.xPendingReadyList
                0x00000000200000d4       0x14 freeRTOS/tasks.o
 .bss.xTasksWaitingTermination
                0x00000000200000e8       0x14 freeRTOS/tasks.o
 .bss.uxDeletedTasksWaitingCleanUp
                0x00000000200000fc        0x4 freeRTOS/tasks.o
 .bss.xSuspendedTaskList
                0x0000000020000100       0x14 freeRTOS/tasks.o
 .bss.uxCurrentNumberOfTasks
                0x0000000020000114        0x4 freeRTOS/tasks.o
 .bss.xTickCount
                0x0000000020000118        0x4 freeRTOS/tasks.o
 .bss.uxTopReadyPriority
                0x000000002000011c        0x4 freeRTOS/tasks.o
 .bss.xSchedulerRunning
                0x0000000020000120        0x4 freeRTOS/tasks.o
 .bss.xPendedTicks
                0x0000000020000124        0x4 freeRTOS/tasks.o
 .bss.xYieldPending
                0x0000000020000128        0x4 freeRTOS/tasks.o
 .bss.xNumOfOverflows
                0x000000002000012c        0x4 freeRTOS/tasks.o
 .bss.uxTaskNumber
                0x0000000020000130        0x4 freeRTOS/tasks.o
 .bss.xNextTaskUnblockTime
                0x0000000020000134        0x4 freeRTOS/tasks.o
 .bss.xIdleTaskHandle
                0x0000000020000138        0x4 freeRTOS/tasks.o
 .bss.uxSchedulerSuspended
                0x000000002000013c        0x4 freeRTOS/tasks.o
 .bss.ucHeap    0x0000000020000140     0x2000 freeRTOS/portable/MemMang/heap_4.o
 .bss.xStart    0x0000000020002140        0x8 freeRTOS/portable/MemMang/heap_4.o
 .bss.pxEnd     0x0000000020002148        0x4 freeRTOS/portable/MemMang/heap_4.o
 .bss.xFreeBytesRemaining
                0x000000002000214c        0x4 freeRTOS/portable/MemMang/heap_4.o
 .bss.xMinimumEverFreeBytesRemaining
                0x0000000020002150        0x4 freeRTOS/portable/MemMang/heap_4.o
 .bss.xNumberOfSuccessfulAllocations
                0x0000000020002154        0x4 freeRTOS/portable/MemMang/heap_4.o
 .bss.xNumberOfSuccessfulFrees
                0x0000000020002158        0x4 freeRTOS/portable/MemMang/heap_4.o
 .bss.xBlockAllocatedBit
                0x000000002000215c        0x4 freeRTOS/portable/MemMang/heap_4.o
 *(COMMON)
 COMMON         0x0000000020002160        0x2 Src/main.o
                0x0000000020002160                BTN_prevState
                0x0000000020002161                BTN_currentState
                0x0000000020002164                . = ALIGN (0x4)
 *fill*         0x0000000020002162        0x2 
                0x0000000020002164                _ebss = .
                0x0000000020002164                __bss_end__ = _ebss

._user_heap_stack
                0x0000000020002164      0x604 load address 0x0000000008002170
                0x0000000020002168                . = ALIGN (0x8)
 *fill*         0x0000000020002164        0x4 
                [!provide]                        PROVIDE (end = .)
                [!provide]                        PROVIDE (_end = .)
                0x0000000020002368                . = (. + _Min_Heap_Size)
 *fill*         0x0000000020002168      0x200 
                0x0000000020002768                . = (. + _Min_Stack_Size)
 *fill*         0x0000000020002368      0x400 
                0x0000000020002768                . = ALIGN (0x8)

/DISCARD/
 libc.a(*)
 libm.a(*)
 libgcc.a(*)

.ARM.attributes
                0x0000000000000000       0x29
 *(.ARM.attributes)
 .ARM.attributes
                0x0000000000000000       0x1d c:/st/stm32cubeide_1.4.0/stm32cubeide/plugins/com.st.stm32cube.ide.mcu.externaltools.gnu-tools-for-stm32.7-2018-q2-update.win32_1.4.0.202007081208/tools/bin/../lib/gcc/arm-none-eabi/7.3.1/thumb/v7-m/crti.o
 .ARM.attributes
                0x000000000000001d       0x2d c:/st/stm32cubeide_1.4.0/stm32cubeide/plugins/com.st.stm32cube.ide.mcu.externaltools.gnu-tools-for-stm32.7-2018-q2-update.win32_1.4.0.202007081208/tools/bin/../lib/gcc/arm-none-eabi/7.3.1/thumb/v7-m/crtbegin.o
 .ARM.attributes
                0x000000000000004a       0x33 STM32F103_DRIVER/02-MCAL/01-RCC/RCC_program.o
 .ARM.attributes
                0x000000000000007d       0x33 STM32F103_DRIVER/02-MCAL/02-GPIO/GPIO_program.o
 .ARM.attributes
                0x00000000000000b0       0x33 STM32F103_DRIVER/02-MCAL/10-USART/USART_program.o
 .ARM.attributes
                0x00000000000000e3       0x33 Src/main.o
 .ARM.attributes
                0x0000000000000116       0x21 Startup/startup_stm32f103t6ux.o
 .ARM.attributes
                0x0000000000000137       0x33 freeRTOS/list.o
 .ARM.attributes
                0x000000000000016a       0x33 freeRTOS/queue.o
 .ARM.attributes
                0x000000000000019d       0x33 freeRTOS/tasks.o
 .ARM.attributes
                0x00000000000001d0       0x33 freeRTOS/portable/GCC/ARM_CM3/port.o
 .ARM.attributes
                0x0000000000000203       0x33 freeRTOS/portable/MemMang/heap_4.o
 .ARM.attributes
                0x0000000000000236       0x2d c:/st/stm32cubeide_1.4.0/stm32cubeide/plugins/com.st.stm32cube.ide.mcu.externaltools.gnu-tools-for-stm32.7-2018-q2-update.win32_1.4.0.202007081208/tools/bin/../lib/gcc/arm-none-eabi/7.3.1/../../../../arm-none-eabi/lib/thumb/v7-m\libc_nano.a(lib_a-init.o)
 .ARM.attributes
                0x0000000000000263       0x2d c:/st/stm32cubeide_1.4.0/stm32cubeide/plugins/com.st.stm32cube.ide.mcu.externaltools.gnu-tools-for-stm32.7-2018-q2-update.win32_1.4.0.202007081208/tools/bin/../lib/gcc/arm-none-eabi/7.3.1/../../../../arm-none-eabi/lib/thumb/v7-m\libc_nano.a(lib_a-memcpy-stub.o)
 .ARM.attributes
                0x0000000000000290       0x2d c:/st/stm32cubeide_1.4.0/stm32cubeide/plugins/com.st.stm32cube.ide.mcu.externaltools.gnu-tools-for-stm32.7-2018-q2-update.win32_1.4.0.202007081208/tools/bin/../lib/gcc/arm-none-eabi/7.3.1/../../../../arm-none-eabi/lib/thumb/v7-m\libc_nano.a(lib_a-memset.o)
 .ARM.attributes
                0x00000000000002bd       0x1d c:/st/stm32cubeide_1.4.0/stm32cubeide/plugins/com.st.stm32cube.ide.mcu.externaltools.gnu-tools-for-stm32.7-2018-q2-update.win32_1.4.0.202007081208/tools/bin/../lib/gcc/arm-none-eabi/7.3.1/thumb/v7-m/crtn.o
OUTPUT(freeRTOS.axf elf32-littlearm)

.debug_info     0x0000000000000000     0x5d5d
 .debug_info    0x0000000000000000       0xf7 STM32F103_DRIVER/02-MCAL/01-RCC/RCC_program.o
 .debug_info    0x00000000000000f7      0x36a STM32F103_DRIVER/02-MCAL/02-GPIO/GPIO_program.o
 .debug_info    0x0000000000000461      0x6de STM32F103_DRIVER/02-MCAL/10-USART/USART_program.o
 .debug_info    0x0000000000000b3f      0x259 Src/main.o
 .debug_info    0x0000000000000d98       0x22 Startup/startup_stm32f103t6ux.o
 .debug_info    0x0000000000000dba      0xac0 freeRTOS/list.o
 .debug_info    0x000000000000187a     0x15d9 freeRTOS/queue.o
 .debug_info    0x0000000000002e53     0x201c freeRTOS/tasks.o
 .debug_info    0x0000000000004e6f      0x2df freeRTOS/portable/GCC/ARM_CM3/port.o
 .debug_info    0x000000000000514e      0xc0f freeRTOS/portable/MemMang/heap_4.o

.debug_abbrev   0x0000000000000000      0xffd
 .debug_abbrev  0x0000000000000000       0xaf STM32F103_DRIVER/02-MCAL/01-RCC/RCC_program.o
 .debug_abbrev  0x00000000000000af      0x15f STM32F103_DRIVER/02-MCAL/02-GPIO/GPIO_program.o
 .debug_abbrev  0x000000000000020e      0x176 STM32F103_DRIVER/02-MCAL/10-USART/USART_program.o
 .debug_abbrev  0x0000000000000384       0xce Src/main.o
 .debug_abbrev  0x0000000000000452       0x12 Startup/startup_stm32f103t6ux.o
 .debug_abbrev  0x0000000000000464      0x1cf freeRTOS/list.o
 .debug_abbrev  0x0000000000000633      0x28c freeRTOS/queue.o
 .debug_abbrev  0x00000000000008bf      0x336 freeRTOS/tasks.o
 .debug_abbrev  0x0000000000000bf5      0x1cb freeRTOS/portable/GCC/ARM_CM3/port.o
 .debug_abbrev  0x0000000000000dc0      0x23d freeRTOS/portable/MemMang/heap_4.o

.debug_aranges  0x0000000000000000      0x4b0
 .debug_aranges
                0x0000000000000000       0x30 STM32F103_DRIVER/02-MCAL/01-RCC/RCC_program.o
 .debug_aranges
                0x0000000000000030       0x50 STM32F103_DRIVER/02-MCAL/02-GPIO/GPIO_program.o
 .debug_aranges
                0x0000000000000080       0x80 STM32F103_DRIVER/02-MCAL/10-USART/USART_program.o
 .debug_aranges
                0x0000000000000100       0x30 Src/main.o
 .debug_aranges
                0x0000000000000130       0x28 Startup/startup_stm32f103t6ux.o
 .debug_aranges
                0x0000000000000158       0x40 freeRTOS/list.o
 .debug_aranges
                0x0000000000000198       0xc8 freeRTOS/queue.o
 .debug_aranges
                0x0000000000000260      0x188 freeRTOS/tasks.o
 .debug_aranges
                0x00000000000003e8       0x70 freeRTOS/portable/GCC/ARM_CM3/port.o
 .debug_aranges
                0x0000000000000458       0x58 freeRTOS/portable/MemMang/heap_4.o

.debug_ranges   0x0000000000000000      0x418
 .debug_ranges  0x0000000000000000       0x20 STM32F103_DRIVER/02-MCAL/01-RCC/RCC_program.o
 .debug_ranges  0x0000000000000020       0x40 STM32F103_DRIVER/02-MCAL/02-GPIO/GPIO_program.o
 .debug_ranges  0x0000000000000060       0x70 STM32F103_DRIVER/02-MCAL/10-USART/USART_program.o
 .debug_ranges  0x00000000000000d0       0x20 Src/main.o
 .debug_ranges  0x00000000000000f0       0x20 Startup/startup_stm32f103t6ux.o
 .debug_ranges  0x0000000000000110       0x30 freeRTOS/list.o
 .debug_ranges  0x0000000000000140       0xb8 freeRTOS/queue.o
 .debug_ranges  0x00000000000001f8      0x178 freeRTOS/tasks.o
 .debug_ranges  0x0000000000000370       0x60 freeRTOS/portable/GCC/ARM_CM3/port.o
 .debug_ranges  0x00000000000003d0       0x48 freeRTOS/portable/MemMang/heap_4.o

.debug_macro    0x0000000000000000     0x2c74
 .debug_macro   0x0000000000000000       0x49 STM32F103_DRIVER/02-MCAL/01-RCC/RCC_program.o
 .debug_macro   0x0000000000000049      0xa60 STM32F103_DRIVER/02-MCAL/01-RCC/RCC_program.o
 .debug_macro   0x0000000000000aa9       0x34 STM32F103_DRIVER/02-MCAL/01-RCC/RCC_program.o
 .debug_macro   0x0000000000000add       0x28 STM32F103_DRIVER/02-MCAL/01-RCC/RCC_program.o
 .debug_macro   0x0000000000000b05       0x34 STM32F103_DRIVER/02-MCAL/01-RCC/RCC_program.o
 .debug_macro   0x0000000000000b39      0x310 STM32F103_DRIVER/02-MCAL/01-RCC/RCC_program.o
 .debug_macro   0x0000000000000e49       0x49 STM32F103_DRIVER/02-MCAL/02-GPIO/GPIO_program.o
 .debug_macro   0x0000000000000e92       0x64 STM32F103_DRIVER/02-MCAL/02-GPIO/GPIO_program.o
 .debug_macro   0x0000000000000ef6       0x2e STM32F103_DRIVER/02-MCAL/02-GPIO/GPIO_program.o
 .debug_macro   0x0000000000000f24       0x65 STM32F103_DRIVER/02-MCAL/10-USART/USART_program.o
 .debug_macro   0x0000000000000f89       0x64 STM32F103_DRIVER/02-MCAL/10-USART/USART_program.o
 .debug_macro   0x0000000000000fed       0x2e STM32F103_DRIVER/02-MCAL/10-USART/USART_program.o
 .debug_macro   0x000000000000101b      0x12d Src/main.o
 .debug_macro   0x0000000000001148       0x5e Src/main.o
 .debug_macro   0x00000000000011a6      0x174 Src/main.o
 .debug_macro   0x000000000000131a       0x22 Src/main.o
 .debug_macro   0x000000000000133c       0x8e Src/main.o
 .debug_macro   0x00000000000013ca       0x51 Src/main.o
 .debug_macro   0x000000000000141b       0xef Src/main.o
 .debug_macro   0x000000000000150a       0x6a Src/main.o
 .debug_macro   0x0000000000001574      0x1df Src/main.o
 .debug_macro   0x0000000000001753       0xb8 Src/main.o
 .debug_macro   0x000000000000180b      0x15a Src/main.o
 .debug_macro   0x0000000000001965       0xe3 Src/main.o
 .debug_macro   0x0000000000001a48       0x28 Src/main.o
 .debug_macro   0x0000000000001a70       0x1f Src/main.o
 .debug_macro   0x0000000000001a8f       0x12 Src/main.o
 .debug_macro   0x0000000000001aa1      0x55f Src/main.o
 .debug_macro   0x0000000000002000       0xc3 Src/main.o
 .debug_macro   0x00000000000020c3      0x120 Src/main.o
 .debug_macro   0x00000000000021e3       0x80 Src/main.o
 .debug_macro   0x0000000000002263       0x69 Src/main.o
 .debug_macro   0x00000000000022cc      0x18b freeRTOS/list.o
 .debug_macro   0x0000000000002457      0x214 freeRTOS/queue.o
 .debug_macro   0x000000000000266b       0x16 freeRTOS/queue.o
 .debug_macro   0x0000000000002681       0x35 freeRTOS/queue.o
 .debug_macro   0x00000000000026b6       0x20 freeRTOS/queue.o
 .debug_macro   0x00000000000026d6      0x271 freeRTOS/tasks.o
 .debug_macro   0x0000000000002947       0x10 freeRTOS/tasks.o
 .debug_macro   0x0000000000002957      0x177 freeRTOS/portable/GCC/ARM_CM3/port.o
 .debug_macro   0x0000000000002ace      0x1a6 freeRTOS/portable/MemMang/heap_4.o

.debug_line     0x0000000000000000     0x3ccc
 .debug_line    0x0000000000000000      0x22b STM32F103_DRIVER/02-MCAL/01-RCC/RCC_program.o
 .debug_line    0x000000000000022b      0x338 STM32F103_DRIVER/02-MCAL/02-GPIO/GPIO_program.o
 .debug_line    0x0000000000000563      0x49b STM32F103_DRIVER/02-MCAL/10-USART/USART_program.o
 .debug_line    0x00000000000009fe      0x621 Src/main.o
 .debug_line    0x000000000000101f       0x84 Startup/startup_stm32f103t6ux.o
 .debug_line    0x00000000000010a3      0x669 freeRTOS/list.o
 .debug_line    0x000000000000170c      0xa2f freeRTOS/queue.o
 .debug_line    0x000000000000213b      0xe82 freeRTOS/tasks.o
 .debug_line    0x0000000000002fbd      0x5e4 freeRTOS/portable/GCC/ARM_CM3/port.o
 .debug_line    0x00000000000035a1      0x72b freeRTOS/portable/MemMang/heap_4.o

.debug_str      0x0000000000000000    0x11020
 .debug_str     0x0000000000000000     0x3d82 STM32F103_DRIVER/02-MCAL/01-RCC/RCC_program.o
                                       0x3dc8 (size before relaxing)
 .debug_str     0x0000000000003d82      0x4cd STM32F103_DRIVER/02-MCAL/02-GPIO/GPIO_program.o
                                       0x3326 (size before relaxing)
 .debug_str     0x000000000000424f      0x7a0 STM32F103_DRIVER/02-MCAL/10-USART/USART_program.o
                                       0x387f (size before relaxing)
 .debug_str     0x00000000000049ef     0x6c1d Src/main.o
                                       0x9de6 (size before relaxing)
 .debug_str     0x000000000000b60c       0x31 Startup/startup_stm32f103t6ux.o
                                         0x6d (size before relaxing)
 .debug_str     0x000000000000b63d     0x3124 freeRTOS/list.o
                                       0xac46 (size before relaxing)
 .debug_str     0x000000000000e761      0x6f4 freeRTOS/queue.o
                                       0xccaf (size before relaxing)
 .debug_str     0x000000000000ee55     0x18c1 freeRTOS/tasks.o
                                       0xd8a6 (size before relaxing)
 .debug_str     0x0000000000010716      0x5fc freeRTOS/portable/GCC/ARM_CM3/port.o
                                       0x939c (size before relaxing)
 .debug_str     0x0000000000010d12      0x30e freeRTOS/portable/MemMang/heap_4.o
                                       0xc0a1 (size before relaxing)

.comment        0x0000000000000000       0x7b
 .comment       0x0000000000000000       0x7b STM32F103_DRIVER/02-MCAL/01-RCC/RCC_program.o
                                         0x7c (size before relaxing)
 .comment       0x000000000000007b       0x7c STM32F103_DRIVER/02-MCAL/02-GPIO/GPIO_program.o
 .comment       0x000000000000007b       0x7c STM32F103_DRIVER/02-MCAL/10-USART/USART_program.o
 .comment       0x000000000000007b       0x7c Src/main.o
 .comment       0x000000000000007b       0x7c freeRTOS/list.o
 .comment       0x000000000000007b       0x7c freeRTOS/queue.o
 .comment       0x000000000000007b       0x7c freeRTOS/tasks.o
 .comment       0x000000000000007b       0x7c freeRTOS/portable/GCC/ARM_CM3/port.o
 .comment       0x000000000000007b       0x7c freeRTOS/portable/MemMang/heap_4.o

.debug_frame    0x0000000000000000     0x11b4
 .debug_frame   0x0000000000000000       0x80 STM32F103_DRIVER/02-MCAL/01-RCC/RCC_program.o
 .debug_frame   0x0000000000000080      0x128 STM32F103_DRIVER/02-MCAL/02-GPIO/GPIO_program.o
 .debug_frame   0x00000000000001a8      0x1e4 STM32F103_DRIVER/02-MCAL/10-USART/USART_program.o
 .debug_frame   0x000000000000038c       0x70 Src/main.o
 .debug_frame   0x00000000000003fc       0xd8 freeRTOS/list.o
 .debug_frame   0x00000000000004d4      0x33c freeRTOS/queue.o
 .debug_frame   0x0000000000000810      0x6a4 freeRTOS/tasks.o
 .debug_frame   0x0000000000000eb4      0x160 freeRTOS/portable/GCC/ARM_CM3/port.o
 .debug_frame   0x0000000000001014      0x12c freeRTOS/portable/MemMang/heap_4.o
 .debug_frame   0x0000000000001140       0x2c c:/st/stm32cubeide_1.4.0/stm32cubeide/plugins/com.st.stm32cube.ide.mcu.externaltools.gnu-tools-for-stm32.7-2018-q2-update.win32_1.4.0.202007081208/tools/bin/../lib/gcc/arm-none-eabi/7.3.1/../../../../arm-none-eabi/lib/thumb/v7-m\libc_nano.a(lib_a-init.o)
 .debug_frame   0x000000000000116c       0x28 c:/st/stm32cubeide_1.4.0/stm32cubeide/plugins/com.st.stm32cube.ide.mcu.externaltools.gnu-tools-for-stm32.7-2018-q2-update.win32_1.4.0.202007081208/tools/bin/../lib/gcc/arm-none-eabi/7.3.1/../../../../arm-none-eabi/lib/thumb/v7-m\libc_nano.a(lib_a-memcpy-stub.o)
 .debug_frame   0x0000000000001194       0x20 c:/st/stm32cubeide_1.4.0/stm32cubeide/plugins/com.st.stm32cube.ide.mcu.externaltools.gnu-tools-for-stm32.7-2018-q2-update.win32_1.4.0.202007081208/tools/bin/../lib/gcc/arm-none-eabi/7.3.1/../../../../arm-none-eabi/lib/thumb/v7-m\libc_nano.a(lib_a-memset.o)
